Archive member included because of file (symbol)

c:/altera/13.0sp1/nios2eds/bin/gnu/h-i686-mingw32/bin/../lib/gcc/nios2-elf/4.1.2\libgcc.a(_addsub_sf.o)
                              obj/default/Source/Ball.o (__addsf3)
c:/altera/13.0sp1/nios2eds/bin/gnu/h-i686-mingw32/bin/../lib/gcc/nios2-elf/4.1.2\libgcc.a(_gt_sf.o)
                              obj/default/Source/Ball.o (__gtsf2)
c:/altera/13.0sp1/nios2eds/bin/gnu/h-i686-mingw32/bin/../lib/gcc/nios2-elf/4.1.2\libgcc.a(_lt_sf.o)
                              obj/default/Source/Ball.o (__ltsf2)
c:/altera/13.0sp1/nios2eds/bin/gnu/h-i686-mingw32/bin/../lib/gcc/nios2-elf/4.1.2\libgcc.a(_si_to_sf.o)
                              obj/default/Source/Ball.o (__floatsisf)
c:/altera/13.0sp1/nios2eds/bin/gnu/h-i686-mingw32/bin/../lib/gcc/nios2-elf/4.1.2\libgcc.a(_thenan_sf.o)
                              c:/altera/13.0sp1/nios2eds/bin/gnu/h-i686-mingw32/bin/../lib/gcc/nios2-elf/4.1.2\libgcc.a(_addsub_sf.o) (__thenan_sf)
c:/altera/13.0sp1/nios2eds/bin/gnu/h-i686-mingw32/bin/../lib/gcc/nios2-elf/4.1.2\libgcc.a(_clzsi2.o)
                              c:/altera/13.0sp1/nios2eds/bin/gnu/h-i686-mingw32/bin/../lib/gcc/nios2-elf/4.1.2\libgcc.a(_si_to_sf.o) (__clzsi2)
c:/altera/13.0sp1/nios2eds/bin/gnu/h-i686-mingw32/bin/../lib/gcc/nios2-elf/4.1.2\libgcc.a(_pack_sf.o)
                              c:/altera/13.0sp1/nios2eds/bin/gnu/h-i686-mingw32/bin/../lib/gcc/nios2-elf/4.1.2\libgcc.a(_addsub_sf.o) (__pack_f)
c:/altera/13.0sp1/nios2eds/bin/gnu/h-i686-mingw32/bin/../lib/gcc/nios2-elf/4.1.2\libgcc.a(_unpack_sf.o)
                              c:/altera/13.0sp1/nios2eds/bin/gnu/h-i686-mingw32/bin/../lib/gcc/nios2-elf/4.1.2\libgcc.a(_addsub_sf.o) (__unpack_f)
c:/altera/13.0sp1/nios2eds/bin/gnu/h-i686-mingw32/bin/../lib/gcc/nios2-elf/4.1.2\libgcc.a(_fpcmp_parts_sf.o)
                              c:/altera/13.0sp1/nios2eds/bin/gnu/h-i686-mingw32/bin/../lib/gcc/nios2-elf/4.1.2\libgcc.a(_gt_sf.o) (__fpcmp_parts_f)
c:/altera/13.0sp1/nios2eds/bin/gnu/h-i686-mingw32/bin/../lib/gcc/nios2-elf/4.1.2\libgcc.a(_clz.o)
                              c:/altera/13.0sp1/nios2eds/bin/gnu/h-i686-mingw32/bin/../lib/gcc/nios2-elf/4.1.2\libgcc.a(_clzsi2.o) (__clz_tab)
c:/altera/13.0sp1/nios2eds/bin/gnu/h-i686-mingw32/bin/../lib/gcc/nios2-elf/4.1.2/../../../../nios2-elf/lib\libc.a(lib_a-puts.o)
                              obj/default/entryPoint.o (puts)
c:/altera/13.0sp1/nios2eds/bin/gnu/h-i686-mingw32/bin/../lib/gcc/nios2-elf/4.1.2/../../../../nios2-elf/lib\libc.a(lib_a-strlen.o)
                              c:/altera/13.0sp1/nios2eds/bin/gnu/h-i686-mingw32/bin/../lib/gcc/nios2-elf/4.1.2/../../../../nios2-elf/lib\libc.a(lib_a-puts.o) (strlen)
c:/altera/13.0sp1/nios2eds/bin/gnu/h-i686-mingw32/bin/../lib/gcc/nios2-elf/4.1.2/../../../../nios2-elf/lib\libc.a(lib_a-fvwrite.o)
                              c:/altera/13.0sp1/nios2eds/bin/gnu/h-i686-mingw32/bin/../lib/gcc/nios2-elf/4.1.2/../../../../nios2-elf/lib\libc.a(lib_a-puts.o) (__sfvwrite_r)
c:/altera/13.0sp1/nios2eds/bin/gnu/h-i686-mingw32/bin/../lib/gcc/nios2-elf/4.1.2/../../../../nios2-elf/lib\libc.a(lib_a-impure.o)
                              c:/altera/13.0sp1/nios2eds/bin/gnu/h-i686-mingw32/bin/../lib/gcc/nios2-elf/4.1.2/../../../../nios2-elf/lib\libc.a(lib_a-puts.o) (_impure_ptr)
c:/altera/13.0sp1/nios2eds/bin/gnu/h-i686-mingw32/bin/../lib/gcc/nios2-elf/4.1.2/../../../../nios2-elf/lib\libc.a(lib_a-mallocr.o)
                              c:/altera/13.0sp1/nios2eds/bin/gnu/h-i686-mingw32/bin/../lib/gcc/nios2-elf/4.1.2/../../../../nios2-elf/lib\libc.a(lib_a-fvwrite.o) (_malloc_r)
c:/altera/13.0sp1/nios2eds/bin/gnu/h-i686-mingw32/bin/../lib/gcc/nios2-elf/4.1.2/../../../../nios2-elf/lib\libc.a(lib_a-memchr.o)
                              c:/altera/13.0sp1/nios2eds/bin/gnu/h-i686-mingw32/bin/../lib/gcc/nios2-elf/4.1.2/../../../../nios2-elf/lib\libc.a(lib_a-fvwrite.o) (memchr)
c:/altera/13.0sp1/nios2eds/bin/gnu/h-i686-mingw32/bin/../lib/gcc/nios2-elf/4.1.2/../../../../nios2-elf/lib\libc.a(lib_a-memcpy.o)
                              c:/altera/13.0sp1/nios2eds/bin/gnu/h-i686-mingw32/bin/../lib/gcc/nios2-elf/4.1.2/../../../../nios2-elf/lib\libc.a(lib_a-fvwrite.o) (memcpy)
c:/altera/13.0sp1/nios2eds/bin/gnu/h-i686-mingw32/bin/../lib/gcc/nios2-elf/4.1.2/../../../../nios2-elf/lib\libc.a(lib_a-memmove.o)
                              c:/altera/13.0sp1/nios2eds/bin/gnu/h-i686-mingw32/bin/../lib/gcc/nios2-elf/4.1.2/../../../../nios2-elf/lib\libc.a(lib_a-fvwrite.o) (memmove)
c:/altera/13.0sp1/nios2eds/bin/gnu/h-i686-mingw32/bin/../lib/gcc/nios2-elf/4.1.2/../../../../nios2-elf/lib\libc.a(lib_a-reallocr.o)
                              c:/altera/13.0sp1/nios2eds/bin/gnu/h-i686-mingw32/bin/../lib/gcc/nios2-elf/4.1.2/../../../../nios2-elf/lib\libc.a(lib_a-fvwrite.o) (_realloc_r)
c:/altera/13.0sp1/nios2eds/bin/gnu/h-i686-mingw32/bin/../lib/gcc/nios2-elf/4.1.2/../../../../nios2-elf/lib\libc.a(lib_a-sbrkr.o)
[...]
Memory Configuration

Name             Origin             Length             Attributes
onchip_memory2_0 0x00000000         0x00001000
reset            0x01000000         0x00000020
sdram            0x01000020         0x007fffe0
*default*        0x00000000         0xffffffff

Linker script and memory map

LOAD ../Module1Code_bsp//obj/HAL/src/crt0.o
LOAD obj/default/Source/Ball.o
LOAD obj/default/Source/Paddle.o
LOAD obj/default/entryPoint.o
LOAD c:/altera/13.0sp1/nios2eds/bin/gnu/h-i686-mingw32/bin/../lib/gcc/nios2-elf/4.1.2/../../../../nios2-elf/lib\libstdc++.a
LOAD c:/altera/13.0sp1/nios2eds/bin/gnu/h-i686-mingw32/bin/../lib/gcc/nios2-elf/4.1.2/../../../../nios2-elf/lib\libm.a
LOAD c:/altera/13.0sp1/nios2eds/bin/gnu/h-i686-mingw32/bin/../lib/gcc/nios2-elf/4.1.2\libgcc.a
START GROUP
LOAD c:/altera/13.0sp1/nios2eds/bin/gnu/h-i686-mingw32/bin/../lib/gcc/nios2-elf/4.1.2/../../../../nios2-elf/lib\libc.a
LOAD c:/altera/13.0sp1/nios2eds/bin/gnu/h-i686-mingw32/bin/../lib/gcc/nios2-elf/4.1.2\libgcc.a
LOAD ../Module1Code_bsp/\libhal_bsp.a
END GROUP
LOAD c:/altera/13.0sp1/nios2eds/bin/gnu/h-i686-mingw32/bin/../lib/gcc/nios2-elf/4.1.2\libgcc.a
                0x00000000                __alt_mem_onchip_memory2_0 = 0x0
                0x01000000                __alt_mem_sdram = 0x1000000

.entry          0x01000000       0x20
 *(.entry)
 .entry         0x01000000       0x20 ../Module1Code_bsp//obj/HAL/src/crt0.o
                0x01000000                __reset

.exceptions     0x01000020      0x194
                0x01000020                PROVIDE (__ram_exceptions_start, ABSOLUTE (.))
                0x01000020                . = ALIGN (0x20)
 *(.irq)
 *(.exceptions.entry.label)
 .exceptions.entry.label
                0x01000020        0x0 ../Module1Code_bsp/\libhal_bsp.a(alt_irq_entry.o)
                0x01000020                alt_irq_entry
 .exceptions.entry.label
                0x01000020        0x0 ../Module1Code_bsp/\libhal_bsp.a(alt_exception_entry.o)
                0x01000020                alt_exception
 *(.exceptions.entry.user)
 *(.exceptions.entry)
 .exceptions.entry
                0x01000020       0x54 ../Module1Code_bsp/\libhal_bsp.a(alt_exception_entry.o)
 *(.exceptions.irqtest.user)
 *(.exceptions.irqtest)
 .exceptions.irqtest
                0x01000074       0x10 ../Module1Code_bsp/\libhal_bsp.a(alt_irq_entry.o)
 *(.exceptions.irqhandler.user)
 *(.exceptions.irqhandler)
 .exceptions.irqhandler
                0x01000084        0x4 ../Module1Code_bsp/\libhal_bsp.a(alt_irq_entry.o)
 *(.exceptions.irqreturn.user)
 *(.exceptions.irqreturn)
 .exceptions.irqreturn
                0x01000088        0x4 ../Module1Code_bsp/\libhal_bsp.a(alt_irq_entry.o)
 *(.exceptions.notirq.label)
 .exceptions.notirq.label
                0x0100008c        0x0 ../Module1Code_bsp/\libhal_bsp.a(alt_irq_entry.o)
 *(.exceptions.notirq.user)
 *(.exceptions.notirq)
 .exceptions.notirq
                0x0100008c        0x8 ../Module1Code_bsp/\libhal_bsp.a(alt_exception_entry.o)
 *(.exceptions.soft.user)
 *(.exceptions.soft)
 *(.exceptions.unknown.user)
 *(.exceptions.unknown)
 .exceptions.unknown
                0x01000094        0x4 ../Module1Code_bsp/\libhal_bsp.a(alt_exception_entry.o)
 *(.exceptions.exit.label)
 .exceptions.exit.label
                0x01000098        0x0 ../Module1Code_bsp/\libhal_bsp.a(alt_irq_entry.o)
 .exceptions.exit.label
                0x01000098        0x0 ../Module1Code_bsp/\libhal_bsp.a(alt_exception_entry.o)
 *(.exceptions.exit.user)
 *(.exceptions.exit)
 .exceptions.exit
                0x01000098       0x54 ../Module1Code_bsp/\libhal_bsp.a(alt_exception_entry.o)
 *(.exceptions)
 .exceptions    0x010000ec       0xc8 ../Module1Code_bsp/\libhal_bsp.a(alt_irq_handler.o)
                0x010000ec                alt_irq_handler
                0x010001b4                PROVIDE (__ram_exceptions_end, ABSOLUTE (.))
                0x01000020                PROVIDE (__flash_exceptions_start, LOADADDR (.exceptions))

.text           0x010001b4     0x63c0
                0x010001b4                PROVIDE (stext, ABSOLUTE (.))
 *(.interp)
 *(.hash)
 *(.dynsym)
 *(.dynstr)
 *(.gnu.version)
 *(.gnu.version_d)
 *(.gnu.version_r)
 *(.rel.init)
 *(.rela.init)
 *(.rel.text .rel.text.* .rel.gnu.linkonce.t.*)
 *(.rela.text .rela.text.* .rela.gnu.linkonce.t.*)
 *(.rel.fini)
 *(.rela.fini)
 *(.rel.rodata .rel.rodata.* .rel.gnu.linkonce.r.*)
 *(.rela.rodata .rela.rodata.* .rela.gnu.linkonce.r.*)
 *(.rel.data .rel.data.* .rel.gnu.linkonce.d.*)
 *(.rela.data .rela.data.* .rela.gnu.linkonce.d.*)
 *(.rel.tdata .rel.tdata.* .rel.gnu.linkonce.td.*)
 *(.rela.tdata .rela.tdata.* .rela.gnu.linkonce.td.*)
 *(.rel.tbss .rel.tbss.* .rel.gnu.linkonce.tb.*)
 *(.rela.tbss .rela.tbss.* .rela.gnu.linkonce.tb.*)
 *(.rel.ctors)
 *(.rela.ctors)
 *(.rel.dtors)
 *(.rela.dtors)
 *(.rel.got)
 *(.rela.got)
 *(.rel.sdata .rel.sdata.* .rel.gnu.linkonce.s.*)
 *(.rela.sdata .rela.sdata.* .rela.gnu.linkonce.s.*)
 *(.rel.sbss .rel.sbss.* .rel.gnu.linkonce.sb.*)
 *(.rela.sbss .rela.sbss.* .rela.gnu.linkonce.sb.*)
 *(.rel.sdata2 .rel.sdata2.* .rel.gnu.linkonce.s2.*)
 *(.rela.sdata2 .rela.sdata2.* .rela.gnu.linkonce.s2.*)
 *(.rel.sbss2 .rel.sbss2.* .rel.gnu.linkonce.sb2.*)
 *(.rela.sbss2 .rela.sbss2.* .rela.gnu.linkonce.sb2.*)
 *(.rel.bss .rel.bss.* .rel.gnu.linkonce.b.*)
 *(.rela.bss .rela.bss.* .rela.gnu.linkonce.b.*)
 *(.rel.plt)
 *(.rela.plt)
 *(.rel.dyn)
 *(.init)
 *(.plt)
 *(.text .stub .text.* .gnu.linkonce.t.*)
 .text          0x010001b4       0x4c ../Module1Code_bsp//obj/HAL/src/crt0.o
                0x010001b4                _start
 .text          0x01000200      0x1dc obj/default/Source/Ball.o
                0x01000200                startBall
                0x0100026c                updatePosition
 .text          0x010003dc       0xd8 obj/default/Source/Paddle.o
                0x010003dc                initPaddle
                0x01000428                moveHorizontal
 .text          0x010004b4       0x34 obj/default/entryPoint.o
                0x010004b4                main
 .text          0x010004e8      0x2b8 c:/altera/13.0sp1/nios2eds/bin/gnu/h-i686-mingw32/bin/../lib/gcc/nios2-elf/4.1.2\libgcc.a(_addsub_sf.o)
                0x010006cc                __subsf3
                0x0100073c                __addsf3
 .text          0x010007a0       0x78 c:/altera/13.0sp1/nios2eds/bin/gnu/h-i686-mingw32/bin/../lib/gcc/nios2-elf/4.1.2\libgcc.a(_gt_sf.o)
                0x010007a0                __gtsf2
 .text          0x01000818       0x78 c:/altera/13.0sp1/nios2eds/bin/gnu/h-i686-mingw32/bin/../lib/gcc/nios2-elf/4.1.2\libgcc.a(_lt_sf.o)
                0x01000818                __ltsf2
 .text          0x01000890       0x98 c:/altera/13.0sp1/nios2eds/bin/gnu/h-i686-mingw32/bin/../lib/gcc/nios2-elf/4.1.2\libgcc.a(_si_to_sf.o)
                0x01000890                __floatsisf
 .text          0x01000928        0x0 c:/altera/13.0sp1/nios2eds/bin/gnu/h-i686-mingw32/bin/../lib/gcc/nios2-elf/4.1.2\libgcc.a(_thenan_sf.o)
 .text          0x01000928       0x80 c:/altera/13.0sp1/nios2eds/bin/gnu/h-i686-mingw32/bin/../lib/gcc/nios2-elf/4.1.2\libgcc.a(_clzsi2.o)
                0x01000928                __clzsi2
 .text          0x010009a8      0x160 c:/altera/13.0sp1/nios2eds/bin/gnu/h-i686-mingw32/bin/../lib/gcc/nios2-elf/4.1.2\libgcc.a(_pack_sf.o)
                0x010009a8                __pack_f
 .text          0x01000b08       0xc8 c:/altera/13.0sp1/nios2eds/bin/gnu/h-i686-mingw32/bin/../lib/gcc/nios2-elf/4.1.2\libgcc.a(_unpack_sf.o)
                0x01000b08                __unpack_f
 .text          0x01000bd0       0xa8 c:/altera/13.0sp1/nios2eds/bin/gnu/h-i686-mingw32/bin/../lib/gcc/nios2-elf/4.1.2\libgcc.a(_fpcmp_parts_sf.o)
                0x01000bd0                __fpcmp_parts_f
 .text          0x01000c78        0x0 c:/altera/13.0sp1/nios2eds/bin/gnu/h-i686-mingw32/bin/../lib/gcc/nios2-elf/4.1.2\libgcc.a(_clz.o)
 .text          0x01000c78       0xb4 c:/altera/13.0sp1/nios2eds/bin/gnu/h-i686-mingw32/bin/../lib/gcc/nios2-elf/4.1.2/../../../../nios2-elf/lib\libc.a(lib_a-puts.o)
                0x01000c78                _puts_r
                0x01000d18                puts
 .text          0x01000d2c       0x74 c:/altera/13.0sp1/nios2eds/bin/gnu/h-i686-mingw32/bin/../lib/gcc/nios2-elf/4.1.2/../../../../nios2-elf/lib\libc.a(lib_a-strlen.o)
                0x01000d2c                strlen
 .text          0x01000da0      0x49c c:/altera/13.0sp1/nios2eds/bin/gnu/h-i686-mingw32/bin/../lib/gcc/nios2-elf/4.1.2/../../../../nios2-elf/lib\libc.a(lib_a-fvwrite.o)
                0x01000da0                __sfvwrite_r
 .text          0x0100123c        0x0 c:/altera/13.0sp1/nios2eds/bin/gnu/h-i686-mingw32/bin/../lib/gcc/nios2-elf/4.1.2/../../../../nios2-elf/lib\libc.a(lib_a-impure.o)
 .text          0x0100123c      0x740 c:/altera/13.0sp1/nios2eds/bin/gnu/h-i686-mingw32/bin/../lib/gcc/nios2-elf/4.1.2/../../../../nios2-elf/lib\libc.a(lib_a-mallocr.o)
                0x0100123c                _malloc_r
 .text          0x0100197c       0xe4 c:/altera/13.0sp1/nios2eds/bin/gnu/h-i686-mingw32/bin/../lib/gcc/nios2-elf/4.1.2/../../../../nios2-elf/lib\libc.a(lib_a-memchr.o)
                0x0100197c                memchr
 .text          0x01001a60       0xa0 c:/altera/13.0sp1/nios2eds/bin/gnu/h-i686-mingw32/bin/../lib/gcc/nios2-elf/4.1.2/../../../../nios2-elf/lib\libc.a(lib_a-memcpy.o)
                0x01001a60                memcpy
 .text          0x01001b00       0xe0 c:/altera/13.0sp1/nios2eds/bin/gnu/h-i686-mingw32/bin/../lib/gcc/nios2-elf/4.1.2/../../../../nios2-elf/lib\libc.a(lib_a-memmove.o)
                0x01001b00                memmove
 .text          0x01001be0      0x5f4 c:/altera/13.0sp1/nios2eds/bin/gnu/h-i686-mingw32/bin/../lib/gcc/nios2-elf/4.1.2/../../../../nios2-elf/lib\libc.a(lib_a-reallocr.o)
                0x01001be0                _realloc_r
 .text          0x010021d4       0x70 c:/altera/13.0sp1/nios2eds/bin/gnu/h-i686-mingw32/bin/../lib/gcc/nios2-elf/4.1.2/../../../../nios2-elf/lib\libc.a(lib_a-sbrkr.o)
                0x010021d4                _sbrk_r
 .text          0x01002244      0x13c c:/altera/13.0sp1/nios2eds/bin/gnu/h-i686-mingw32/bin/../lib/gcc/nios2-elf/4.1.2/../../../../nios2-elf/lib\libc.a(lib_a-wsetup.o)
                0x01002244                __swsetup_r
 .text          0x01002380      0x230 c:/altera/13.0sp1/nios2eds/bin/gnu/h-i686-mingw32/bin/../lib/gcc/nios2-elf/4.1.2/../../../../nios2-elf/lib\libc.a(lib_a-fflush.o)
                0x01002380                _fflush_r
                0x0100257c                fflush
 .text          0x010025b0      0x2c0 c:/altera/13.0sp1/nios2eds/bin/gnu/h-i686-mingw32/bin/../lib/gcc/nios2-elf/4.1.2/../../../../nios2-elf/lib\libc.a(lib_a-findfp.o)
                0x01002608                __sfp_lock_acquire
                0x0100260c                __sfp_lock_release
                0x01002610                __sinit_lock_acquire
                0x01002614                __sinit_lock_release
                0x01002618                __sinit
                0x010026cc                __fp_unlock_all
                0x010026e4                __fp_lock_all
                0x010026fc                _cleanup_r
                0x01002708                _cleanup
                0x01002718                __sfmoreglue
                0x01002780                __sfp
 .text          0x01002870      0x440 c:/altera/13.0sp1/nios2eds/bin/gnu/h-i686-mingw32/bin/../lib/gcc/nios2-elf/4.1.2/../../../../nios2-elf/lib\libc.a(lib_a-freer.o)
                0x01002870                _malloc_trim_r
                0x0100299c                _free_r
 .text          0x01002cb0      0x180 c:/altera/13.0sp1/nios2eds/bin/gnu/h-i686-mingw32/bin/../lib/gcc/nios2-elf/4.1.2/../../../../nios2-elf/lib\libc.a(lib_a-fwalk.o)
                0x01002cb0                _fwalk_reent
                0x01002d78                _fwalk
 .text          0x01002e30        0x0 c:/altera/13.0sp1/nios2eds/bin/gnu/h-i686-mingw32/bin/../lib/gcc/nios2-elf/4.1.2/../../../../nios2-elf/lib\libc.a(lib_a-int_errno.o)
 .text          0x01002e30      0x194 c:/altera/13.0sp1/nios2eds/bin/gnu/h-i686-mingw32/bin/../lib/gcc/nios2-elf/4.1.2/../../../../nios2-elf/lib\libc.a(lib_a-makebuf.o)
                0x01002e30                __smakebuf_r
 .text          0x01002fc4       0x98 c:/altera/13.0sp1/nios2eds/bin/gnu/h-i686-mingw32/bin/../lib/gcc/nios2-elf/4.1.2/../../../../nios2-elf/lib\libc.a(lib_a-memset.o)
                0x01002fc4                memset
 .text          0x0100305c      0x14c c:/altera/13.0sp1/nios2eds/bin/gnu/h-i686-mingw32/bin/../lib/gcc/nios2-elf/4.1.2/../../../../nios2-elf/lib\libc.a(lib_a-stdio.o)
                0x0100305c                __sclose
                0x01003064                __sseek
                0x010030cc                __swrite
                0x01003148                __sread
 .text          0x010031a8       0x78 c:/altera/13.0sp1/nios2eds/bin/gnu/h-i686-mingw32/bin/../lib/gcc/nios2-elf/4.1.2/../../../../nios2-elf/lib\libc.a(lib_a-writer.o)
                0x010031a8                _write_r
 .text          0x01003220       0x70 c:/altera/13.0sp1/nios2eds/bin/gnu/h-i686-mingw32/bin/../lib/gcc/nios2-elf/4.1.2/../../../../nios2-elf/lib\libc.a(lib_a-closer.o)
                0x01003220                _close_r
 .text          0x01003290      0x124 c:/altera/13.0sp1/nios2eds/bin/gnu/h-i686-mingw32/bin/../lib/gcc/nios2-elf/4.1.2/../../../../nios2-elf/lib\libc.a(lib_a-fclose.o)
                0x01003290                _fclose_r
                0x010033a0                fclose
 .text          0x010033b4       0x74 c:/altera/13.0sp1/nios2eds/bin/gnu/h-i686-mingw32/bin/../lib/gcc/nios2-elf/4.1.2/../../../../nios2-elf/lib\libc.a(lib_a-fstatr.o)
                0x010033b4                _fstat_r
 .text          0x01003428       0x70 c:/altera/13.0sp1/nios2eds/bin/gnu/h-i686-mingw32/bin/../lib/gcc/nios2-elf/4.1.2/../../../../nios2-elf/lib\libc.a(lib_a-isattyr.o)
                0x01003428                _isatty_r
 .text          0x01003498       0x78 c:/altera/13.0sp1/nios2eds/bin/gnu/h-i686-mingw32/bin/../lib/gcc/nios2-elf/4.1.2/../../../../nios2-elf/lib\libc.a(lib_a-lseekr.o)
                0x01003498                _lseek_r
 .text          0x01003510       0x78 c:/altera/13.0sp1/nios2eds/bin/gnu/h-i686-mingw32/bin/../lib/gcc/nios2-elf/4.1.2/../../../../nios2-elf/lib\libc.a(lib_a-readr.o)
                0x01003510                _read_r
 .text          0x01003588      0x15c ../Module1Code_bsp/\libhal_bsp.a(alt_close.o)
                0x01003588                close
 .text          0x010036e4       0x2c ../Module1Code_bsp/\libhal_bsp.a(alt_dev.o)
 .text          0x01003710        0x0 ../Module1Code_bsp/\libhal_bsp.a(alt_errno.o)
 .text          0x01003710      0x134 ../Module1Code_bsp/\libhal_bsp.a(alt_fstat.o)
                0x01003710                fstat
 .text          0x01003844      0x120 ../Module1Code_bsp/\libhal_bsp.a(alt_isatty.o)
                0x01003844                isatty
 .text          0x01003964       0xec ../Module1Code_bsp/\libhal_bsp.a(alt_load.o)
                0x01003964                alt_load
 .text          0x01003a50      0x150 ../Module1Code_bsp/\libhal_bsp.a(alt_lseek.o)
                0x01003a50                lseek
 .text          0x01003ba0       0x6c ../Module1Code_bsp/\libhal_bsp.a(alt_main.o)
                0x01003ba0                alt_main
 .text          0x01003c0c       0x40 ../Module1Code_bsp/\libhal_bsp.a(alt_malloc_lock.o)
                0x01003c0c                __malloc_lock
                0x01003c2c                __malloc_unlock
 .text          0x01003c4c      0x180 ../Module1Code_bsp/\libhal_bsp.a(alt_read.o)
                0x01003c4c                read
 .text          0x01003dcc       0x60 ../Module1Code_bsp/\libhal_bsp.a(alt_release_fd.o)
                0x01003dcc                alt_release_fd
 .text          0x01003e2c       0xbc ../Module1Code_bsp/\libhal_bsp.a(alt_sbrk.o)
                0x01003e2c                sbrk
 .text          0x01003ee8      0x180 ../Module1Code_bsp/\libhal_bsp.a(alt_write.o)
                0x01003ee8                write
 .text          0x01004068      0x364 ../Module1Code_bsp/\libhal_bsp.a(alt_sys_init.o)
                0x01004068                alt_irq_init
                0x0100409c                alt_sys_init
 .text          0x010043cc      0x148 ../Module1Code_bsp/\libhal_bsp.a(altera_avalon_jtag_uart_fd.o)
                0x010043cc                altera_avalon_jtag_uart_read_fd
                0x01004424                altera_avalon_jtag_uart_write_fd
                0x0100447c                altera_avalon_jtag_uart_close_fd
                0x010044c4                altera_avalon_jtag_uart_ioctl_fd
 .text          0x01004514      0x40c ../Module1Code_bsp/\libhal_bsp.a(altera_avalon_jtag_uart_init.o)
                0x01004514                altera_avalon_jtag_uart_init
                0x010048ac                altera_avalon_jtag_uart_close
 .text          0x01004920       0xf4 ../Module1Code_bsp/\libhal_bsp.a(altera_avalon_jtag_uart_ioctl.o)
                0x01004920                altera_avalon_jtag_uart_ioctl
 .text          0x01004a14      0x224 ../Module1Code_bsp/\libhal_bsp.a(altera_avalon_jtag_uart_read.o)
                0x01004a14                altera_avalon_jtag_uart_read
 .text          0x01004c38      0x240 ../Module1Code_bsp/\libhal_bsp.a(altera_avalon_jtag_uart_write.o)
                0x01004c38                altera_avalon_jtag_uart_write
 .text          0x01004e78      0x304 ../Module1Code_bsp/\libhal_bsp.a(altera_up_avalon_video_character_buffer_with_dma.o)
                0x01004e78                alt_up_char_buffer_init
                0x01004efc                alt_up_char_buffer_open_dev
                0x01004f3c                alt_up_char_buffer_draw
                0x0100500c                alt_up_char_buffer_string
                0x01005120                alt_up_char_buffer_clear
 .text          0x0100517c      0x154 ../Module1Code_bsp/\libhal_bsp.a(alt_alarm_start.o)
                0x0100517c                alt_alarm_start
 .text          0x010052d0       0x44 ../Module1Code_bsp/\libhal_bsp.a(alt_dcache_flush_all.o)
                0x010052d0                alt_dcache_flush_all
 .text          0x01005314      0x114 ../Module1Code_bsp/\libhal_bsp.a(alt_dev_llist_insert.o)
                0x01005314                alt_dev_llist_insert
 .text          0x01005428       0x64 ../Module1Code_bsp/\libhal_bsp.a(alt_do_ctors.o)
                0x01005428                _do_ctors
 .text          0x0100548c       0x64 ../Module1Code_bsp/\libhal_bsp.a(alt_do_dtors.o)
                0x0100548c                _do_dtors
 .text          0x010054f0       0x94 ../Module1Code_bsp/\libhal_bsp.a(alt_find_dev.o)
                0x010054f0                alt_find_dev
 .text          0x01005584       0x30 ../Module1Code_bsp/\libhal_bsp.a(alt_icache_flush_all.o)
                0x01005584                alt_icache_flush_all
 .text          0x010055b4      0x1d4 ../Module1Code_bsp/\libhal_bsp.a(alt_iic.o)
                0x010055b4                alt_ic_isr_register
                0x01005604                alt_ic_irq_enable
                0x010056a0                alt_ic_irq_disable
                0x01005740                alt_ic_irq_enabled
 .text          0x01005788       0xf8 ../Module1Code_bsp/\libhal_bsp.a(alt_iic_isr_register.o)
                0x01005788                alt_iic_isr_register
 .text          0x01005880      0x13c ../Module1Code_bsp/\libhal_bsp.a(alt_io_redirect.o)
                0x01005944                alt_io_redirect
 .text          0x010059bc        0x0 ../Module1Code_bsp/\libhal_bsp.a(alt_irq_entry.o)
 .text          0x010059bc        0x0 ../Module1Code_bsp/\libhal_bsp.a(alt_irq_handler.o)
 .text          0x010059bc        0x0 ../Module1Code_bsp/\libhal_bsp.a(alt_irq_vars.o)
 .text          0x010059bc      0x2c4 ../Module1Code_bsp/\libhal_bsp.a(alt_open.o)
                0x01005a98                open
 .text          0x01005c80      0x1a4 ../Module1Code_bsp/\libhal_bsp.a(alt_tick.o)
                0x01005c80                alt_alarm_stop
                0x01005d18                alt_tick
 .text          0x01005e24       0x20 ../Module1Code_bsp/\libhal_bsp.a(altera_nios2_qsys_irq.o)
                0x01005e24                altera_nios2_qsys_irq_init
 .text          0x01005e44        0x0 ../Module1Code_bsp/\libhal_bsp.a(alt_exception_entry.o)
 .text          0x01005e44      0x120 ../Module1Code_bsp/\libhal_bsp.a(alt_find_file.o)
                0x01005e44                alt_find_file
 .text          0x01005f64       0xb8 ../Module1Code_bsp/\libhal_bsp.a(alt_get_fd.o)
                0x01005f64                alt_get_fd
 .text          0x0100601c       0x90 ../Module1Code_bsp/\libhal_bsp.a(alt_icache_flush.o)
                0x0100601c                alt_icache_flush
 .text          0x010060ac       0x14 c:/altera/13.0sp1/nios2eds/bin/gnu/h-i686-mingw32/bin/../lib/gcc/nios2-elf/4.1.2/../../../../nios2-elf/lib\libc.a(lib_a-atexit.o)
                0x010060ac                atexit
 .text          0x010060c0       0x38 c:/altera/13.0sp1/nios2eds/bin/gnu/h-i686-mingw32/bin/../lib/gcc/nios2-elf/4.1.2/../../../../nios2-elf/lib\libc.a(lib_a-exit.o)
                0x010060c0                exit
 .text          0x010060f8       0x74 c:/altera/13.0sp1/nios2eds/bin/gnu/h-i686-mingw32/bin/../lib/gcc/nios2-elf/4.1.2/../../../../nios2-elf/lib\libc.a(lib_a-memcmp.o)
                0x010060f8                memcmp
 .text          0x0100616c       0xbc c:/altera/13.0sp1/nios2eds/bin/gnu/h-i686-mingw32/bin/../lib/gcc/nios2-elf/4.1.2/../../../../nios2-elf/lib\libc.a(lib_a-strcmp.o)
                0x0100616c                strcmp
 .text          0x01006228      0x134 c:/altera/13.0sp1/nios2eds/bin/gnu/h-i686-mingw32/bin/../lib/gcc/nios2-elf/4.1.2/../../../../nios2-elf/lib\libc.a(lib_a-__atexit.o)
                0x01006228                __register_exitproc
 .text          0x0100635c      0x1b4 c:/altera/13.0sp1/nios2eds/bin/gnu/h-i686-mingw32/bin/../lib/gcc/nios2-elf/4.1.2/../../../../nios2-elf/lib\libc.a(lib_a-__call_atexit.o)
                0x01006360                __call_exitprocs
 .text          0x01006510       0x60 ../Module1Code_bsp/\libhal_bsp.a(alt_exit.o)
                0x01006550                _exit
 *(.gnu.warning.*)
 *(.fini)
                0x01006570                PROVIDE (__etext, ABSOLUTE (.))
                0x01006570                PROVIDE (_etext, ABSOLUTE (.))
                0x01006570                PROVIDE (etext, ABSOLUTE (.))
 *(.eh_frame_hdr)
                0x01006570                . = ALIGN (0x4)
                0x01006570                PROVIDE (__preinit_array_start, ABSOLUTE (.))
 *(.preinit_array)
                0x01006570                PROVIDE (__preinit_array_end, ABSOLUTE (.))
                0x01006570                PROVIDE (__init_array_start, ABSOLUTE (.))
 *(.init_array)
                0x01006570                PROVIDE (__init_array_end, ABSOLUTE (.))
                0x01006570                PROVIDE (__fini_array_start, ABSOLUTE (.))
 *(.fini_array)
                0x01006570                PROVIDE (__fini_array_end, ABSOLUTE (.))
 *(.eh_frame)
 *(.gcc_except_table)
 *(.dynamic)
                0x01006570                PROVIDE (__CTOR_LIST__, ABSOLUTE (.))
 *(.ctors)
 *(SORT(.ctors.*))
 .ctors.65535   0x01006570        0x4 c:/altera/13.0sp1/nios2eds/bin/gnu/h-i686-mingw32/bin/../lib/gcc/nios2-elf/4.1.2/../../../../nios2-elf/lib\libc.a(lib_a-__call_atexit.o)
                0x01006574                PROVIDE (__CTOR_END__, ABSOLUTE (.))
                0x01006574                PROVIDE (__DTOR_LIST__, ABSOLUTE (.))
 *(.dtors)
 *(SORT(.dtors.*))
                0x01006574                PROVIDE (__DTOR_END__, ABSOLUTE (.))
 *(.jcr)
                0x01006574                . = ALIGN (0x4)

.rodata         0x01006574      0x1dc
                0x01006574                PROVIDE (__ram_rodata_start, ABSOLUTE (.))
                0x01006574                . = ALIGN (0x4)
 *(.rodata .rodata.* .gnu.linkonce.r.*)
 .rodata        0x01006574       0x14 obj/default/entryPoint.o
 .rodata        0x01006588       0x10 c:/altera/13.0sp1/nios2eds/bin/gnu/h-i686-mingw32/bin/../lib/gcc/nios2-elf/4.1.2\libgcc.a(_thenan_sf.o)
                0x01006588                __thenan_sf
 .rodata        0x01006598      0x100 c:/altera/13.0sp1/nios2eds/bin/gnu/h-i686-mingw32/bin/../lib/gcc/nios2-elf/4.1.2\libgcc.a(_clz.o)
                0x01006598                __clz_tab
 .rodata.str1.4
                0x01006698        0x2 c:/altera/13.0sp1/nios2eds/bin/gnu/h-i686-mingw32/bin/../lib/gcc/nios2-elf/4.1.2/../../../../nios2-elf/lib\libc.a(lib_a-puts.o)
                                  0x4 (size before relaxing)
 *fill*         0x0100669a        0x2 00
 .rodata.str1.4
                0x0100669c        0x4 c:/altera/13.0sp1/nios2eds/bin/gnu/h-i686-mingw32/bin/../lib/gcc/nios2-elf/4.1.2/../../../../nios2-elf/lib\libc.a(lib_a-impure.o)
 .rodata        0x010066a0        0xc ../Module1Code_bsp/\libhal_bsp.a(alt_dev.o)
 .rodata        0x010066ac       0x14 ../Module1Code_bsp/\libhal_bsp.a(alt_main.o)
 .rodata        0x010066c0       0x74 ../Module1Code_bsp/\libhal_bsp.a(alt_sys_init.o)
 .rodata        0x01006734       0x1c ../Module1Code_bsp/\libhal_bsp.a(altera_up_avalon_video_character_buffer_with_dma.o)
 *(.rodata1)
                0x01006750                . = ALIGN (0x4)
                0x01006750                PROVIDE (__ram_rodata_end, ABSOLUTE (.))
                0x01006574                PROVIDE (__flash_rodata_start, LOADADDR (.rodata))

.rwdata         0x01006750     0x1b10 load address 0x01008260
                0x01006750                PROVIDE (__ram_rwdata_start, ABSOLUTE (.))
                0x01006750                . = ALIGN (0x4)
 *(.got.plt)
 *(.got)
 *(.data1)
 *(.data .data.* .gnu.linkonce.d.*)
 .data          0x01006750        0x0 ../Module1Code_bsp//obj/HAL/src/crt0.o
 .data          0x01006750        0x0 obj/default/Source/Ball.o
 .data          0x01006750        0x0 obj/default/Source/Paddle.o
 .data          0x01006750        0x0 obj/default/entryPoint.o
 .data          0x01006750        0x0 c:/altera/13.0sp1/nios2eds/bin/gnu/h-i686-mingw32/bin/../lib/gcc/nios2-elf/4.1.2\libgcc.a(_addsub_sf.o)
 .data          0x01006750        0x0 c:/altera/13.0sp1/nios2eds/bin/gnu/h-i686-mingw32/bin/../lib/gcc/nios2-elf/4.1.2\libgcc.a(_gt_sf.o)
 .data          0x01006750        0x0 c:/altera/13.0sp1/nios2eds/bin/gnu/h-i686-mingw32/bin/../lib/gcc/nios2-elf/4.1.2\libgcc.a(_lt_sf.o)
 .data          0x01006750        0x0 c:/altera/13.0sp1/nios2eds/bin/gnu/h-i686-mingw32/bin/../lib/gcc/nios2-elf/4.1.2\libgcc.a(_si_to_sf.o)
 .data          0x01006750        0x0 c:/altera/13.0sp1/nios2eds/bin/gnu/h-i686-mingw32/bin/../lib/gcc/nios2-elf/4.1.2\libgcc.a(_thenan_sf.o)
 .data          0x01006750        0x0 c:/altera/13.0sp1/nios2eds/bin/gnu/h-i686-mingw32/bin/../lib/gcc/nios2-elf/4.1.2\libgcc.a(_clzsi2.o)
 .data          0x01006750        0x0 c:/altera/13.0sp1/nios2eds/bin/gnu/h-i686-mingw32/bin/../lib/gcc/nios2-elf/4.1.2\libgcc.a(_pack_sf.o)
 .data          0x01006750        0x0 c:/altera/13.0sp1/nios2eds/bin/gnu/h-i686-mingw32/bin/../lib/gcc/nios2-elf/4.1.2\libgcc.a(_unpack_sf.o)
 .data          0x01006750        0x0 c:/altera/13.0sp1/nios2eds/bin/gnu/h-i686-mingw32/bin/../lib/gcc/nios2-elf/4.1.2\libgcc.a(_fpcmp_parts_sf.o)
 .data          0x01006750        0x0 c:/altera/13.0sp1/nios2eds/bin/gnu/h-i686-mingw32/bin/../lib/gcc/nios2-elf/4.1.2\libgcc.a(_clz.o)
 .data          0x01006750        0x0 c:/altera/13.0sp1/nios2eds/bin/gnu/h-i686-mingw32/bin/../lib/gcc/nios2-elf/4.1.2/../../../../nios2-elf/lib\libc.a(lib_a-puts.o)
 .data          0x01006750        0x0 c:/altera/13.0sp1/nios2eds/bin/gnu/h-i686-mingw32/bin/../lib/gcc/nios2-elf/4.1.2/../../../../nios2-elf/lib\libc.a(lib_a-strlen.o)
 .data          0x01006750        0x0 c:/altera/13.0sp1/nios2eds/bin/gnu/h-i686-mingw32/bin/../lib/gcc/nios2-elf/4.1.2/../../../../nios2-elf/lib\libc.a(lib_a-fvwrite.o)
 .data          0x01006750      0x400 c:/altera/13.0sp1/nios2eds/bin/gnu/h-i686-mingw32/bin/../lib/gcc/nios2-elf/4.1.2/../../../../nios2-elf/lib\libc.a(lib_a-impure.o)
 .data          0x01006b50      0x408 c:/altera/13.0sp1/nios2eds/bin/gnu/h-i686-mingw32/bin/../lib/gcc/nios2-elf/4.1.2/../../../../nios2-elf/lib\libc.a(lib_a-mallocr.o)
                0x01006b50                __malloc_av_
 .data          0x01006f58        0x0 c:/altera/13.0sp1/nios2eds/bin/gnu/h-i686-mingw32/bin/../lib/gcc/nios2-elf/4.1.2/../../../../nios2-elf/lib\libc.a(lib_a-memchr.o)
 .data          0x01006f58        0x0 c:/altera/13.0sp1/nios2eds/bin/gnu/h-i686-mingw32/bin/../lib/gcc/nios2-elf/4.1.2/../../../../nios2-elf/lib\libc.a(lib_a-memcpy.o)
 .data          0x01006f58        0x0 c:/altera/13.0sp1/nios2eds/bin/gnu/h-i686-mingw32/bin/../lib/gcc/nios2-elf/4.1.2/../../../../nios2-elf/lib\libc.a(lib_a-memmove.o)
 .data          0x01006f58        0x0 c:/altera/13.0sp1/nios2eds/bin/gnu/h-i686-mingw32/bin/../lib/gcc/nios2-elf/4.1.2/../../../../nios2-elf/lib\libc.a(lib_a-reallocr.o)
 .data          0x01006f58        0x0 c:/altera/13.0sp1/nios2eds/bin/gnu/h-i686-mingw32/bin/../lib/gcc/nios2-elf/4.1.2/../../../../nios2-elf/lib\libc.a(lib_a-sbrkr.o)
 .data          0x01006f58        0x0 c:/altera/13.0sp1/nios2eds/bin/gnu/h-i686-mingw32/bin/../lib/gcc/nios2-elf/4.1.2/../../../../nios2-elf/lib\libc.a(lib_a-wsetup.o)
 .data          0x01006f58        0x0 c:/altera/13.0sp1/nios2eds/bin/gnu/h-i686-mingw32/bin/../lib/gcc/nios2-elf/4.1.2/../../../../nios2-elf/lib\libc.a(lib_a-fflush.o)
 .data          0x01006f58        0x0 c:/altera/13.0sp1/nios2eds/bin/gnu/h-i686-mingw32/bin/../lib/gcc/nios2-elf/4.1.2/../../../../nios2-elf/lib\libc.a(lib_a-findfp.o)
 .data          0x01006f58        0x0 c:/altera/13.0sp1/nios2eds/bin/gnu/h-i686-mingw32/bin/../lib/gcc/nios2-elf/4.1.2/../../../../nios2-elf/lib\libc.a(lib_a-freer.o)
 .data          0x01006f58        0x0 c:/altera/13.0sp1/nios2eds/bin/gnu/h-i686-mingw32/bin/../lib/gcc/nios2-elf/4.1.2/../../../../nios2-elf/lib\libc.a(lib_a-fwalk.o)
 .data          0x01006f58        0x0 c:/altera/13.0sp1/nios2eds/bin/gnu/h-i686-mingw32/bin/../lib/gcc/nios2-elf/4.1.2/../../../../nios2-elf/lib\libc.a(lib_a-int_errno.o)
 .data          0x01006f58        0x0 c:/altera/13.0sp1/nios2eds/bin/gnu/h-i686-mingw32/bin/../lib/gcc/nios2-elf/4.1.2/../../../../nios2-elf/lib\libc.a(lib_a-makebuf.o)
 .data          0x01006f58        0x0 c:/altera/13.0sp1/nios2eds/bin/gnu/h-i686-mingw32/bin/../lib/gcc/nios2-elf/4.1.2/../../../../nios2-elf/lib\libc.a(lib_a-memset.o)
 .data          0x01006f58        0x0 c:/altera/13.0sp1/nios2eds/bin/gnu/h-i686-mingw32/bin/../lib/gcc/nios2-elf/4.1.2/../../../../nios2-elf/lib\libc.a(lib_a-stdio.o)
 .data          0x01006f58        0x0 c:/altera/13.0sp1/nios2eds/bin/gnu/h-i686-mingw32/bin/../lib/gcc/nios2-elf/4.1.2/../../../../nios2-elf/lib\libc.a(lib_a-writer.o)
 .data          0x01006f58        0x0 c:/altera/13.0sp1/nios2eds/bin/gnu/h-i686-mingw32/bin/../lib/gcc/nios2-elf/4.1.2/../../../../nios2-elf/lib\libc.a(lib_a-closer.o)
 .data          0x01006f58        0x0 c:/altera/13.0sp1/nios2eds/bin/gnu/h-i686-mingw32/bin/../lib/gcc/nios2-elf/4.1.2/../../../../nios2-elf/lib\libc.a(lib_a-fclose.o)
 .data          0x01006f58        0x0 c:/altera/13.0sp1/nios2eds/bin/gnu/h-i686-mingw32/bin/../lib/gcc/nios2-elf/4.1.2/../../../../nios2-elf/lib\libc.a(lib_a-fstatr.o)
 .data          0x01006f58        0x0 c:/altera/13.0sp1/nios2eds/bin/gnu/h-i686-mingw32/bin/../lib/gcc/nios2-elf/4.1.2/../../../../nios2-elf/lib\libc.a(lib_a-isattyr.o)
 .data          0x01006f58        0x0 c:/altera/13.0sp1/nios2eds/bin/gnu/h-i686-mingw32/bin/../lib/gcc/nios2-elf/4.1.2/../../../../nios2-elf/lib\libc.a(lib_a-lseekr.o)
 .data          0x01006f58        0x0 c:/altera/13.0sp1/nios2eds/bin/gnu/h-i686-mingw32/bin/../lib/gcc/nios2-elf/4.1.2/../../../../nios2-elf/lib\libc.a(lib_a-readr.o)
 .data          0x01006f58        0x0 ../Module1Code_bsp/\libhal_bsp.a(alt_close.o)
 .data          0x01006f58      0x1a8 ../Module1Code_bsp/\libhal_bsp.a(alt_dev.o)
                0x01006f58                alt_dev_null
                0x01006f80                alt_fd_list
 .data          0x01007100        0x0 ../Module1Code_bsp/\libhal_bsp.a(alt_errno.o)
 .data          0x01007100        0x0 ../Module1Code_bsp/\libhal_bsp.a(alt_fstat.o)
 .data          0x01007100        0x0 ../Module1Code_bsp/\libhal_bsp.a(alt_isatty.o)
 .data          0x01007100        0x0 ../Module1Code_bsp/\libhal_bsp.a(alt_load.o)
 .data          0x01007100        0x0 ../Module1Code_bsp/\libhal_bsp.a(alt_lseek.o)
 .data          0x01007100        0x0 ../Module1Code_bsp/\libhal_bsp.a(alt_main.o)
 .data          0x01007100        0x0 ../Module1Code_bsp/\libhal_bsp.a(alt_malloc_lock.o)
 .data          0x01007100        0x0 ../Module1Code_bsp/\libhal_bsp.a(alt_read.o)
 .data          0x01007100        0x0 ../Module1Code_bsp/\libhal_bsp.a(alt_release_fd.o)
 .data          0x01007100        0x0 ../Module1Code_bsp/\libhal_bsp.a(alt_sbrk.o)
 .data          0x01007100        0x0 ../Module1Code_bsp/\libhal_bsp.a(alt_write.o)
 .data          0x01007100     0x10fc ../Module1Code_bsp/\libhal_bsp.a(alt_sys_init.o)
 .data          0x010081fc        0x0 ../Module1Code_bsp/\libhal_bsp.a(altera_avalon_jtag_uart_fd.o)
 .data          0x010081fc        0x0 ../Module1Code_bsp/\libhal_bsp.a(altera_avalon_jtag_uart_init.o)
 .data          0x010081fc        0x0 ../Module1Code_bsp/\libhal_bsp.a(altera_avalon_jtag_uart_ioctl.o)
 .data          0x010081fc        0x0 ../Module1Code_bsp/\libhal_bsp.a(altera_avalon_jtag_uart_read.o)
 .data          0x010081fc        0x0 ../Module1Code_bsp/\libhal_bsp.a(altera_avalon_jtag_uart_write.o)
 .data          0x010081fc        0x0 ../Module1Code_bsp/\libhal_bsp.a(altera_up_avalon_video_character_buffer_with_dma.o)
 .data          0x010081fc        0x0 ../Module1Code_bsp/\libhal_bsp.a(alt_alarm_start.o)
 .data          0x010081fc        0x0 ../Module1Code_bsp/\libhal_bsp.a(alt_dcache_flush_all.o)
 .data          0x010081fc        0x0 ../Module1Code_bsp/\libhal_bsp.a(alt_dev_llist_insert.o)
 .data          0x010081fc        0x0 ../Module1Code_bsp/\libhal_bsp.a(alt_do_ctors.o)
 .data          0x010081fc        0x0 ../Module1Code_bsp/\libhal_bsp.a(alt_do_dtors.o)
 .data          0x010081fc        0x0 ../Module1Code_bsp/\libhal_bsp.a(alt_find_dev.o)
 .data          0x010081fc        0x0 ../Module1Code_bsp/\libhal_bsp.a(alt_icache_flush_all.o)
 .data          0x010081fc        0x0 ../Module1Code_bsp/\libhal_bsp.a(alt_iic.o)
 .data          0x010081fc        0x0 ../Module1Code_bsp/\libhal_bsp.a(alt_iic_isr_register.o)
 .data          0x010081fc        0x0 ../Module1Code_bsp/\libhal_bsp.a(alt_io_redirect.o)
 .data          0x010081fc        0x0 ../Module1Code_bsp/\libhal_bsp.a(alt_irq_entry.o)
 .data          0x010081fc        0x0 ../Module1Code_bsp/\libhal_bsp.a(alt_irq_handler.o)
 .data          0x010081fc        0x0 ../Module1Code_bsp/\libhal_bsp.a(alt_irq_vars.o)
 .data          0x010081fc        0x0 ../Module1Code_bsp/\libhal_bsp.a(alt_open.o)
 .data          0x010081fc        0x0 ../Module1Code_bsp/\libhal_bsp.a(alt_tick.o)
 .data          0x010081fc        0x0 ../Module1Code_bsp/\libhal_bsp.a(altera_nios2_qsys_irq.o)
 .data          0x010081fc        0x0 ../Module1Code_bsp/\libhal_bsp.a(alt_exception_entry.o)
 .data          0x010081fc        0x0 ../Module1Code_bsp/\libhal_bsp.a(alt_find_file.o)
 .data          0x010081fc        0x0 ../Module1Code_bsp/\libhal_bsp.a(alt_get_fd.o)
 .data          0x010081fc        0x0 ../Module1Code_bsp/\libhal_bsp.a(alt_icache_flush.o)
 .data          0x010081fc        0x0 c:/altera/13.0sp1/nios2eds/bin/gnu/h-i686-mingw32/bin/../lib/gcc/nios2-elf/4.1.2/../../../../nios2-elf/lib\libc.a(lib_a-atexit.o)
 .data          0x010081fc        0x0 c:/altera/13.0sp1/nios2eds/bin/gnu/h-i686-mingw32/bin/../lib/gcc/nios2-elf/4.1.2/../../../../nios2-elf/lib\libc.a(lib_a-exit.o)
 .data          0x010081fc        0x0 c:/altera/13.0sp1/nios2eds/bin/gnu/h-i686-mingw32/bin/../lib/gcc/nios2-elf/4.1.2/../../../../nios2-elf/lib\libc.a(lib_a-memcmp.o)
 .data          0x010081fc        0x0 c:/altera/13.0sp1/nios2eds/bin/gnu/h-i686-mingw32/bin/../lib/gcc/nios2-elf/4.1.2/../../../../nios2-elf/lib\libc.a(lib_a-strcmp.o)
 .data          0x010081fc        0x0 c:/altera/13.0sp1/nios2eds/bin/gnu/h-i686-mingw32/bin/../lib/gcc/nios2-elf/4.1.2/../../../../nios2-elf/lib\libc.a(lib_a-__atexit.o)
 .data          0x010081fc        0x0 c:/altera/13.0sp1/nios2eds/bin/gnu/h-i686-mingw32/bin/../lib/gcc/nios2-elf/4.1.2/../../../../nios2-elf/lib\libc.a(lib_a-__call_atexit.o)
 .data          0x010081fc        0x0 ../Module1Code_bsp/\libhal_bsp.a(alt_exit.o)
                0x010101fc                _gp = ABSOLUTE ((. + 0x8000))
                0x010101fc                PROVIDE (gp, _gp)
 *(.rwdata .rwdata.*)
 *(.sdata .sdata.* .gnu.linkonce.s.*)
 .sdata         0x010081fc       0x14 obj/default/Source/Ball.o
                0x010081fc                leftScreenBound
                0x01008200                rightScreenBound
                0x01008204                topScreenBound
                0x01008208                bottomScreenBound
                0x0100820c                ballMoveScale
 .sdata         0x01008210       0x18 obj/default/Source/Paddle.o
                0x01008220                paddleMoveScale
                0x01008224                paddleHeight
 .sdata         0x01008228        0x8 c:/altera/13.0sp1/nios2eds/bin/gnu/h-i686-mingw32/bin/../lib/gcc/nios2-elf/4.1.2/../../../../nios2-elf/lib\libc.a(lib_a-impure.o)
                0x01008228                _impure_ptr
                0x0100822c                _global_impure_ptr
 .sdata         0x01008230        0x8 c:/altera/13.0sp1/nios2eds/bin/gnu/h-i686-mingw32/bin/../lib/gcc/nios2-elf/4.1.2/../../../../nios2-elf/lib\libc.a(lib_a-mallocr.o)
                0x01008230                __malloc_trim_threshold
                0x01008234                __malloc_sbrk_base
 .sdata         0x01008238       0x14 ../Module1Code_bsp/\libhal_bsp.a(alt_dev.o)
                0x01008238                alt_fs_list
                0x01008240                alt_dev_list
                0x01008248                alt_max_fd
 .sdata         0x0100824c        0x4 ../Module1Code_bsp/\libhal_bsp.a(alt_errno.o)
                0x0100824c                alt_errno
 .sdata         0x01008250        0x4 ../Module1Code_bsp/\libhal_bsp.a(alt_sbrk.o)
 .sdata         0x01008254        0x4 ../Module1Code_bsp/\libhal_bsp.a(alt_irq_vars.o)
                0x01008254                alt_priority_mask
 .sdata         0x01008258        0x8 ../Module1Code_bsp/\libhal_bsp.a(alt_tick.o)
                0x01008258                alt_alarm_list
 *(.sdata2 .sdata2.* .gnu.linkonce.s2.*)
                0x01008260                . = ALIGN (0x4)
                0x01008260                _edata = ABSOLUTE (.)
                0x01008260                PROVIDE (edata, ABSOLUTE (.))
                0x01008260                PROVIDE (__ram_rwdata_end, ABSOLUTE (.))
                0x01008260                PROVIDE (__flash_rwdata_start, LOADADDR (.rwdata))

.bss            0x01009d70      0x2e0
                0x01009d70                __bss_start = ABSOLUTE (.)
                0x01009d70                PROVIDE (__sbss_start, ABSOLUTE (.))
                0x01009d70                PROVIDE (___sbss_start, ABSOLUTE (.))
 *(.dynsbss)
 *(.sbss .sbss.* .gnu.linkonce.sb.*)
 .sbss          0x01009d70        0xc c:/altera/13.0sp1/nios2eds/bin/gnu/h-i686-mingw32/bin/../lib/gcc/nios2-elf/4.1.2/../../../../nios2-elf/lib\libc.a(lib_a-mallocr.o)
                0x01009d70                __malloc_top_pad
                0x01009d74                __malloc_max_sbrked_mem
                0x01009d78                __malloc_max_total_mem
 .sbss          0x01009d7c        0x4 c:/altera/13.0sp1/nios2eds/bin/gnu/h-i686-mingw32/bin/../lib/gcc/nios2-elf/4.1.2/../../../../nios2-elf/lib\libc.a(lib_a-int_errno.o)
                0x01009d7c                errno
 .sbss          0x01009d80        0xc ../Module1Code_bsp/\libhal_bsp.a(alt_main.o)
                0x01009d80                alt_argc
                0x01009d84                alt_argv
                0x01009d88                alt_envp
 .sbss          0x01009d8c        0x4 ../Module1Code_bsp/\libhal_bsp.a(alt_irq_vars.o)
                0x01009d8c                alt_irq_active
 .sbss          0x01009d90        0x8 ../Module1Code_bsp/\libhal_bsp.a(alt_tick.o)
                0x01009d90                _alt_tick_rate
                0x01009d94                _alt_nticks
 *(.sbss2 .sbss2.* .gnu.linkonce.sb2.*)
 *(.scommon)
                0x01009d98                PROVIDE (__sbss_end, ABSOLUTE (.))
                0x01009d98                PROVIDE (___sbss_end, ABSOLUTE (.))
 *(.dynbss)
 *(.bss .bss.* .gnu.linkonce.b.*)
 .bss           0x01009d98        0x0 ../Module1Code_bsp//obj/HAL/src/crt0.o
 .bss           0x01009d98        0x0 obj/default/Source/Ball.o
 .bss           0x01009d98        0x0 obj/default/Source/Paddle.o
 .bss           0x01009d98        0x0 obj/default/entryPoint.o
 .bss           0x01009d98        0x0 c:/altera/13.0sp1/nios2eds/bin/gnu/h-i686-mingw32/bin/../lib/gcc/nios2-elf/4.1.2\libgcc.a(_addsub_sf.o)
 .bss           0x01009d98        0x0 c:/altera/13.0sp1/nios2eds/bin/gnu/h-i686-mingw32/bin/../lib/gcc/nios2-elf/4.1.2\libgcc.a(_gt_sf.o)
 .bss           0x01009d98        0x0 c:/altera/13.0sp1/nios2eds/bin/gnu/h-i686-mingw32/bin/../lib/gcc/nios2-elf/4.1.2\libgcc.a(_lt_sf.o)
 .bss           0x01009d98        0x0 c:/altera/13.0sp1/nios2eds/bin/gnu/h-i686-mingw32/bin/../lib/gcc/nios2-elf/4.1.2\libgcc.a(_si_to_sf.o)
 .bss           0x01009d98        0x0 c:/altera/13.0sp1/nios2eds/bin/gnu/h-i686-mingw32/bin/../lib/gcc/nios2-elf/4.1.2\libgcc.a(_thenan_sf.o)
 .bss           0x01009d98        0x0 c:/altera/13.0sp1/nios2eds/bin/gnu/h-i686-mingw32/bin/../lib/gcc/nios2-elf/4.1.2\libgcc.a(_clzsi2.o)
 .bss           0x01009d98        0x0 c:/altera/13.0sp1/nios2eds/bin/gnu/h-i686-mingw32/bin/../lib/gcc/nios2-elf/4.1.2\libgcc.a(_pack_sf.o)
 .bss           0x01009d98        0x0 c:/altera/13.0sp1/nios2eds/bin/gnu/h-i686-mingw32/bin/../lib/gcc/nios2-elf/4.1.2\libgcc.a(_unpack_sf.o)
 .bss           0x01009d98        0x0 c:/altera/13.0sp1/nios2eds/bin/gnu/h-i686-mingw32/bin/../lib/gcc/nios2-elf/4.1.2\libgcc.a(_fpcmp_parts_sf.o)
 .bss           0x01009d98        0x0 c:/altera/13.0sp1/nios2eds/bin/gnu/h-i686-mingw32/bin/../lib/gcc/nios2-elf/4.1.2\libgcc.a(_clz.o)
 .bss           0x01009d98        0x0 c:/altera/13.0sp1/nios2eds/bin/gnu/h-i686-mingw32/bin/../lib/gcc/nios2-elf/4.1.2/../../../../nios2-elf/lib\libc.a(lib_a-puts.o)
 .bss           0x01009d98        0x0 c:/altera/13.0sp1/nios2eds/bin/gnu/h-i686-mingw32/bin/../lib/gcc/nios2-elf/4.1.2/../../../../nios2-elf/lib\libc.a(lib_a-strlen.o)
 .bss           0x01009d98        0x0 c:/altera/13.0sp1/nios2eds/bin/gnu/h-i686-mingw32/bin/../lib/gcc/nios2-elf/4.1.2/../../../../nios2-elf/lib\libc.a(lib_a-fvwrite.o)
 .bss           0x01009d98        0x0 c:/altera/13.0sp1/nios2eds/bin/gnu/h-i686-mingw32/bin/../lib/gcc/nios2-elf/4.1.2/../../../../nios2-elf/lib\libc.a(lib_a-impure.o)
 .bss           0x01009d98       0x28 c:/altera/13.0sp1/nios2eds/bin/gnu/h-i686-mingw32/bin/../lib/gcc/nios2-elf/4.1.2/../../../../nios2-elf/lib\libc.a(lib_a-mallocr.o)
                0x01009d98                __malloc_current_mallinfo
 .bss           0x01009dc0        0x0 c:/altera/13.0sp1/nios2eds/bin/gnu/h-i686-mingw32/bin/../lib/gcc/nios2-elf/4.1.2/../../../../nios2-elf/lib\libc.a(lib_a-memchr.o)
 .bss           0x01009dc0        0x0 c:/altera/13.0sp1/nios2eds/bin/gnu/h-i686-mingw32/bin/../lib/gcc/nios2-elf/4.1.2/../../../../nios2-elf/lib\libc.a(lib_a-memcpy.o)
 .bss           0x01009dc0        0x0 c:/altera/13.0sp1/nios2eds/bin/gnu/h-i686-mingw32/bin/../lib/gcc/nios2-elf/4.1.2/../../../../nios2-elf/lib\libc.a(lib_a-memmove.o)
 .bss           0x01009dc0        0x0 c:/altera/13.0sp1/nios2eds/bin/gnu/h-i686-mingw32/bin/../lib/gcc/nios2-elf/4.1.2/../../../../nios2-elf/lib\libc.a(lib_a-reallocr.o)
 .bss           0x01009dc0        0x0 c:/altera/13.0sp1/nios2eds/bin/gnu/h-i686-mingw32/bin/../lib/gcc/nios2-elf/4.1.2/../../../../nios2-elf/lib\libc.a(lib_a-sbrkr.o)
 .bss           0x01009dc0        0x0 c:/altera/13.0sp1/nios2eds/bin/gnu/h-i686-mingw32/bin/../lib/gcc/nios2-elf/4.1.2/../../../../nios2-elf/lib\libc.a(lib_a-wsetup.o)
 .bss           0x01009dc0        0x0 c:/altera/13.0sp1/nios2eds/bin/gnu/h-i686-mingw32/bin/../lib/gcc/nios2-elf/4.1.2/../../../../nios2-elf/lib\libc.a(lib_a-fflush.o)
 .bss           0x01009dc0        0x0 c:/altera/13.0sp1/nios2eds/bin/gnu/h-i686-mingw32/bin/../lib/gcc/nios2-elf/4.1.2/../../../../nios2-elf/lib\libc.a(lib_a-findfp.o)
 .bss           0x01009dc0        0x0 c:/altera/13.0sp1/nios2eds/bin/gnu/h-i686-mingw32/bin/../lib/gcc/nios2-elf/4.1.2/../../../../nios2-elf/lib\libc.a(lib_a-freer.o)
 .bss           0x01009dc0        0x0 c:/altera/13.0sp1/nios2eds/bin/gnu/h-i686-mingw32/bin/../lib/gcc/nios2-elf/4.1.2/../../../../nios2-elf/lib\libc.a(lib_a-fwalk.o)
 .bss           0x01009dc0        0x0 c:/altera/13.0sp1/nios2eds/bin/gnu/h-i686-mingw32/bin/../lib/gcc/nios2-elf/4.1.2/../../../../nios2-elf/lib\libc.a(lib_a-int_errno.o)
 .bss           0x01009dc0        0x0 c:/altera/13.0sp1/nios2eds/bin/gnu/h-i686-mingw32/bin/../lib/gcc/nios2-elf/4.1.2/../../../../nios2-elf/lib\libc.a(lib_a-makebuf.o)
 .bss           0x01009dc0        0x0 c:/altera/13.0sp1/nios2eds/bin/gnu/h-i686-mingw32/bin/../lib/gcc/nios2-elf/4.1.2/../../../../nios2-elf/lib\libc.a(lib_a-memset.o)
 .bss           0x01009dc0        0x0 c:/altera/13.0sp1/nios2eds/bin/gnu/h-i686-mingw32/bin/../lib/gcc/nios2-elf/4.1.2/../../../../nios2-elf/lib\libc.a(lib_a-stdio.o)
 .bss           0x01009dc0        0x0 c:/altera/13.0sp1/nios2eds/bin/gnu/h-i686-mingw32/bin/../lib/gcc/nios2-elf/4.1.2/../../../../nios2-elf/lib\libc.a(lib_a-writer.o)
 .bss           0x01009dc0        0x0 c:/altera/13.0sp1/nios2eds/bin/gnu/h-i686-mingw32/bin/../lib/gcc/nios2-elf/4.1.2/../../../../nios2-elf/lib\libc.a(lib_a-closer.o)
 .bss           0x01009dc0        0x0 c:/altera/13.0sp1/nios2eds/bin/gnu/h-i686-mingw32/bin/../lib/gcc/nios2-elf/4.1.2/../../../../nios2-elf/lib\libc.a(lib_a-fclose.o)
 .bss           0x01009dc0        0x0 c:/altera/13.0sp1/nios2eds/bin/gnu/h-i686-mingw32/bin/../lib/gcc/nios2-elf/4.1.2/../../../../nios2-elf/lib\libc.a(lib_a-fstatr.o)
 .bss           0x01009dc0        0x0 c:/altera/13.0sp1/nios2eds/bin/gnu/h-i686-mingw32/bin/../lib/gcc/nios2-elf/4.1.2/../../../../nios2-elf/lib\libc.a(lib_a-isattyr.o)
 .bss           0x01009dc0        0x0 c:/altera/13.0sp1/nios2eds/bin/gnu/h-i686-mingw32/bin/../lib/gcc/nios2-elf/4.1.2/../../../../nios2-elf/lib\libc.a(lib_a-lseekr.o)
 .bss           0x01009dc0        0x0 c:/altera/13.0sp1/nios2eds/bin/gnu/h-i686-mingw32/bin/../lib/gcc/nios2-elf/4.1.2/../../../../nios2-elf/lib\libc.a(lib_a-readr.o)
 .bss           0x01009dc0        0x0 ../Module1Code_bsp/\libhal_bsp.a(alt_close.o)
 .bss           0x01009dc0        0x0 ../Module1Code_bsp/\libhal_bsp.a(alt_dev.o)
 .bss           0x01009dc0        0x0 ../Module1Code_bsp/\libhal_bsp.a(alt_errno.o)
 .bss           0x01009dc0        0x0 ../Module1Code_bsp/\libhal_bsp.a(alt_fstat.o)
 .bss           0x01009dc0        0x0 ../Module1Code_bsp/\libhal_bsp.a(alt_isatty.o)
 .bss           0x01009dc0        0x0 ../Module1Code_bsp/\libhal_bsp.a(alt_load.o)
 .bss           0x01009dc0        0x0 ../Module1Code_bsp/\libhal_bsp.a(alt_lseek.o)
 .bss           0x01009dc0        0x0 ../Module1Code_bsp/\libhal_bsp.a(alt_main.o)
 .bss           0x01009dc0        0x0 ../Module1Code_bsp/\libhal_bsp.a(alt_malloc_lock.o)
 .bss           0x01009dc0        0x0 ../Module1Code_bsp/\libhal_bsp.a(alt_read.o)
 .bss           0x01009dc0        0x0 ../Module1Code_bsp/\libhal_bsp.a(alt_release_fd.o)
 .bss           0x01009dc0        0x0 ../Module1Code_bsp/\libhal_bsp.a(alt_sbrk.o)
 .bss           0x01009dc0        0x0 ../Module1Code_bsp/\libhal_bsp.a(alt_write.o)
 .bss           0x01009dc0        0x0 ../Module1Code_bsp/\libhal_bsp.a(alt_sys_init.o)
 .bss           0x01009dc0        0x0 ../Module1Code_bsp/\libhal_bsp.a(altera_avalon_jtag_uart_fd.o)
 .bss           0x01009dc0        0x0 ../Module1Code_bsp/\libhal_bsp.a(altera_avalon_jtag_uart_init.o)
 .bss           0x01009dc0        0x0 ../Module1Code_bsp/\libhal_bsp.a(altera_avalon_jtag_uart_ioctl.o)
 .bss           0x01009dc0        0x0 ../Module1Code_bsp/\libhal_bsp.a(altera_avalon_jtag_uart_read.o)
 .bss           0x01009dc0        0x0 ../Module1Code_bsp/\libhal_bsp.a(altera_avalon_jtag_uart_write.o)
 .bss           0x01009dc0        0x0 ../Module1Code_bsp/\libhal_bsp.a(altera_up_avalon_video_character_buffer_with_dma.o)
 .bss           0x01009dc0        0x0 ../Module1Code_bsp/\libhal_bsp.a(alt_alarm_start.o)
 .bss           0x01009dc0        0x0 ../Module1Code_bsp/\libhal_bsp.a(alt_dcache_flush_all.o)
 .bss           0x01009dc0        0x0 ../Module1Code_bsp/\libhal_bsp.a(alt_dev_llist_insert.o)
 .bss           0x01009dc0        0x0 ../Module1Code_bsp/\libhal_bsp.a(alt_do_ctors.o)
 .bss           0x01009dc0        0x0 ../Module1Code_bsp/\libhal_bsp.a(alt_do_dtors.o)
 .bss           0x01009dc0        0x0 ../Module1Code_bsp/\libhal_bsp.a(alt_find_dev.o)
 .bss           0x01009dc0        0x0 ../Module1Code_bsp/\libhal_bsp.a(alt_icache_flush_all.o)
 .bss           0x01009dc0        0x0 ../Module1Code_bsp/\libhal_bsp.a(alt_iic.o)
 .bss           0x01009dc0        0x0 ../Module1Code_bsp/\libhal_bsp.a(alt_iic_isr_register.o)
 .bss           0x01009dc0        0x0 ../Module1Code_bsp/\libhal_bsp.a(alt_io_redirect.o)
 .bss           0x01009dc0        0x0 ../Module1Code_bsp/\libhal_bsp.a(alt_irq_entry.o)
 .bss           0x01009dc0        0x0 ../Module1Code_bsp/\libhal_bsp.a(alt_irq_handler.o)
 .bss           0x01009dc0        0x0 ../Module1Code_bsp/\libhal_bsp.a(alt_irq_vars.o)
 .bss           0x01009dc0        0x0 ../Module1Code_bsp/\libhal_bsp.a(alt_open.o)
 .bss           0x01009dc0        0x0 ../Module1Code_bsp/\libhal_bsp.a(alt_tick.o)
 .bss           0x01009dc0        0x0 ../Module1Code_bsp/\libhal_bsp.a(altera_nios2_qsys_irq.o)
 .bss           0x01009dc0        0x0 ../Module1Code_bsp/\libhal_bsp.a(alt_exception_entry.o)
 .bss           0x01009dc0        0x0 ../Module1Code_bsp/\libhal_bsp.a(alt_find_file.o)
 .bss           0x01009dc0        0x0 ../Module1Code_bsp/\libhal_bsp.a(alt_get_fd.o)
 .bss           0x01009dc0        0x0 ../Module1Code_bsp/\libhal_bsp.a(alt_icache_flush.o)
 .bss           0x01009dc0        0x0 c:/altera/13.0sp1/nios2eds/bin/gnu/h-i686-mingw32/bin/../lib/gcc/nios2-elf/4.1.2/../../../../nios2-elf/lib\libc.a(lib_a-atexit.o)
 .bss           0x01009dc0        0x0 c:/altera/13.0sp1/nios2eds/bin/gnu/h-i686-mingw32/bin/../lib/gcc/nios2-elf/4.1.2/../../../../nios2-elf/lib\libc.a(lib_a-exit.o)
 .bss           0x01009dc0        0x0 c:/altera/13.0sp1/nios2eds/bin/gnu/h-i686-mingw32/bin/../lib/gcc/nios2-elf/4.1.2/../../../../nios2-elf/lib\libc.a(lib_a-memcmp.o)
 .bss           0x01009dc0        0x0 c:/altera/13.0sp1/nios2eds/bin/gnu/h-i686-mingw32/bin/../lib/gcc/nios2-elf/4.1.2/../../../../nios2-elf/lib\libc.a(lib_a-strcmp.o)
 .bss           0x01009dc0        0x0 c:/altera/13.0sp1/nios2eds/bin/gnu/h-i686-mingw32/bin/../lib/gcc/nios2-elf/4.1.2/../../../../nios2-elf/lib\libc.a(lib_a-__atexit.o)
 .bss           0x01009dc0        0x0 c:/altera/13.0sp1/nios2eds/bin/gnu/h-i686-mingw32/bin/../lib/gcc/nios2-elf/4.1.2/../../../../nios2-elf/lib\libc.a(lib_a-__call_atexit.o)
 .bss           0x01009dc0        0x0 ../Module1Code_bsp/\libhal_bsp.a(alt_exit.o)
 *(COMMON)
 COMMON         0x01009dc0      0x100 ../Module1Code_bsp/\libhal_bsp.a(alt_irq_handler.o)
                0x01009dc0                alt_irq
 COMMON         0x01009ec0      0x190 c:/altera/13.0sp1/nios2eds/bin/gnu/h-i686-mingw32/bin/../lib/gcc/nios2-elf/4.1.2/../../../../nios2-elf/lib\libc.a(lib_a-atexit.o)
                0x01009ec0                _atexit0
                0x0100a050                . = ALIGN (0x4)
                0x0100a050                __bss_end = ABSOLUTE (.)

.onchip_memory2_0
                0x00000000        0x0 load address 0x0100a050
                0x00000000                PROVIDE (_alt_partition_onchip_memory2_0_start, ABSOLUTE (.))
 *(.onchip_memory2_0. onchip_memory2_0.*)
                0x00000000                . = ALIGN (0x4)
                0x00000000                PROVIDE (_alt_partition_onchip_memory2_0_end, ABSOLUTE (.))
                0x0100a050                PROVIDE (_alt_partition_onchip_memory2_0_load_addr, LOADADDR (.onchip_memory2_0))

.sdram          0x0100a050        0x0
                0x0100a050                PROVIDE (_alt_partition_sdram_start, ABSOLUTE (.))
 *(.sdram. sdram.*)
                0x0100a050                . = ALIGN (0x4)
                0x0100a050                PROVIDE (_alt_partition_sdram_end, ABSOLUTE (.))
                0x0100a050                _end = ABSOLUTE (.)
                0x0100a050                end = ABSOLUTE (.)
                0x0100a050                __alt_stack_base = ABSOLUTE (.)
                0x0100a050                PROVIDE (_alt_partition_sdram_load_addr, LOADADDR (.sdram))

.stab
 *(.stab)

.stabstr
 *(.stabstr)

.stab.excl
 *(.stab.excl)

.stab.exclstr
 *(.stab.exclstr)

.stab.index
 *(.stab.index)

.stab.indexstr
 *(.stab.indexstr)

.comment        0x00000000       0x26
 *(.comment)
 .comment       0x00000000       0x26 obj/default/Source/Ball.o
                                 0x27 (size before relaxing)
 .comment       0x00000000       0x27 obj/default/Source/Paddle.o
 .comment       0x00000000       0x27 obj/default/entryPoint.o
 .comment       0x00000000       0x27 c:/altera/13.0sp1/nios2eds/bin/gnu/h-i686-mingw32/bin/../lib/gcc/nios2-elf/4.1.2\libgcc.a(_addsub_sf.o)
 .comment       0x00000000       0x27 c:/altera/13.0sp1/nios2eds/bin/gnu/h-i686-mingw32/bin/../lib/gcc/nios2-elf/4.1.2\libgcc.a(_gt_sf.o)
 .comment       0x00000000       0x27 c:/altera/13.0sp1/nios2eds/bin/gnu/h-i686-mingw32/bin/../lib/gcc/nios2-elf/4.1.2\libgcc.a(_lt_sf.o)
 .comment       0x00000000       0x27 c:/altera/13.0sp1/nios2eds/bin/gnu/h-i686-mingw32/bin/../lib/gcc/nios2-elf/4.1.2\libgcc.a(_si_to_sf.o)
 .comment       0x00000000       0x27 c:/altera/13.0sp1/nios2eds/bin/gnu/h-i686-mingw32/bin/../lib/gcc/nios2-elf/4.1.2\libgcc.a(_thenan_sf.o)
 .comment       0x00000000       0x27 c:/altera/13.0sp1/nios2eds/bin/gnu/h-i686-mingw32/bin/../lib/gcc/nios2-elf/4.1.2\libgcc.a(_clzsi2.o)
 .comment       0x00000000       0x27 c:/altera/13.0sp1/nios2eds/bin/gnu/h-i686-mingw32/bin/../lib/gcc/nios2-elf/4.1.2\libgcc.a(_pack_sf.o)
 .comment       0x00000000       0x27 c:/altera/13.0sp1/nios2eds/bin/gnu/h-i686-mingw32/bin/../lib/gcc/nios2-elf/4.1.2\libgcc.a(_unpack_sf.o)
 .comment       0x00000000       0x27 c:/altera/13.0sp1/nios2eds/bin/gnu/h-i686-mingw32/bin/../lib/gcc/nios2-elf/4.1.2\libgcc.a(_fpcmp_parts_sf.o)
 .comment       0x00000000       0x27 c:/altera/13.0sp1/nios2eds/bin/gnu/h-i686-mingw32/bin/../lib/gcc/nios2-elf/4.1.2\libgcc.a(_clz.o)
 .comment       0x00000000       0x27 c:/altera/13.0sp1/nios2eds/bin/gnu/h-i686-mingw32/bin/../lib/gcc/nios2-elf/4.1.2/../../../../nios2-elf/lib\libc.a(lib_a-puts.o)
 .comment       0x00000000       0x27 c:/altera/13.0sp1/nios2eds/bin/gnu/h-i686-mingw32/bin/../lib/gcc/nios2-elf/4.1.2/../../../../nios2-elf/lib\libc.a(lib_a-strlen.o)
 .comment       0x00000000       0x27 c:/altera/13.0sp1/nios2eds/bin/gnu/h-i686-mingw32/bin/../lib/gcc/nios2-elf/4.1.2/../../../../nios2-elf/lib\libc.a(lib_a-fvwrite.o)
 .comment       0x00000000       0x27 c:/altera/13.0sp1/nios2eds/bin/gnu/h-i686-mingw32/bin/../lib/gcc/nios2-elf/4.1.2/../../../../nios2-elf/lib\libc.a(lib_a-impure.o)
 .comment       0x00000000       0x27 c:/altera/13.0sp1/nios2eds/bin/gnu/h-i686-mingw32/bin/../lib/gcc/nios2-elf/4.1.2/../../../../nios2-elf/lib\libc.a(lib_a-mallocr.o)
 .comment       0x00000000       0x27 c:/altera/13.0sp1/nios2eds/bin/gnu/h-i686-mingw32/bin/../lib/gcc/nios2-elf/4.1.2/../../../../nios2-elf/lib\libc.a(lib_a-memchr.o)
 .comment       0x00000000       0x27 c:/altera/13.0sp1/nios2eds/bin/gnu/h-i686-mingw32/bin/../lib/gcc/nios2-elf/4.1.2/../../../../nios2-elf/lib\libc.a(lib_a-memcpy.o)
 .comment       0x00000000       0x27 c:/altera/13.0sp1/nios2eds/bin/gnu/h-i686-mingw32/bin/../lib/gcc/nios2-elf/4.1.2/../../../../nios2-elf/lib\libc.a(lib_a-memmove.o)
 .comment       0x00000000       0x27 c:/altera/13.0sp1/nios2eds/bin/gnu/h-i686-mingw32/bin/../lib/gcc/nios2-elf/4.1.2/../../../../nios2-elf/lib\libc.a(lib_a-reallocr.o)
 .comment       0x00000000       0x27 c:/altera/13.0sp1/nios2eds/bin/gnu/h-i686-mingw32/bin/../lib/gcc/nios2-elf/4.1.2/../../../../nios2-elf/lib\libc.a(lib_a-sbrkr.o)
 .comment       0x00000000       0x27 c:/altera/13.0sp1/nios2eds/bin/gnu/h-i686-mingw32/bin/../lib/gcc/nios2-elf/4.1.2/../../../../nios2-elf/lib\libc.a(lib_a-wsetup.o)
 .comment       0x00000000       0x27 c:/altera/13.0sp1/nios2eds/bin/gnu/h-i686-mingw32/bin/../lib/gcc/nios2-elf/4.1.2/../../../../nios2-elf/lib\libc.a(lib_a-fflush.o)
 .comment       0x00000000       0x27 c:/altera/13.0sp1/nios2eds/bin/gnu/h-i686-mingw32/bin/../lib/gcc/nios2-elf/4.1.2/../../../../nios2-elf/lib\libc.a(lib_a-findfp.o)
 .comment       0x00000000       0x27 c:/altera/13.0sp1/nios2eds/bin/gnu/h-i686-mingw32/bin/../lib/gcc/nios2-elf/4.1.2/../../../../nios2-elf/lib\libc.a(lib_a-freer.o)
 .comment       0x00000000       0x27 c:/altera/13.0sp1/nios2eds/bin/gnu/h-i686-mingw32/bin/../lib/gcc/nios2-elf/4.1.2/../../../../nios2-elf/lib\libc.a(lib_a-fwalk.o)
 .comment       0x00000000       0x27 c:/altera/13.0sp1/nios2eds/bin/gnu/h-i686-mingw32/bin/../lib/gcc/nios2-elf/4.1.2/../../../../nios2-elf/lib\libc.a(lib_a-int_errno.o)
 .comment       0x00000000       0x27 c:/altera/13.0sp1/nios2eds/bin/gnu/h-i686-mingw32/bin/../lib/gcc/nios2-elf/4.1.2/../../../../nios2-elf/lib\libc.a(lib_a-makebuf.o)
 .comment       0x00000000       0x27 c:/altera/13.0sp1/nios2eds/bin/gnu/h-i686-mingw32/bin/../lib/gcc/nios2-elf/4.1.2/../../../../nios2-elf/lib\libc.a(lib_a-memset.o)
 .comment       0x00000000       0x27 c:/altera/13.0sp1/nios2eds/bin/gnu/h-i686-mingw32/bin/../lib/gcc/nios2-elf/4.1.2/../../../../nios2-elf/lib\libc.a(lib_a-stdio.o)
 .comment       0x00000000       0x27 c:/altera/13.0sp1/nios2eds/bin/gnu/h-i686-mingw32/bin/../lib/gcc/nios2-elf/4.1.2/../../../../nios2-elf/lib\libc.a(lib_a-writer.o)
 .comment       0x00000000       0x27 c:/altera/13.0sp1/nios2eds/bin/gnu/h-i686-mingw32/bin/../lib/gcc/nios2-elf/4.1.2/../../../../nios2-elf/lib\libc.a(lib_a-closer.o)
 .comment       0x00000000       0x27 c:/altera/13.0sp1/nios2eds/bin/gnu/h-i686-mingw32/bin/../lib/gcc/nios2-elf/4.1.2/../../../../nios2-elf/lib\libc.a(lib_a-fclose.o)
 .comment       0x00000000       0x27 c:/altera/13.0sp1/nios2eds/bin/gnu/h-i686-mingw32/bin/../lib/gcc/nios2-elf/4.1.2/../../../../nios2-elf/lib\libc.a(lib_a-fstatr.o)
 .comment       0x00000000       0x27 c:/altera/13.0sp1/nios2eds/bin/gnu/h-i686-mingw32/bin/../lib/gcc/nios2-elf/4.1.2/../../../../nios2-elf/lib\libc.a(lib_a-isattyr.o)
 .comment       0x00000000       0x27 c:/altera/13.0sp1/nios2eds/bin/gnu/h-i686-mingw32/bin/../lib/gcc/nios2-elf/4.1.2/../../../../nios2-elf/lib\libc.a(lib_a-lseekr.o)
 .comment       0x00000000       0x27 c:/altera/13.0sp1/nios2eds/bin/gnu/h-i686-mingw32/bin/../lib/gcc/nios2-elf/4.1.2/../../../../nios2-elf/lib\libc.a(lib_a-readr.o)
 .comment       0x00000000       0x27 ../Module1Code_bsp/\libhal_bsp.a(alt_close.o)
 .comment       0x00000000       0x27 ../Module1Code_bsp/\libhal_bsp.a(alt_dev.o)
 .comment       0x00000000       0x27 ../Module1Code_bsp/\libhal_bsp.a(alt_errno.o)
 .comment       0x00000000       0x27 ../Module1Code_bsp/\libhal_bsp.a(alt_fstat.o)
 .comment       0x00000000       0x27 ../Module1Code_bsp/\libhal_bsp.a(alt_isatty.o)
 .comment       0x00000000       0x27 ../Module1Code_bsp/\libhal_bsp.a(alt_load.o)
 .comment       0x00000000       0x27 ../Module1Code_bsp/\libhal_bsp.a(alt_lseek.o)
 .comment       0x00000000       0x27 ../Module1Code_bsp/\libhal_bsp.a(alt_main.o)
 .comment       0x00000000       0x27 ../Module1Code_bsp/\libhal_bsp.a(alt_malloc_lock.o)
 .comment       0x00000000       0x27 ../Module1Code_bsp/\libhal_bsp.a(alt_read.o)
 .comment       0x00000000       0x27 ../Module1Code_bsp/\libhal_bsp.a(alt_release_fd.o)
 .comment       0x00000000       0x27 ../Module1Code_bsp/\libhal_bsp.a(alt_sbrk.o)
 .comment       0x00000000       0x27 ../Module1Code_bsp/\libhal_bsp.a(alt_write.o)
 .comment       0x00000000       0x27 ../Module1Code_bsp/\libhal_bsp.a(alt_sys_init.o)
 .comment       0x00000000       0x27 ../Module1Code_bsp/\libhal_bsp.a(altera_avalon_jtag_uart_fd.o)
 .comment       0x00000000       0x27 ../Module1Code_bsp/\libhal_bsp.a(altera_avalon_jtag_uart_init.o)
 .comment       0x00000000       0x27 ../Module1Code_bsp/\libhal_bsp.a(altera_avalon_jtag_uart_ioctl.o)
 .comment       0x00000000       0x27 ../Module1Code_bsp/\libhal_bsp.a(altera_avalon_jtag_uart_read.o)
 .comment       0x00000000       0x27 ../Module1Code_bsp/\libhal_bsp.a(altera_avalon_jtag_uart_write.o)
 .comment       0x00000000       0x27 ../Module1Code_bsp/\libhal_bsp.a(altera_up_avalon_video_character_buffer_with_dma.o)
 .comment       0x00000000       0x27 ../Module1Code_bsp/\libhal_bsp.a(alt_alarm_start.o)
 .comment       0x00000000       0x27 ../Module1Code_bsp/\libhal_bsp.a(alt_dcache_flush_all.o)
 .comment       0x00000000       0x27 ../Module1Code_bsp/\libhal_bsp.a(alt_dev_llist_insert.o)
 .comment       0x00000000       0x27 ../Module1Code_bsp/\libhal_bsp.a(alt_do_ctors.o)
 .comment       0x00000000       0x27 ../Module1Code_bsp/\libhal_bsp.a(alt_do_dtors.o)
 .comment       0x00000000       0x27 ../Module1Code_bsp/\libhal_bsp.a(alt_find_dev.o)
 .comment       0x00000000       0x27 ../Module1Code_bsp/\libhal_bsp.a(alt_icache_flush_all.o)
 .comment       0x00000000       0x27 ../Module1Code_bsp/\libhal_bsp.a(alt_iic.o)
 .comment       0x00000000       0x27 ../Module1Code_bsp/\libhal_bsp.a(alt_iic_isr_register.o)
 .comment       0x00000000       0x27 ../Module1Code_bsp/\libhal_bsp.a(alt_io_redirect.o)
 .comment       0x00000000       0x27 ../Module1Code_bsp/\libhal_bsp.a(alt_irq_handler.o)
 .comment       0x00000000       0x27 ../Module1Code_bsp/\libhal_bsp.a(alt_irq_vars.o)
 .comment       0x00000000       0x27 ../Module1Code_bsp/\libhal_bsp.a(alt_open.o)
 .comment       0x00000000       0x27 ../Module1Code_bsp/\libhal_bsp.a(alt_tick.o)
 .comment       0x00000000       0x27 ../Module1Code_bsp/\libhal_bsp.a(altera_nios2_qsys_irq.o)
 .comment       0x00000000       0x27 ../Module1Code_bsp/\libhal_bsp.a(alt_find_file.o)
 .comment       0x00000000       0x27 ../Module1Code_bsp/\libhal_bsp.a(alt_get_fd.o)
 .comment       0x00000000       0x27 ../Module1Code_bsp/\libhal_bsp.a(alt_icache_flush.o)
 .comment       0x00000000       0x27 c:/altera/13.0sp1/nios2eds/bin/gnu/h-i686-mingw32/bin/../lib/gcc/nios2-elf/4.1.2/../../../../nios2-elf/lib\libc.a(lib_a-atexit.o)
 .comment       0x00000000       0x27 c:/altera/13.0sp1/nios2eds/bin/gnu/h-i686-mingw32/bin/../lib/gcc/nios2-elf/4.1.2/../../../../nios2-elf/lib\libc.a(lib_a-exit.o)
 .comment       0x00000000       0x27 c:/altera/13.0sp1/nios2eds/bin/gnu/h-i686-mingw32/bin/../lib/gcc/nios2-elf/4.1.2/../../../../nios2-elf/lib\libc.a(lib_a-memcmp.o)
 .comment       0x00000000       0x27 c:/altera/13.0sp1/nios2eds/bin/gnu/h-i686-mingw32/bin/../lib/gcc/nios2-elf/4.1.2/../../../../nios2-elf/lib\libc.a(lib_a-strcmp.o)
 .comment       0x00000000       0x27 c:/altera/13.0sp1/nios2eds/bin/gnu/h-i686-mingw32/bin/../lib/gcc/nios2-elf/4.1.2/../../../../nios2-elf/lib\libc.a(lib_a-__atexit.o)
 .comment       0x00000000       0x27 c:/altera/13.0sp1/nios2eds/bin/gnu/h-i686-mingw32/bin/../lib/gcc/nios2-elf/4.1.2/../../../../nios2-elf/lib\libc.a(lib_a-__call_atexit.o)
 .comment       0x00000000       0x27 ../Module1Code_bsp/\libhal_bsp.a(alt_exit.o)

.debug
 *(.debug)

.line
 *(.line)

.debug_srcinfo
 *(.debug_srcinfo)

.debug_sfnames
 *(.debug_sfnames)

.debug_aranges  0x00000000      0xa58
 *(.debug_aranges)
 .debug_aranges
                0x00000000       0x28 ../Module1Code_bsp//obj/HAL/src/crt0.o
 .debug_aranges
                0x00000028       0x20 obj/default/Source/Ball.o
 .debug_aranges
                0x00000048       0x20 obj/default/Source/Paddle.o
 .debug_aranges
                0x00000068       0x20 obj/default/entryPoint.o
 .debug_aranges
                0x00000088       0x20 c:/altera/13.0sp1/nios2eds/bin/gnu/h-i686-mingw32/bin/../lib/gcc/nios2-elf/4.1.2\libgcc.a(_addsub_sf.o)
 .debug_aranges
                0x000000a8       0x20 c:/altera/13.0sp1/nios2eds/bin/gnu/h-i686-mingw32/bin/../lib/gcc/nios2-elf/4.1.2\libgcc.a(_gt_sf.o)
 .debug_aranges
                0x000000c8       0x20 c:/altera/13.0sp1/nios2eds/bin/gnu/h-i686-mingw32/bin/../lib/gcc/nios2-elf/4.1.2\libgcc.a(_lt_sf.o)
 .debug_aranges
                0x000000e8       0x20 c:/altera/13.0sp1/nios2eds/bin/gnu/h-i686-mingw32/bin/../lib/gcc/nios2-elf/4.1.2\libgcc.a(_si_to_sf.o)
 .debug_aranges
                0x00000108       0x20 c:/altera/13.0sp1/nios2eds/bin/gnu/h-i686-mingw32/bin/../lib/gcc/nios2-elf/4.1.2\libgcc.a(_clzsi2.o)
 .debug_aranges
                0x00000128       0x20 c:/altera/13.0sp1/nios2eds/bin/gnu/h-i686-mingw32/bin/../lib/gcc/nios2-elf/4.1.2\libgcc.a(_pack_sf.o)
 .debug_aranges
                0x00000148       0x20 c:/altera/13.0sp1/nios2eds/bin/gnu/h-i686-mingw32/bin/../lib/gcc/nios2-elf/4.1.2\libgcc.a(_unpack_sf.o)
 .debug_aranges
                0x00000168       0x20 c:/altera/13.0sp1/nios2eds/bin/gnu/h-i686-mingw32/bin/../lib/gcc/nios2-elf/4.1.2\libgcc.a(_fpcmp_parts_sf.o)
 .debug_aranges
                0x00000188       0x20 c:/altera/13.0sp1/nios2eds/bin/gnu/h-i686-mingw32/bin/../lib/gcc/nios2-elf/4.1.2/../../../../nios2-elf/lib\libc.a(lib_a-puts.o)
 .debug_aranges
                0x000001a8       0x20 c:/altera/13.0sp1/nios2eds/bin/gnu/h-i686-mingw32/bin/../lib/gcc/nios2-elf/4.1.2/../../../../nios2-elf/lib\libc.a(lib_a-strlen.o)
 .debug_aranges
                0x000001c8       0x20 c:/altera/13.0sp1/nios2eds/bin/gnu/h-i686-mingw32/bin/../lib/gcc/nios2-elf/4.1.2/../../../../nios2-elf/lib\libc.a(lib_a-fvwrite.o)
 .debug_aranges
                0x000001e8       0x20 c:/altera/13.0sp1/nios2eds/bin/gnu/h-i686-mingw32/bin/../lib/gcc/nios2-elf/4.1.2/../../../../nios2-elf/lib\libc.a(lib_a-mallocr.o)
 .debug_aranges
                0x00000208       0x20 c:/altera/13.0sp1/nios2eds/bin/gnu/h-i686-mingw32/bin/../lib/gcc/nios2-elf/4.1.2/../../../../nios2-elf/lib\libc.a(lib_a-memchr.o)
 .debug_aranges
                0x00000228       0x20 c:/altera/13.0sp1/nios2eds/bin/gnu/h-i686-mingw32/bin/../lib/gcc/nios2-elf/4.1.2/../../../../nios2-elf/lib\libc.a(lib_a-memcpy.o)
 .debug_aranges
                0x00000248       0x20 c:/altera/13.0sp1/nios2eds/bin/gnu/h-i686-mingw32/bin/../lib/gcc/nios2-elf/4.1.2/../../../../nios2-elf/lib\libc.a(lib_a-memmove.o)
 .debug_aranges
                0x00000268       0x20 c:/altera/13.0sp1/nios2eds/bin/gnu/h-i686-mingw32/bin/../lib/gcc/nios2-elf/4.1.2/../../../../nios2-elf/lib\libc.a(lib_a-reallocr.o)
 .debug_aranges
                0x00000288       0x20 c:/altera/13.0sp1/nios2eds/bin/gnu/h-i686-mingw32/bin/../lib/gcc/nios2-elf/4.1.2/../../../../nios2-elf/lib\libc.a(lib_a-sbrkr.o)
 .debug_aranges
                0x000002a8       0x20 c:/altera/13.0sp1/nios2eds/bin/gnu/h-i686-mingw32/bin/../lib/gcc/nios2-elf/4.1.2/../../../../nios2-elf/lib\libc.a(lib_a-wsetup.o)
 .debug_aranges
                0x000002c8       0x20 c:/altera/13.0sp1/nios2eds/bin/gnu/h-i686-mingw32/bin/../lib/gcc/nios2-elf/4.1.2/../../../../nios2-elf/lib\libc.a(lib_a-fflush.o)
 .debug_aranges
                0x000002e8       0x20 c:/altera/13.0sp1/nios2eds/bin/gnu/h-i686-mingw32/bin/../lib/gcc/nios2-elf/4.1.2/../../../../nios2-elf/lib\libc.a(lib_a-findfp.o)
 .debug_aranges
                0x00000308       0x20 c:/altera/13.0sp1/nios2eds/bin/gnu/h-i686-mingw32/bin/../lib/gcc/nios2-elf/4.1.2/../../../../nios2-elf/lib\libc.a(lib_a-freer.o)
 .debug_aranges
                0x00000328       0x20 c:/altera/13.0sp1/nios2eds/bin/gnu/h-i686-mingw32/bin/../lib/gcc/nios2-elf/4.1.2/../../../../nios2-elf/lib\libc.a(lib_a-fwalk.o)
 .debug_aranges
                0x00000348       0x20 c:/altera/13.0sp1/nios2eds/bin/gnu/h-i686-mingw32/bin/../lib/gcc/nios2-elf/4.1.2/../../../../nios2-elf/lib\libc.a(lib_a-makebuf.o)
 .debug_aranges
                0x00000368       0x20 c:/altera/13.0sp1/nios2eds/bin/gnu/h-i686-mingw32/bin/../lib/gcc/nios2-elf/4.1.2/../../../../nios2-elf/lib\libc.a(lib_a-memset.o)
 .debug_aranges
                0x00000388       0x20 c:/altera/13.0sp1/nios2eds/bin/gnu/h-i686-mingw32/bin/../lib/gcc/nios2-elf/4.1.2/../../../../nios2-elf/lib\libc.a(lib_a-stdio.o)
 .debug_aranges
                0x000003a8       0x20 c:/altera/13.0sp1/nios2eds/bin/gnu/h-i686-mingw32/bin/../lib/gcc/nios2-elf/4.1.2/../../../../nios2-elf/lib\libc.a(lib_a-writer.o)
 .debug_aranges
                0x000003c8       0x20 c:/altera/13.0sp1/nios2eds/bin/gnu/h-i686-mingw32/bin/../lib/gcc/nios2-elf/4.1.2/../../../../nios2-elf/lib\libc.a(lib_a-closer.o)
 .debug_aranges
                0x000003e8       0x20 c:/altera/13.0sp1/nios2eds/bin/gnu/h-i686-mingw32/bin/../lib/gcc/nios2-elf/4.1.2/../../../../nios2-elf/lib\libc.a(lib_a-fclose.o)
 .debug_aranges
                0x00000408       0x20 c:/altera/13.0sp1/nios2eds/bin/gnu/h-i686-mingw32/bin/../lib/gcc/nios2-elf/4.1.2/../../../../nios2-elf/lib\libc.a(lib_a-fstatr.o)
 .debug_aranges
                0x00000428       0x20 c:/altera/13.0sp1/nios2eds/bin/gnu/h-i686-mingw32/bin/../lib/gcc/nios2-elf/4.1.2/../../../../nios2-elf/lib\libc.a(lib_a-isattyr.o)
 .debug_aranges
                0x00000448       0x20 c:/altera/13.0sp1/nios2eds/bin/gnu/h-i686-mingw32/bin/../lib/gcc/nios2-elf/4.1.2/../../../../nios2-elf/lib\libc.a(lib_a-lseekr.o)
 .debug_aranges
                0x00000468       0x20 c:/altera/13.0sp1/nios2eds/bin/gnu/h-i686-mingw32/bin/../lib/gcc/nios2-elf/4.1.2/../../../../nios2-elf/lib\libc.a(lib_a-readr.o)
 .debug_aranges
                0x00000488       0x20 ../Module1Code_bsp/\libhal_bsp.a(alt_close.o)
 .debug_aranges
                0x000004a8       0x20 ../Module1Code_bsp/\libhal_bsp.a(alt_dev.o)
 .debug_aranges
                0x000004c8       0x20 ../Module1Code_bsp/\libhal_bsp.a(alt_fstat.o)
 .debug_aranges
                0x000004e8       0x20 ../Module1Code_bsp/\libhal_bsp.a(alt_isatty.o)
 .debug_aranges
                0x00000508       0x20 ../Module1Code_bsp/\libhal_bsp.a(alt_load.o)
 .debug_aranges
                0x00000528       0x20 ../Module1Code_bsp/\libhal_bsp.a(alt_lseek.o)
 .debug_aranges
                0x00000548       0x20 ../Module1Code_bsp/\libhal_bsp.a(alt_main.o)
 .debug_aranges
                0x00000568       0x20 ../Module1Code_bsp/\libhal_bsp.a(alt_malloc_lock.o)
 .debug_aranges
                0x00000588       0x20 ../Module1Code_bsp/\libhal_bsp.a(alt_read.o)
 .debug_aranges
                0x000005a8       0x20 ../Module1Code_bsp/\libhal_bsp.a(alt_release_fd.o)
 .debug_aranges
                0x000005c8       0x20 ../Module1Code_bsp/\libhal_bsp.a(alt_sbrk.o)
 .debug_aranges
                0x000005e8       0x20 ../Module1Code_bsp/\libhal_bsp.a(alt_write.o)
 .debug_aranges
                0x00000608       0x20 ../Module1Code_bsp/\libhal_bsp.a(alt_sys_init.o)
 .debug_aranges
                0x00000628       0x20 ../Module1Code_bsp/\libhal_bsp.a(altera_avalon_jtag_uart_fd.o)
 .debug_aranges
                0x00000648       0x20 ../Module1Code_bsp/\libhal_bsp.a(altera_avalon_jtag_uart_init.o)
 .debug_aranges
                0x00000668       0x20 ../Module1Code_bsp/\libhal_bsp.a(altera_avalon_jtag_uart_ioctl.o)
 .debug_aranges
                0x00000688       0x20 ../Module1Code_bsp/\libhal_bsp.a(altera_avalon_jtag_uart_read.o)
 .debug_aranges
                0x000006a8       0x20 ../Module1Code_bsp/\libhal_bsp.a(altera_avalon_jtag_uart_write.o)
 .debug_aranges
                0x000006c8       0x20 ../Module1Code_bsp/\libhal_bsp.a(altera_up_avalon_video_character_buffer_with_dma.o)
 .debug_aranges
                0x000006e8       0x20 ../Module1Code_bsp/\libhal_bsp.a(alt_alarm_start.o)
 .debug_aranges
                0x00000708       0x20 ../Module1Code_bsp/\libhal_bsp.a(alt_dcache_flush_all.o)
 .debug_aranges
                0x00000728       0x20 ../Module1Code_bsp/\libhal_bsp.a(alt_dev_llist_insert.o)
 .debug_aranges
                0x00000748       0x20 ../Module1Code_bsp/\libhal_bsp.a(alt_do_ctors.o)
 .debug_aranges
                0x00000768       0x20 ../Module1Code_bsp/\libhal_bsp.a(alt_do_dtors.o)
 .debug_aranges
                0x00000788       0x20 ../Module1Code_bsp/\libhal_bsp.a(alt_find_dev.o)
 .debug_aranges
                0x000007a8       0x20 ../Module1Code_bsp/\libhal_bsp.a(alt_icache_flush_all.o)
 .debug_aranges
                0x000007c8       0x20 ../Module1Code_bsp/\libhal_bsp.a(alt_iic.o)
 .debug_aranges
                0x000007e8       0x20 ../Module1Code_bsp/\libhal_bsp.a(alt_iic_isr_register.o)
 .debug_aranges
                0x00000808       0x20 ../Module1Code_bsp/\libhal_bsp.a(alt_io_redirect.o)
 .debug_aranges
                0x00000828       0x30 ../Module1Code_bsp/\libhal_bsp.a(alt_irq_entry.o)
 .debug_aranges
                0x00000858       0x28 ../Module1Code_bsp/\libhal_bsp.a(alt_irq_handler.o)
 .debug_aranges
                0x00000880       0x20 ../Module1Code_bsp/\libhal_bsp.a(alt_open.o)
 .debug_aranges
                0x000008a0       0x20 ../Module1Code_bsp/\libhal_bsp.a(alt_tick.o)
 .debug_aranges
                0x000008c0       0x20 ../Module1Code_bsp/\libhal_bsp.a(altera_nios2_qsys_irq.o)
 .debug_aranges
                0x000008e0       0x38 ../Module1Code_bsp/\libhal_bsp.a(alt_exception_entry.o)
 .debug_aranges
                0x00000918       0x20 ../Module1Code_bsp/\libhal_bsp.a(alt_find_file.o)
 .debug_aranges
                0x00000938       0x20 ../Module1Code_bsp/\libhal_bsp.a(alt_get_fd.o)
 .debug_aranges
                0x00000958       0x20 ../Module1Code_bsp/\libhal_bsp.a(alt_icache_flush.o)
 .debug_aranges
                0x00000978       0x20 c:/altera/13.0sp1/nios2eds/bin/gnu/h-i686-mingw32/bin/../lib/gcc/nios2-elf/4.1.2/../../../../nios2-elf/lib\libc.a(lib_a-atexit.o)
 .debug_aranges
                0x00000998       0x20 c:/altera/13.0sp1/nios2eds/bin/gnu/h-i686-mingw32/bin/../lib/gcc/nios2-elf/4.1.2/../../../../nios2-elf/lib\libc.a(lib_a-exit.o)
 .debug_aranges
                0x000009b8       0x20 c:/altera/13.0sp1/nios2eds/bin/gnu/h-i686-mingw32/bin/../lib/gcc/nios2-elf/4.1.2/../../../../nios2-elf/lib\libc.a(lib_a-memcmp.o)
 .debug_aranges
                0x000009d8       0x20 c:/altera/13.0sp1/nios2eds/bin/gnu/h-i686-mingw32/bin/../lib/gcc/nios2-elf/4.1.2/../../../../nios2-elf/lib\libc.a(lib_a-strcmp.o)
 .debug_aranges
                0x000009f8       0x20 c:/altera/13.0sp1/nios2eds/bin/gnu/h-i686-mingw32/bin/../lib/gcc/nios2-elf/4.1.2/../../../../nios2-elf/lib\libc.a(lib_a-__atexit.o)
 .debug_aranges
                0x00000a18       0x20 c:/altera/13.0sp1/nios2eds/bin/gnu/h-i686-mingw32/bin/../lib/gcc/nios2-elf/4.1.2/../../../../nios2-elf/lib\libc.a(lib_a-__call_atexit.o)
 .debug_aranges
                0x00000a38       0x20 ../Module1Code_bsp/\libhal_bsp.a(alt_exit.o)

.debug_pubnames
                0x00000000     0x1077
 *(.debug_pubnames)
 .debug_pubnames
                0x00000000       0x97 obj/default/Source/Ball.o
 .debug_pubnames
                0x00000097       0xab obj/default/Source/Paddle.o
 .debug_pubnames
                0x00000142       0x1b obj/default/entryPoint.o
 .debug_pubnames
                0x0000015d       0x2c c:/altera/13.0sp1/nios2eds/bin/gnu/h-i686-mingw32/bin/../lib/gcc/nios2-elf/4.1.2\libgcc.a(_addsub_sf.o)
 .debug_pubnames
                0x00000189       0x1e c:/altera/13.0sp1/nios2eds/bin/gnu/h-i686-mingw32/bin/../lib/gcc/nios2-elf/4.1.2\libgcc.a(_gt_sf.o)
 .debug_pubnames
                0x000001a7       0x1e c:/altera/13.0sp1/nios2eds/bin/gnu/h-i686-mingw32/bin/../lib/gcc/nios2-elf/4.1.2\libgcc.a(_lt_sf.o)
 .debug_pubnames
                0x000001c5       0x22 c:/altera/13.0sp1/nios2eds/bin/gnu/h-i686-mingw32/bin/../lib/gcc/nios2-elf/4.1.2\libgcc.a(_si_to_sf.o)
 .debug_pubnames
                0x000001e7       0x22 c:/altera/13.0sp1/nios2eds/bin/gnu/h-i686-mingw32/bin/../lib/gcc/nios2-elf/4.1.2\libgcc.a(_thenan_sf.o)
 .debug_pubnames
                0x00000209       0x1f c:/altera/13.0sp1/nios2eds/bin/gnu/h-i686-mingw32/bin/../lib/gcc/nios2-elf/4.1.2\libgcc.a(_clzsi2.o)
 .debug_pubnames
                0x00000228       0x1f c:/altera/13.0sp1/nios2eds/bin/gnu/h-i686-mingw32/bin/../lib/gcc/nios2-elf/4.1.2\libgcc.a(_pack_sf.o)
 .debug_pubnames
                0x00000247       0x21 c:/altera/13.0sp1/nios2eds/bin/gnu/h-i686-mingw32/bin/../lib/gcc/nios2-elf/4.1.2\libgcc.a(_unpack_sf.o)
 .debug_pubnames
                0x00000268       0x26 c:/altera/13.0sp1/nios2eds/bin/gnu/h-i686-mingw32/bin/../lib/gcc/nios2-elf/4.1.2\libgcc.a(_fpcmp_parts_sf.o)
 .debug_pubnames
                0x0000028e       0x20 c:/altera/13.0sp1/nios2eds/bin/gnu/h-i686-mingw32/bin/../lib/gcc/nios2-elf/4.1.2\libgcc.a(_clz.o)
 .debug_pubnames
                0x000002ae       0x27 c:/altera/13.0sp1/nios2eds/bin/gnu/h-i686-mingw32/bin/../lib/gcc/nios2-elf/4.1.2/../../../../nios2-elf/lib\libc.a(lib_a-puts.o)
 .debug_pubnames
                0x000002d5       0x1d c:/altera/13.0sp1/nios2eds/bin/gnu/h-i686-mingw32/bin/../lib/gcc/nios2-elf/4.1.2/../../../../nios2-elf/lib\libc.a(lib_a-strlen.o)
 .debug_pubnames
                0x000002f2       0x23 c:/altera/13.0sp1/nios2eds/bin/gnu/h-i686-mingw32/bin/../lib/gcc/nios2-elf/4.1.2/../../../../nios2-elf/lib\libc.a(lib_a-fvwrite.o)
 .debug_pubnames
                0x00000315       0x39 c:/altera/13.0sp1/nios2eds/bin/gnu/h-i686-mingw32/bin/../lib/gcc/nios2-elf/4.1.2/../../../../nios2-elf/lib\libc.a(lib_a-impure.o)
 .debug_pubnames
                0x0000034e       0xce c:/altera/13.0sp1/nios2eds/bin/gnu/h-i686-mingw32/bin/../lib/gcc/nios2-elf/4.1.2/../../../../nios2-elf/lib\libc.a(lib_a-mallocr.o)
 .debug_pubnames
                0x0000041c       0x1d c:/altera/13.0sp1/nios2eds/bin/gnu/h-i686-mingw32/bin/../lib/gcc/nios2-elf/4.1.2/../../../../nios2-elf/lib\libc.a(lib_a-memchr.o)
 .debug_pubnames
                0x00000439       0x1d c:/altera/13.0sp1/nios2eds/bin/gnu/h-i686-mingw32/bin/../lib/gcc/nios2-elf/4.1.2/../../../../nios2-elf/lib\libc.a(lib_a-memcpy.o)
 .debug_pubnames
                0x00000456       0x1e c:/altera/13.0sp1/nios2eds/bin/gnu/h-i686-mingw32/bin/../lib/gcc/nios2-elf/4.1.2/../../../../nios2-elf/lib\libc.a(lib_a-memmove.o)
 .debug_pubnames
                0x00000474       0x21 c:/altera/13.0sp1/nios2eds/bin/gnu/h-i686-mingw32/bin/../lib/gcc/nios2-elf/4.1.2/../../../../nios2-elf/lib\libc.a(lib_a-reallocr.o)
 .debug_pubnames
                0x00000495       0x1e c:/altera/13.0sp1/nios2eds/bin/gnu/h-i686-mingw32/bin/../lib/gcc/nios2-elf/4.1.2/../../../../nios2-elf/lib\libc.a(lib_a-sbrkr.o)
 .debug_pubnames
                0x000004b3       0x22 c:/altera/13.0sp1/nios2eds/bin/gnu/h-i686-mingw32/bin/../lib/gcc/nios2-elf/4.1.2/../../../../nios2-elf/lib\libc.a(lib_a-wsetup.o)
 .debug_pubnames
                0x000004d5       0x2b c:/altera/13.0sp1/nios2eds/bin/gnu/h-i686-mingw32/bin/../lib/gcc/nios2-elf/4.1.2/../../../../nios2-elf/lib\libc.a(lib_a-fflush.o)
 .debug_pubnames
                0x00000500       0xdb c:/altera/13.0sp1/nios2eds/bin/gnu/h-i686-mingw32/bin/../lib/gcc/nios2-elf/4.1.2/../../../../nios2-elf/lib\libc.a(lib_a-findfp.o)
 .debug_pubnames
                0x000005db       0x31 c:/altera/13.0sp1/nios2eds/bin/gnu/h-i686-mingw32/bin/../lib/gcc/nios2-elf/4.1.2/../../../../nios2-elf/lib\libc.a(lib_a-freer.o)
 .debug_pubnames
                0x0000060c       0x2e c:/altera/13.0sp1/nios2eds/bin/gnu/h-i686-mingw32/bin/../lib/gcc/nios2-elf/4.1.2/../../../../nios2-elf/lib\libc.a(lib_a-fwalk.o)
 .debug_pubnames
                0x0000063a       0x1c c:/altera/13.0sp1/nios2eds/bin/gnu/h-i686-mingw32/bin/../lib/gcc/nios2-elf/4.1.2/../../../../nios2-elf/lib\libc.a(lib_a-int_errno.o)
 .debug_pubnames
                0x00000656       0x23 c:/altera/13.0sp1/nios2eds/bin/gnu/h-i686-mingw32/bin/../lib/gcc/nios2-elf/4.1.2/../../../../nios2-elf/lib\libc.a(lib_a-makebuf.o)
 .debug_pubnames
                0x00000679       0x1d c:/altera/13.0sp1/nios2eds/bin/gnu/h-i686-mingw32/bin/../lib/gcc/nios2-elf/4.1.2/../../../../nios2-elf/lib\libc.a(lib_a-memset.o)
 .debug_pubnames
                0x00000696       0x44 c:/altera/13.0sp1/nios2eds/bin/gnu/h-i686-mingw32/bin/../lib/gcc/nios2-elf/4.1.2/../../../../nios2-elf/lib\libc.a(lib_a-stdio.o)
 .debug_pubnames
                0x000006da       0x1f c:/altera/13.0sp1/nios2eds/bin/gnu/h-i686-mingw32/bin/../lib/gcc/nios2-elf/4.1.2/../../../../nios2-elf/lib\libc.a(lib_a-writer.o)
 .debug_pubnames
                0x000006f9       0x1f c:/altera/13.0sp1/nios2eds/bin/gnu/h-i686-mingw32/bin/../lib/gcc/nios2-elf/4.1.2/../../../../nios2-elf/lib\libc.a(lib_a-closer.o)
 .debug_pubnames
                0x00000718       0x2b c:/altera/13.0sp1/nios2eds/bin/gnu/h-i686-mingw32/bin/../lib/gcc/nios2-elf/4.1.2/../../../../nios2-elf/lib\libc.a(lib_a-fclose.o)
 .debug_pubnames
                0x00000743       0x1f c:/altera/13.0sp1/nios2eds/bin/gnu/h-i686-mingw32/bin/../lib/gcc/nios2-elf/4.1.2/../../../../nios2-elf/lib\libc.a(lib_a-fstatr.o)
 .debug_pubnames
                0x00000762       0x20 c:/altera/13.0sp1/nios2eds/bin/gnu/h-i686-mingw32/bin/../lib/gcc/nios2-elf/4.1.2/../../../../nios2-elf/lib\libc.a(lib_a-isattyr.o)
 .debug_pubnames
                0x00000782       0x1f c:/altera/13.0sp1/nios2eds/bin/gnu/h-i686-mingw32/bin/../lib/gcc/nios2-elf/4.1.2/../../../../nios2-elf/lib\libc.a(lib_a-lseekr.o)
 .debug_pubnames
                0x000007a1       0x1e c:/altera/13.0sp1/nios2eds/bin/gnu/h-i686-mingw32/bin/../lib/gcc/nios2-elf/4.1.2/../../../../nios2-elf/lib\libc.a(lib_a-readr.o)
 .debug_pubnames
                0x000007bf       0x1c ../Module1Code_bsp/\libhal_bsp.a(alt_close.o)
 .debug_pubnames
                0x000007db       0x63 ../Module1Code_bsp/\libhal_bsp.a(alt_dev.o)
 .debug_pubnames
                0x0000083e       0x20 ../Module1Code_bsp/\libhal_bsp.a(alt_errno.o)
 .debug_pubnames
                0x0000085e       0x1c ../Module1Code_bsp/\libhal_bsp.a(alt_fstat.o)
 .debug_pubnames
                0x0000087a       0x1d ../Module1Code_bsp/\libhal_bsp.a(alt_isatty.o)
 .debug_pubnames
                0x00000897       0x1f ../Module1Code_bsp/\libhal_bsp.a(alt_load.o)
 .debug_pubnames
                0x000008b6       0x1c ../Module1Code_bsp/\libhal_bsp.a(alt_lseek.o)
 .debug_pubnames
                0x000008d2       0x46 ../Module1Code_bsp/\libhal_bsp.a(alt_main.o)
 .debug_pubnames
                0x00000918       0x38 ../Module1Code_bsp/\libhal_bsp.a(alt_malloc_lock.o)
 .debug_pubnames
                0x00000950       0x1b ../Module1Code_bsp/\libhal_bsp.a(alt_read.o)
 .debug_pubnames
                0x0000096b       0x25 ../Module1Code_bsp/\libhal_bsp.a(alt_release_fd.o)
 .debug_pubnames
                0x00000990       0x1b ../Module1Code_bsp/\libhal_bsp.a(alt_sbrk.o)
 .debug_pubnames
                0x000009ab       0x1c ../Module1Code_bsp/\libhal_bsp.a(alt_write.o)
 .debug_pubnames
                0x000009c7       0x34 ../Module1Code_bsp/\libhal_bsp.a(alt_sys_init.o)
 .debug_pubnames
                0x000009fb       0xa5 ../Module1Code_bsp/\libhal_bsp.a(altera_avalon_jtag_uart_fd.o)
 .debug_pubnames
                0x00000aa0       0x55 ../Module1Code_bsp/\libhal_bsp.a(altera_avalon_jtag_uart_init.o)
 .debug_pubnames
                0x00000af5       0x34 ../Module1Code_bsp/\libhal_bsp.a(altera_avalon_jtag_uart_ioctl.o)
 .debug_pubnames
                0x00000b29       0x33 ../Module1Code_bsp/\libhal_bsp.a(altera_avalon_jtag_uart_read.o)
 .debug_pubnames
                0x00000b5c       0x34 ../Module1Code_bsp/\libhal_bsp.a(altera_avalon_jtag_uart_write.o)
 .debug_pubnames
                0x00000b90       0xa5 ../Module1Code_bsp/\libhal_bsp.a(altera_up_avalon_video_character_buffer_with_dma.o)
 .debug_pubnames
                0x00000c35       0x26 ../Module1Code_bsp/\libhal_bsp.a(alt_alarm_start.o)
 .debug_pubnames
                0x00000c5b       0x2b ../Module1Code_bsp/\libhal_bsp.a(alt_dcache_flush_all.o)
 .debug_pubnames
                0x00000c86       0x2b ../Module1Code_bsp/\libhal_bsp.a(alt_dev_llist_insert.o)
 .debug_pubnames
                0x00000cb1       0x20 ../Module1Code_bsp/\libhal_bsp.a(alt_do_ctors.o)
 .debug_pubnames
                0x00000cd1       0x20 ../Module1Code_bsp/\libhal_bsp.a(alt_do_dtors.o)
 .debug_pubnames
                0x00000cf1       0x23 ../Module1Code_bsp/\libhal_bsp.a(alt_find_dev.o)
 .debug_pubnames
                0x00000d14       0x2b ../Module1Code_bsp/\libhal_bsp.a(alt_icache_flush_all.o)
 .debug_pubnames
                0x00000d3f       0x6e ../Module1Code_bsp/\libhal_bsp.a(alt_iic.o)
 .debug_pubnames
                0x00000dad       0x2b ../Module1Code_bsp/\libhal_bsp.a(alt_iic_isr_register.o)
 .debug_pubnames
                0x00000dd8       0x26 ../Module1Code_bsp/\libhal_bsp.a(alt_io_redirect.o)
 .debug_pubnames
                0x00000dfe       0x32 ../Module1Code_bsp/\libhal_bsp.a(alt_irq_handler.o)
 .debug_pubnames
                0x00000e30       0x3b ../Module1Code_bsp/\libhal_bsp.a(alt_irq_vars.o)
 .debug_pubnames
                0x00000e6b       0x1b ../Module1Code_bsp/\libhal_bsp.a(alt_open.o)
 .debug_pubnames
                0x00000e86       0x68 ../Module1Code_bsp/\libhal_bsp.a(alt_tick.o)
 .debug_pubnames
                0x00000eee       0x31 ../Module1Code_bsp/\libhal_bsp.a(altera_nios2_qsys_irq.o)
 .debug_pubnames
                0x00000f1f       0x24 ../Module1Code_bsp/\libhal_bsp.a(alt_find_file.o)
 .debug_pubnames
                0x00000f43       0x21 ../Module1Code_bsp/\libhal_bsp.a(alt_get_fd.o)
 .debug_pubnames
                0x00000f64       0x27 ../Module1Code_bsp/\libhal_bsp.a(alt_icache_flush.o)
 .debug_pubnames
                0x00000f8b       0x2a c:/altera/13.0sp1/nios2eds/bin/gnu/h-i686-mingw32/bin/../lib/gcc/nios2-elf/4.1.2/../../../../nios2-elf/lib\libc.a(lib_a-atexit.o)
 .debug_pubnames
                0x00000fb5       0x1b c:/altera/13.0sp1/nios2eds/bin/gnu/h-i686-mingw32/bin/../lib/gcc/nios2-elf/4.1.2/../../../../nios2-elf/lib\libc.a(lib_a-exit.o)
 .debug_pubnames
                0x00000fd0       0x1d c:/altera/13.0sp1/nios2eds/bin/gnu/h-i686-mingw32/bin/../lib/gcc/nios2-elf/4.1.2/../../../../nios2-elf/lib\libc.a(lib_a-memcmp.o)
 .debug_pubnames
                0x00000fed       0x1d c:/altera/13.0sp1/nios2eds/bin/gnu/h-i686-mingw32/bin/../lib/gcc/nios2-elf/4.1.2/../../../../nios2-elf/lib\libc.a(lib_a-strcmp.o)
 .debug_pubnames
                0x0000100a       0x2a c:/altera/13.0sp1/nios2eds/bin/gnu/h-i686-mingw32/bin/../lib/gcc/nios2-elf/4.1.2/../../../../nios2-elf/lib\libc.a(lib_a-__atexit.o)
 .debug_pubnames
                0x00001034       0x27 c:/altera/13.0sp1/nios2eds/bin/gnu/h-i686-mingw32/bin/../lib/gcc/nios2-elf/4.1.2/../../../../nios2-elf/lib\libc.a(lib_a-__call_atexit.o)
 .debug_pubnames
                0x0000105b       0x1c ../Module1Code_bsp/\libhal_bsp.a(alt_exit.o)

.debug_info     0x00000000    0x1ba7a
 *(.debug_info .gnu.linkonce.wi.*)
 .debug_info    0x00000000       0x81 ../Module1Code_bsp//obj/HAL/src/crt0.o
 .debug_info    0x00000081      0x232 obj/default/Source/Ball.o
 .debug_info    0x000002b3      0x20a obj/default/Source/Paddle.o
 .debug_info    0x000004bd      0x13f obj/default/entryPoint.o
 .debug_info    0x000005fc      0x47f c:/altera/13.0sp1/nios2eds/bin/gnu/h-i686-mingw32/bin/../lib/gcc/nios2-elf/4.1.2\libgcc.a(_addsub_sf.o)
 .debug_info    0x00000a7b      0x290 c:/altera/13.0sp1/nios2eds/bin/gnu/h-i686-mingw32/bin/../lib/gcc/nios2-elf/4.1.2\libgcc.a(_gt_sf.o)
 .debug_info    0x00000d0b      0x290 c:/altera/13.0sp1/nios2eds/bin/gnu/h-i686-mingw32/bin/../lib/gcc/nios2-elf/4.1.2\libgcc.a(_lt_sf.o)
 .debug_info    0x00000f9b      0x214 c:/altera/13.0sp1/nios2eds/bin/gnu/h-i686-mingw32/bin/../lib/gcc/nios2-elf/4.1.2\libgcc.a(_si_to_sf.o)
 .debug_info    0x000011af      0x164 c:/altera/13.0sp1/nios2eds/bin/gnu/h-i686-mingw32/bin/../lib/gcc/nios2-elf/4.1.2\libgcc.a(_thenan_sf.o)
 .debug_info    0x00001313      0x130 c:/altera/13.0sp1/nios2eds/bin/gnu/h-i686-mingw32/bin/../lib/gcc/nios2-elf/4.1.2\libgcc.a(_clzsi2.o)
 .debug_info    0x00001443      0x2f2 c:/altera/13.0sp1/nios2eds/bin/gnu/h-i686-mingw32/bin/../lib/gcc/nios2-elf/4.1.2\libgcc.a(_pack_sf.o)
 .debug_info    0x00001735      0x25a c:/altera/13.0sp1/nios2eds/bin/gnu/h-i686-mingw32/bin/../lib/gcc/nios2-elf/4.1.2\libgcc.a(_unpack_sf.o)
 .debug_info    0x0000198f      0x21f c:/altera/13.0sp1/nios2eds/bin/gnu/h-i686-mingw32/bin/../lib/gcc/nios2-elf/4.1.2\libgcc.a(_fpcmp_parts_sf.o)
 .debug_info    0x00001bae       0xc9 c:/altera/13.0sp1/nios2eds/bin/gnu/h-i686-mingw32/bin/../lib/gcc/nios2-elf/4.1.2\libgcc.a(_clz.o)
 .debug_info    0x00001c77      0xa25 c:/altera/13.0sp1/nios2eds/bin/gnu/h-i686-mingw32/bin/../lib/gcc/nios2-elf/4.1.2/../../../../nios2-elf/lib\libc.a(lib_a-puts.o)
 .debug_info    0x0000269c       0xdb c:/altera/13.0sp1/nios2eds/bin/gnu/h-i686-mingw32/bin/../lib/gcc/nios2-elf/4.1.2/../../../../nios2-elf/lib\libc.a(lib_a-strlen.o)
 .debug_info    0x00002777      0xa88 c:/altera/13.0sp1/nios2eds/bin/gnu/h-i686-mingw32/bin/../lib/gcc/nios2-elf/4.1.2/../../../../nios2-elf/lib\libc.a(lib_a-fvwrite.o)
 .debug_info    0x000031ff      0x93d c:/altera/13.0sp1/nios2eds/bin/gnu/h-i686-mingw32/bin/../lib/gcc/nios2-elf/4.1.2/../../../../nios2-elf/lib\libc.a(lib_a-impure.o)
 .debug_info    0x00003b3c      0xcd0 c:/altera/13.0sp1/nios2eds/bin/gnu/h-i686-mingw32/bin/../lib/gcc/nios2-elf/4.1.2/../../../../nios2-elf/lib\libc.a(lib_a-mallocr.o)
 .debug_info    0x0000480c      0x138 c:/altera/13.0sp1/nios2eds/bin/gnu/h-i686-mingw32/bin/../lib/gcc/nios2-elf/4.1.2/../../../../nios2-elf/lib\libc.a(lib_a-memchr.o)
 .debug_info    0x00004944      0x106 c:/altera/13.0sp1/nios2eds/bin/gnu/h-i686-mingw32/bin/../lib/gcc/nios2-elf/4.1.2/../../../../nios2-elf/lib\libc.a(lib_a-memcpy.o)
 .debug_info    0x00004a4a      0x13e c:/altera/13.0sp1/nios2eds/bin/gnu/h-i686-mingw32/bin/../lib/gcc/nios2-elf/4.1.2/../../../../nios2-elf/lib\libc.a(lib_a-memmove.o)
 .debug_info    0x00004b88      0xbd7 c:/altera/13.0sp1/nios2eds/bin/gnu/h-i686-mingw32/bin/../lib/gcc/nios2-elf/4.1.2/../../../../nios2-elf/lib\libc.a(lib_a-reallocr.o)
 .debug_info    0x0000575f      0x962 c:/altera/13.0sp1/nios2eds/bin/gnu/h-i686-mingw32/bin/../lib/gcc/nios2-elf/4.1.2/../../../../nios2-elf/lib\libc.a(lib_a-sbrkr.o)
 .debug_info    0x000060c1      0x95d c:/altera/13.0sp1/nios2eds/bin/gnu/h-i686-mingw32/bin/../lib/gcc/nios2-elf/4.1.2/../../../../nios2-elf/lib\libc.a(lib_a-wsetup.o)
 .debug_info    0x00006a1e      0x9fe c:/altera/13.0sp1/nios2eds/bin/gnu/h-i686-mingw32/bin/../lib/gcc/nios2-elf/4.1.2/../../../../nios2-elf/lib\libc.a(lib_a-fflush.o)
 .debug_info    0x0000741c      0xb72 c:/altera/13.0sp1/nios2eds/bin/gnu/h-i686-mingw32/bin/../lib/gcc/nios2-elf/4.1.2/../../../../nios2-elf/lib\libc.a(lib_a-findfp.o)
 .debug_info    0x00007f8e      0xbc9 c:/altera/13.0sp1/nios2eds/bin/gnu/h-i686-mingw32/bin/../lib/gcc/nios2-elf/4.1.2/../../../../nios2-elf/lib\libc.a(lib_a-freer.o)
 .debug_info    0x00008b57      0xaed c:/altera/13.0sp1/nios2eds/bin/gnu/h-i686-mingw32/bin/../lib/gcc/nios2-elf/4.1.2/../../../../nios2-elf/lib\libc.a(lib_a-fwalk.o)
 .debug_info    0x00009644       0x8c c:/altera/13.0sp1/nios2eds/bin/gnu/h-i686-mingw32/bin/../lib/gcc/nios2-elf/4.1.2/../../../../nios2-elf/lib\libc.a(lib_a-int_errno.o)
 .debug_info    0x000096d0      0xb1a c:/altera/13.0sp1/nios2eds/bin/gnu/h-i686-mingw32/bin/../lib/gcc/nios2-elf/4.1.2/../../../../nios2-elf/lib\libc.a(lib_a-makebuf.o)
 .debug_info    0x0000a1ea      0x113 c:/altera/13.0sp1/nios2eds/bin/gnu/h-i686-mingw32/bin/../lib/gcc/nios2-elf/4.1.2/../../../../nios2-elf/lib\libc.a(lib_a-memset.o)
 .debug_info    0x0000a2fd      0xaac c:/altera/13.0sp1/nios2eds/bin/gnu/h-i686-mingw32/bin/../lib/gcc/nios2-elf/4.1.2/../../../../nios2-elf/lib\libc.a(lib_a-stdio.o)
 .debug_info    0x0000ada9      0x993 c:/altera/13.0sp1/nios2eds/bin/gnu/h-i686-mingw32/bin/../lib/gcc/nios2-elf/4.1.2/../../../../nios2-elf/lib\libc.a(lib_a-writer.o)
 .debug_info    0x0000b73c      0x958 c:/altera/13.0sp1/nios2eds/bin/gnu/h-i686-mingw32/bin/../lib/gcc/nios2-elf/4.1.2/../../../../nios2-elf/lib\libc.a(lib_a-closer.o)
 .debug_info    0x0000c094      0x994 c:/altera/13.0sp1/nios2eds/bin/gnu/h-i686-mingw32/bin/../lib/gcc/nios2-elf/4.1.2/../../../../nios2-elf/lib\libc.a(lib_a-fclose.o)
 .debug_info    0x0000ca28      0xafc c:/altera/13.0sp1/nios2eds/bin/gnu/h-i686-mingw32/bin/../lib/gcc/nios2-elf/4.1.2/../../../../nios2-elf/lib\libc.a(lib_a-fstatr.o)
 .debug_info    0x0000d524      0x958 c:/altera/13.0sp1/nios2eds/bin/gnu/h-i686-mingw32/bin/../lib/gcc/nios2-elf/4.1.2/../../../../nios2-elf/lib\libc.a(lib_a-isattyr.o)
 .debug_info    0x0000de7c      0x981 c:/altera/13.0sp1/nios2eds/bin/gnu/h-i686-mingw32/bin/../lib/gcc/nios2-elf/4.1.2/../../../../nios2-elf/lib\libc.a(lib_a-lseekr.o)
 .debug_info    0x0000e7fd      0x98c c:/altera/13.0sp1/nios2eds/bin/gnu/h-i686-mingw32/bin/../lib/gcc/nios2-elf/4.1.2/../../../../nios2-elf/lib\libc.a(lib_a-readr.o)
 .debug_info    0x0000f189      0x46d ../Module1Code_bsp/\libhal_bsp.a(alt_close.o)
 .debug_info    0x0000f5f6      0x685 ../Module1Code_bsp/\libhal_bsp.a(alt_dev.o)
 .debug_info    0x0000fc7b      0x16a ../Module1Code_bsp/\libhal_bsp.a(alt_errno.o)
 .debug_info    0x0000fde5      0x666 ../Module1Code_bsp/\libhal_bsp.a(alt_fstat.o)
 .debug_info    0x0001044b      0x66c ../Module1Code_bsp/\libhal_bsp.a(alt_isatty.o)
 .debug_info    0x00010ab7      0x293 ../Module1Code_bsp/\libhal_bsp.a(alt_load.o)
 .debug_info    0x00010d4a      0x4a0 ../Module1Code_bsp/\libhal_bsp.a(alt_lseek.o)
 .debug_info    0x000111ea      0x22b ../Module1Code_bsp/\libhal_bsp.a(alt_main.o)
 .debug_info    0x00011415      0xc1e ../Module1Code_bsp/\libhal_bsp.a(alt_malloc_lock.o)
 .debug_info    0x00012033      0x690 ../Module1Code_bsp/\libhal_bsp.a(alt_read.o)
 .debug_info    0x000126c3      0x3f8 ../Module1Code_bsp/\libhal_bsp.a(alt_release_fd.o)
 .debug_info    0x00012abb      0x2bd ../Module1Code_bsp/\libhal_bsp.a(alt_sbrk.o)