Archive member included because of file (symbol)

c:/altera/13.0sp1/nios2eds/bin/gnu/h-i686-mingw32/bin/../lib/gcc/nios2-elf/4.1.2\libgcc.a(_addsub_sf.o)
                              obj/default/Source/Ball.o (__subsf3)
c:/altera/13.0sp1/nios2eds/bin/gnu/h-i686-mingw32/bin/../lib/gcc/nios2-elf/4.1.2\libgcc.a(_div_sf.o)
                              obj/default/Source/Drawing.o (__divsf3)
c:/altera/13.0sp1/nios2eds/bin/gnu/h-i686-mingw32/bin/../lib/gcc/nios2-elf/4.1.2\libgcc.a(_gt_sf.o)
                              obj/default/Source/Paddle.o (__gtsf2)
c:/altera/13.0sp1/nios2eds/bin/gnu/h-i686-mingw32/bin/../lib/gcc/nios2-elf/4.1.2\libgcc.a(_ge_sf.o)
                              obj/default/Source/Ball.o (__gesf2)
c:/altera/13.0sp1/nios2eds/bin/gnu/h-i686-mingw32/bin/../lib/gcc/nios2-elf/4.1.2\libgcc.a(_lt_sf.o)
                              obj/default/Source/Paddle.o (__ltsf2)
c:/altera/13.0sp1/nios2eds/bin/gnu/h-i686-mingw32/bin/../lib/gcc/nios2-elf/4.1.2\libgcc.a(_le_sf.o)
                              obj/default/Source/Ball.o (__lesf2)
c:/altera/13.0sp1/nios2eds/bin/gnu/h-i686-mingw32/bin/../lib/gcc/nios2-elf/4.1.2\libgcc.a(_si_to_sf.o)
                              obj/default/Source/Ball.o (__floatsisf)
c:/altera/13.0sp1/nios2eds/bin/gnu/h-i686-mingw32/bin/../lib/gcc/nios2-elf/4.1.2\libgcc.a(_sf_to_si.o)
                              obj/default/Source/Drawing.o (__fixsfsi)
c:/altera/13.0sp1/nios2eds/bin/gnu/h-i686-mingw32/bin/../lib/gcc/nios2-elf/4.1.2\libgcc.a(_thenan_sf.o)
                              c:/altera/13.0sp1/nios2eds/bin/gnu/h-i686-mingw32/bin/../lib/gcc/nios2-elf/4.1.2\libgcc.a(_addsub_sf.o) (__thenan_sf)
c:/altera/13.0sp1/nios2eds/bin/gnu/h-i686-mingw32/bin/../lib/gcc/nios2-elf/4.1.2\libgcc.a(lib2-divmod.o)
                              obj/default/Source/Ball.o (__divsi3)
c:/altera/13.0sp1/nios2eds/bin/gnu/h-i686-mingw32/bin/../lib/gcc/nios2-elf/4.1.2\libgcc.a(_clzsi2.o)
                              c:/altera/13.0sp1/nios2eds/bin/gnu/h-i686-mingw32/bin/../lib/gcc/nios2-elf/4.1.2\libgcc.a(_si_to_sf.o) (__clzsi2)
c:/altera/13.0sp1/nios2eds/bin/gnu/h-i686-mingw32/bin/../lib/gcc/nios2-elf/4.1.2\libgcc.a(_pack_sf.o)
                              c:/altera/13.0sp1/nios2eds/bin/gnu/h-i686-mingw32/bin/../lib/gcc/nios2-elf/4.1.2\libgcc.a(_addsub_sf.o) (__pack_f)
c:/altera/13.0sp1/nios2eds/bin/gnu/h-i686-mingw32/bin/../lib/gcc/nios2-elf/4.1.2\libgcc.a(_unpack_sf.o)
                              c:/altera/13.0sp1/nios2eds/bin/gnu/h-i686-mingw32/bin/../lib/gcc/nios2-elf/4.1.2\libgcc.a(_addsub_sf.o) (__unpack_f)
c:/altera/13.0sp1/nios2eds/bin/gnu/h-i686-mingw32/bin/../lib/gcc/nios2-elf/4.1.2\libgcc.a(_fpcmp_parts_sf.o)
                              c:/altera/13.0sp1/nios2eds/bin/gnu/h-i686-mingw32/bin/../lib/gcc/nios2-elf/4.1.2\libgcc.a(_gt_sf.o) (__fpcmp_parts_f)
c:/altera/13.0sp1/nios2eds/bin/gnu/h-i686-mingw32/bin/../lib/gcc/nios2-elf/4.1.2\libgcc.a(_clz.o)
                              c:/altera/13.0sp1/nios2eds/bin/gnu/h-i686-mingw32/bin/../lib/gcc/nios2-elf/4.1.2\libgcc.a(_clzsi2.o) (__clz_tab)
c:/altera/13.0sp1/nios2eds/bin/gnu/h-i686-mingw32/bin/../lib/gcc/nios2-elf/4.1.2/../../../../nios2-elf/lib\libc.a(lib_a-malloc.o)
                              obj/default/Source/Level.o (malloc)
c:/altera/13.0sp1/nios2eds/bin/gnu/h-i686-mingw32/bin/../lib/gcc/nios2-elf/4.1.2/../../../../nios2-elf/lib\libc.a(lib_a-mallocr.o)
                              c:/altera/13.0sp1/nios2eds/bin/gnu/h-i686-mingw32/bin/../lib/gcc/nios2-elf/4.1.2/../../../../nios2-elf/lib\libc.a(lib_a-malloc.o) (_malloc_r)
c:/altera/13.0sp1/nios2eds/bin/gnu/h-i686-mingw32/bin/../lib/gcc/nios2-elf/4.1.2/../../../../nios2-elf/lib\libc.a(lib_a-sbrkr.o)
                              c:/altera/13.0sp1/nios2eds/bin/gnu/h-i686-mingw32/bin/../lib/gcc/nios2-elf/4.1.2/../../../../nios2-elf/lib\libc.a(lib_a-mallocr.o) (_sbrk_r)
c:/altera/13.0sp1/nios2eds/bin/gnu/h-i686-mingw32/bin/../lib/gcc/nios2-elf/4.1.2/../../../../nios2-elf/lib\libc.a(lib_a-freer.o)
                              c:/altera/13.0sp1/nios2eds/bin/gnu/h-i686-mingw32/bin/../lib/gcc/nios2-elf/4.1.2/../../../../nios2-elf/lib\libc.a(lib_a-malloc.o) (_free_r)
c:/altera/13.0sp1/nios2eds/bin/gnu/h-i686-mingw32/bin/../lib/gcc/nios2-elf/4.1.2/../../../../nios2-elf/lib\libc.a(lib_a-impure.o)
                              c:/altera/13.0sp1/nios2eds/bin/gnu/h-i686-mingw32/bin/../lib/gcc/nios2-elf/4.1.2/../../../../nios2-elf/lib\libc.a(lib_a-malloc.o) (_impure_ptr)
c:/altera/13.0sp1/nios2eds/bin/gnu/h-i686-mingw32/bin/../lib/gcc/nios2-elf/4.1.2/../../../../nios2-elf/lib\libc.a(lib_a-int_errno.o)
                              c:/altera/13.0sp1/nios2eds/bin/gnu/h-i686-mingw32/bin/../lib/gcc/nios2-elf/4.1.2/../../../../nios2-elf/lib\libc.a(lib_a-sbrkr.o) (errno)
../Module1Code_bsp/\libhal_bsp.a(alt_alarm_start.o)
                              obj/default/Source/Interrupt.o (alt_alarm_start)
../Module1Code_bsp/\libhal_bsp.a(alt_load.o)
[...]
Memory Configuration

Name             Origin             Length             Attributes
onchip_memory2_0 0x00000000         0x00001000
reset            0x01000000         0x00000020
sdram            0x01000020         0x007fffe0
*default*        0x00000000         0xffffffff

Linker script and memory map

LOAD ../Module1Code_bsp//obj/HAL/src/crt0.o
LOAD obj/default/Source/Ball.o
LOAD obj/default/Source/Brick.o
LOAD obj/default/Source/Drawing.o
LOAD obj/default/Source/Game.o
LOAD obj/default/Source/Input.o
LOAD obj/default/Source/Interrupt.o
LOAD obj/default/Source/Level.o
LOAD obj/default/Source/Paddle.o
LOAD obj/default/entryPoint.o
LOAD c:/altera/13.0sp1/nios2eds/bin/gnu/h-i686-mingw32/bin/../lib/gcc/nios2-elf/4.1.2/../../../../nios2-elf/lib\libstdc++.a
LOAD c:/altera/13.0sp1/nios2eds/bin/gnu/h-i686-mingw32/bin/../lib/gcc/nios2-elf/4.1.2/../../../../nios2-elf/lib\libm.a
LOAD c:/altera/13.0sp1/nios2eds/bin/gnu/h-i686-mingw32/bin/../lib/gcc/nios2-elf/4.1.2\libgcc.a
START GROUP
LOAD c:/altera/13.0sp1/nios2eds/bin/gnu/h-i686-mingw32/bin/../lib/gcc/nios2-elf/4.1.2/../../../../nios2-elf/lib\libc.a
LOAD c:/altera/13.0sp1/nios2eds/bin/gnu/h-i686-mingw32/bin/../lib/gcc/nios2-elf/4.1.2\libgcc.a
LOAD ../Module1Code_bsp/\libhal_bsp.a
END GROUP
LOAD c:/altera/13.0sp1/nios2eds/bin/gnu/h-i686-mingw32/bin/../lib/gcc/nios2-elf/4.1.2\libgcc.a
                0x00000000                __alt_mem_onchip_memory2_0 = 0x0
                0x01000000                __alt_mem_sdram = 0x1000000

.entry          0x01000000       0x20
 *(.entry)
 .entry         0x01000000       0x20 ../Module1Code_bsp//obj/HAL/src/crt0.o
                0x01000000                __reset

.exceptions     0x01000020      0x194
                0x01000020                PROVIDE (__ram_exceptions_start, ABSOLUTE (.))
                0x01000020                . = ALIGN (0x20)
 *(.irq)
 *(.exceptions.entry.label)
 .exceptions.entry.label
                0x01000020        0x0 ../Module1Code_bsp/\libhal_bsp.a(alt_irq_entry.o)
                0x01000020                alt_irq_entry
 .exceptions.entry.label
                0x01000020        0x0 ../Module1Code_bsp/\libhal_bsp.a(alt_exception_entry.o)
                0x01000020                alt_exception
 *(.exceptions.entry.user)
 *(.exceptions.entry)
 .exceptions.entry
                0x01000020       0x54 ../Module1Code_bsp/\libhal_bsp.a(alt_exception_entry.o)
 *(.exceptions.irqtest.user)
 *(.exceptions.irqtest)
 .exceptions.irqtest
                0x01000074       0x10 ../Module1Code_bsp/\libhal_bsp.a(alt_irq_entry.o)
 *(.exceptions.irqhandler.user)
 *(.exceptions.irqhandler)
 .exceptions.irqhandler
                0x01000084        0x4 ../Module1Code_bsp/\libhal_bsp.a(alt_irq_entry.o)
 *(.exceptions.irqreturn.user)
 *(.exceptions.irqreturn)
 .exceptions.irqreturn
                0x01000088        0x4 ../Module1Code_bsp/\libhal_bsp.a(alt_irq_entry.o)
 *(.exceptions.notirq.label)
 .exceptions.notirq.label
                0x0100008c        0x0 ../Module1Code_bsp/\libhal_bsp.a(alt_irq_entry.o)
 *(.exceptions.notirq.user)
 *(.exceptions.notirq)
 .exceptions.notirq
                0x0100008c        0x8 ../Module1Code_bsp/\libhal_bsp.a(alt_exception_entry.o)
 *(.exceptions.soft.user)
 *(.exceptions.soft)
 *(.exceptions.unknown.user)
 *(.exceptions.unknown)
 .exceptions.unknown
                0x01000094        0x4 ../Module1Code_bsp/\libhal_bsp.a(alt_exception_entry.o)
 *(.exceptions.exit.label)
 .exceptions.exit.label
                0x01000098        0x0 ../Module1Code_bsp/\libhal_bsp.a(alt_irq_entry.o)
 .exceptions.exit.label
                0x01000098        0x0 ../Module1Code_bsp/\libhal_bsp.a(alt_exception_entry.o)
 *(.exceptions.exit.user)
 *(.exceptions.exit)
 .exceptions.exit
                0x01000098       0x54 ../Module1Code_bsp/\libhal_bsp.a(alt_exception_entry.o)
 *(.exceptions)
 .exceptions    0x010000ec       0xc8 ../Module1Code_bsp/\libhal_bsp.a(alt_irq_handler.o)
                0x010000ec                alt_irq_handler
                0x010001b4                PROVIDE (__ram_exceptions_end, ABSOLUTE (.))
                0x01000020                PROVIDE (__flash_exceptions_start, LOADADDR (.exceptions))

.text           0x010001b4     0x6964
                0x010001b4                PROVIDE (stext, ABSOLUTE (.))
 *(.interp)
 *(.hash)
 *(.dynsym)
 *(.dynstr)
 *(.gnu.version)
 *(.gnu.version_d)
 *(.gnu.version_r)
 *(.rel.init)
 *(.rela.init)
 *(.rel.text .rel.text.* .rel.gnu.linkonce.t.*)
 *(.rela.text .rela.text.* .rela.gnu.linkonce.t.*)
 *(.rel.fini)
 *(.rela.fini)
 *(.rel.rodata .rel.rodata.* .rel.gnu.linkonce.r.*)
 *(.rela.rodata .rela.rodata.* .rela.gnu.linkonce.r.*)
 *(.rel.data .rel.data.* .rel.gnu.linkonce.d.*)
 *(.rela.data .rela.data.* .rela.gnu.linkonce.d.*)
 *(.rel.tdata .rel.tdata.* .rel.gnu.linkonce.td.*)
 *(.rela.tdata .rela.tdata.* .rela.gnu.linkonce.td.*)
 *(.rel.tbss .rel.tbss.* .rel.gnu.linkonce.tb.*)
 *(.rela.tbss .rela.tbss.* .rela.gnu.linkonce.tb.*)
 *(.rel.ctors)
 *(.rela.ctors)
 *(.rel.dtors)
 *(.rela.dtors)
 *(.rel.got)
 *(.rela.got)
 *(.rel.sdata .rel.sdata.* .rel.gnu.linkonce.s.*)
 *(.rela.sdata .rela.sdata.* .rela.gnu.linkonce.s.*)
 *(.rel.sbss .rel.sbss.* .rel.gnu.linkonce.sb.*)
 *(.rela.sbss .rela.sbss.* .rela.gnu.linkonce.sb.*)
 *(.rel.sdata2 .rel.sdata2.* .rel.gnu.linkonce.s2.*)
 *(.rela.sdata2 .rela.sdata2.* .rela.gnu.linkonce.s2.*)
 *(.rel.sbss2 .rel.sbss2.* .rel.gnu.linkonce.sb2.*)
 *(.rela.sbss2 .rela.sbss2.* .rela.gnu.linkonce.sb2.*)
 *(.rel.bss .rel.bss.* .rel.gnu.linkonce.b.*)
 *(.rela.bss .rela.bss.* .rela.gnu.linkonce.b.*)
 *(.rel.plt)
 *(.rela.plt)
 *(.rel.dyn)
 *(.init)
 *(.plt)
 *(.text .stub .text.* .gnu.linkonce.t.*)
 .text          0x010001b4       0x4c ../Module1Code_bsp//obj/HAL/src/crt0.o
                0x010001b4                _start
 .text          0x01000200      0x398 obj/default/Source/Ball.o
                0x01000200                startBall
                0x0100029c                nullBall
                0x010002c4                updatePosition
                0x01000530                bounceWall
                0x01000564                bounceRoof
 .text          0x01000598       0xbc obj/default/Source/Brick.o
                0x01000598                initBrick
                0x01000608                hit
 .text          0x01000654      0x52c obj/default/Source/Drawing.o
                0x01000654                initVGA
                0x01000760                drawBall
                0x010007fc                coverBall
                0x010009a0                drawPaddle
                0x01000a64                coverPaddle
                0x01000b38                drawText
 .text          0x01000b80        0x0 obj/default/Source/Game.o
 .text          0x01000b80      0x1c0 obj/default/Source/Input.o
                0x01000b80                getUserInput
                0x01000c08                getSwitchIndex
                0x01000c80                turnOnLED
                0x01000cdc                turnOffLED
 .text          0x01000d40      0x13c obj/default/Source/Interrupt.o
                0x01000d40                interruptFunction
                0x01000df4                initInterrupt
                0x01000e4c                stopInterrupt
 .text          0x01000e7c       0xe0 obj/default/Source/Level.o
                0x01000e7c                initLevel
 .text          0x01000f5c      0x188 obj/default/Source/Paddle.o
                0x01000f5c                initPaddle
                0x01000ff0                moveHorizontal
 .text          0x010010e4      0x160 obj/default/entryPoint.o
                0x010010e4                changeState
                0x01001114                main
 .text          0x01001244      0x2b8 c:/altera/13.0sp1/nios2eds/bin/gnu/h-i686-mingw32/bin/../lib/gcc/nios2-elf/4.1.2\libgcc.a(_addsub_sf.o)
                0x01001428                __subsf3
                0x01001498                __addsf3
 .text          0x010014fc      0x174 c:/altera/13.0sp1/nios2eds/bin/gnu/h-i686-mingw32/bin/../lib/gcc/nios2-elf/4.1.2\libgcc.a(_div_sf.o)
                0x010014fc                __divsf3
 .text          0x01001670       0x78 c:/altera/13.0sp1/nios2eds/bin/gnu/h-i686-mingw32/bin/../lib/gcc/nios2-elf/4.1.2\libgcc.a(_gt_sf.o)
                0x01001670                __gtsf2
 .text          0x010016e8       0x78 c:/altera/13.0sp1/nios2eds/bin/gnu/h-i686-mingw32/bin/../lib/gcc/nios2-elf/4.1.2\libgcc.a(_ge_sf.o)
                0x010016e8                __gesf2
 .text          0x01001760       0x78 c:/altera/13.0sp1/nios2eds/bin/gnu/h-i686-mingw32/bin/../lib/gcc/nios2-elf/4.1.2\libgcc.a(_lt_sf.o)
                0x01001760                __ltsf2
 .text          0x010017d8       0x78 c:/altera/13.0sp1/nios2eds/bin/gnu/h-i686-mingw32/bin/../lib/gcc/nios2-elf/4.1.2\libgcc.a(_le_sf.o)
                0x010017d8                __lesf2
 .text          0x01001850       0x98 c:/altera/13.0sp1/nios2eds/bin/gnu/h-i686-mingw32/bin/../lib/gcc/nios2-elf/4.1.2\libgcc.a(_si_to_sf.o)
                0x01001850                __floatsisf
 .text          0x010018e8       0x94 c:/altera/13.0sp1/nios2eds/bin/gnu/h-i686-mingw32/bin/../lib/gcc/nios2-elf/4.1.2\libgcc.a(_sf_to_si.o)
                0x010018e8                __fixsfsi
 .text          0x0100197c        0x0 c:/altera/13.0sp1/nios2eds/bin/gnu/h-i686-mingw32/bin/../lib/gcc/nios2-elf/4.1.2\libgcc.a(_thenan_sf.o)
 .text          0x0100197c      0x14c c:/altera/13.0sp1/nios2eds/bin/gnu/h-i686-mingw32/bin/../lib/gcc/nios2-elf/4.1.2\libgcc.a(lib2-divmod.o)
                0x010019f8                __divsi3
                0x01001a58                __modsi3
                0x01001ab8                __udivsi3
                0x01001ac0                __umodsi3
 .text          0x01001ac8       0x80 c:/altera/13.0sp1/nios2eds/bin/gnu/h-i686-mingw32/bin/../lib/gcc/nios2-elf/4.1.2\libgcc.a(_clzsi2.o)
                0x01001ac8                __clzsi2
 .text          0x01001b48      0x160 c:/altera/13.0sp1/nios2eds/bin/gnu/h-i686-mingw32/bin/../lib/gcc/nios2-elf/4.1.2\libgcc.a(_pack_sf.o)
                0x01001b48                __pack_f
 .text          0x01001ca8       0xc8 c:/altera/13.0sp1/nios2eds/bin/gnu/h-i686-mingw32/bin/../lib/gcc/nios2-elf/4.1.2\libgcc.a(_unpack_sf.o)
                0x01001ca8                __unpack_f
 .text          0x01001d70       0xa8 c:/altera/13.0sp1/nios2eds/bin/gnu/h-i686-mingw32/bin/../lib/gcc/nios2-elf/4.1.2\libgcc.a(_fpcmp_parts_sf.o)
                0x01001d70                __fpcmp_parts_f
 .text          0x01001e18        0x0 c:/altera/13.0sp1/nios2eds/bin/gnu/h-i686-mingw32/bin/../lib/gcc/nios2-elf/4.1.2\libgcc.a(_clz.o)
 .text          0x01001e18       0x28 c:/altera/13.0sp1/nios2eds/bin/gnu/h-i686-mingw32/bin/../lib/gcc/nios2-elf/4.1.2/../../../../nios2-elf/lib\libc.a(lib_a-malloc.o)
                0x01001e18                free
                0x01001e2c                malloc
 .text          0x01001e40      0x740 c:/altera/13.0sp1/nios2eds/bin/gnu/h-i686-mingw32/bin/../lib/gcc/nios2-elf/4.1.2/../../../../nios2-elf/lib\libc.a(lib_a-mallocr.o)
                0x01001e40                _malloc_r
 .text          0x01002580       0x70 c:/altera/13.0sp1/nios2eds/bin/gnu/h-i686-mingw32/bin/../lib/gcc/nios2-elf/4.1.2/../../../../nios2-elf/lib\libc.a(lib_a-sbrkr.o)
                0x01002580                _sbrk_r
 .text          0x010025f0      0x440 c:/altera/13.0sp1/nios2eds/bin/gnu/h-i686-mingw32/bin/../lib/gcc/nios2-elf/4.1.2/../../../../nios2-elf/lib\libc.a(lib_a-freer.o)
                0x010025f0                _malloc_trim_r
                0x0100271c                _free_r
 .text          0x01002a30        0x0 c:/altera/13.0sp1/nios2eds/bin/gnu/h-i686-mingw32/bin/../lib/gcc/nios2-elf/4.1.2/../../../../nios2-elf/lib\libc.a(lib_a-impure.o)
 .text          0x01002a30        0x0 c:/altera/13.0sp1/nios2eds/bin/gnu/h-i686-mingw32/bin/../lib/gcc/nios2-elf/4.1.2/../../../../nios2-elf/lib\libc.a(lib_a-int_errno.o)
 .text          0x01002a30      0x154 ../Module1Code_bsp/\libhal_bsp.a(alt_alarm_start.o)
                0x01002a30                alt_alarm_start
 .text          0x01002b84       0xec ../Module1Code_bsp/\libhal_bsp.a(alt_load.o)
                0x01002b84                alt_load
 .text          0x01002c70       0x6c ../Module1Code_bsp/\libhal_bsp.a(alt_main.o)
                0x01002c70                alt_main
 .text          0x01002cdc       0x40 ../Module1Code_bsp/\libhal_bsp.a(alt_malloc_lock.o)
                0x01002cdc                __malloc_lock
                0x01002cfc                __malloc_unlock
 .text          0x01002d1c       0xbc ../Module1Code_bsp/\libhal_bsp.a(alt_sbrk.o)
                0x01002d1c                sbrk
 .text          0x01002dd8      0x1a4 ../Module1Code_bsp/\libhal_bsp.a(alt_tick.o)
                0x01002dd8                alt_alarm_stop
                0x01002e70                alt_tick
 .text          0x01002f7c      0x384 ../Module1Code_bsp/\libhal_bsp.a(alt_sys_init.o)
                0x01002f7c                alt_irq_init
                0x01002fb0                alt_sys_init
 .text          0x01003300      0x148 ../Module1Code_bsp/\libhal_bsp.a(altera_avalon_jtag_uart_fd.o)
                0x01003300                altera_avalon_jtag_uart_read_fd
                0x01003358                altera_avalon_jtag_uart_write_fd
                0x010033b0                altera_avalon_jtag_uart_close_fd
                0x010033f8                altera_avalon_jtag_uart_ioctl_fd
 .text          0x01003448      0x40c ../Module1Code_bsp/\libhal_bsp.a(altera_avalon_jtag_uart_init.o)
                0x01003448                altera_avalon_jtag_uart_init
                0x010037e0                altera_avalon_jtag_uart_close
 .text          0x01003854       0xf4 ../Module1Code_bsp/\libhal_bsp.a(altera_avalon_jtag_uart_ioctl.o)
                0x01003854                altera_avalon_jtag_uart_ioctl
 .text          0x01003948      0x224 ../Module1Code_bsp/\libhal_bsp.a(altera_avalon_jtag_uart_read.o)
                0x01003948                altera_avalon_jtag_uart_read
 .text          0x01003b6c      0x240 ../Module1Code_bsp/\libhal_bsp.a(altera_avalon_jtag_uart_write.o)
                0x01003b6c                altera_avalon_jtag_uart_write
 .text          0x01003dac      0x100 ../Module1Code_bsp/\libhal_bsp.a(altera_avalon_timer_sc.o)
                0x01003e1c                alt_avalon_timer_sc_init
 .text          0x01003eac      0x304 ../Module1Code_bsp/\libhal_bsp.a(altera_up_avalon_video_character_buffer_with_dma.o)
                0x01003eac                alt_up_char_buffer_init
                0x01003f30                alt_up_char_buffer_open_dev
                0x01003f70                alt_up_char_buffer_draw
                0x01004040                alt_up_char_buffer_string
                0x01004154                alt_up_char_buffer_clear
 .text          0x010041b0     0x156c ../Module1Code_bsp/\libhal_bsp.a(altera_up_avalon_video_pixel_buffer_dma.o)
                0x010041b0                alt_up_pixel_buffer_dma_open_dev
                0x010041f0                alt_up_pixel_buffer_dma_draw
                0x01004390                alt_up_pixel_buffer_dma_change_back_buffer_address
                0x010043e8                alt_up_pixel_buffer_dma_swap_buffers
                0x01004440                alt_up_pixel_buffer_dma_check_swap_buffers_status
                0x01004474                alt_up_pixel_buffer_dma_clear_screen
                0x010045d8                alt_up_pixel_buffer_dma_draw_box
                0x01004acc                alt_up_pixel_buffer_dma_draw_hline
                0x01004e1c                alt_up_pixel_buffer_dma_draw_vline
                0x010051ec                alt_up_pixel_buffer_dma_draw_rectangle
                0x010052b0                helper_plot_pixel
                0x01005380                alt_up_pixel_buffer_dma_draw_line
 .text          0x0100571c      0x15c ../Module1Code_bsp/\libhal_bsp.a(alt_close.o)
                0x0100571c                close
 .text          0x01005878       0x44 ../Module1Code_bsp/\libhal_bsp.a(alt_dcache_flush_all.o)
                0x01005878                alt_dcache_flush_all
 .text          0x010058bc       0x2c ../Module1Code_bsp/\libhal_bsp.a(alt_dev.o)
 .text          0x010058e8      0x114 ../Module1Code_bsp/\libhal_bsp.a(alt_dev_llist_insert.o)
                0x010058e8                alt_dev_llist_insert
 .text          0x010059fc       0x64 ../Module1Code_bsp/\libhal_bsp.a(alt_do_ctors.o)
                0x010059fc                _do_ctors
 .text          0x01005a60       0x64 ../Module1Code_bsp/\libhal_bsp.a(alt_do_dtors.o)
                0x01005a60                _do_dtors
 .text          0x01005ac4        0x0 ../Module1Code_bsp/\libhal_bsp.a(alt_errno.o)
 .text          0x01005ac4       0x94 ../Module1Code_bsp/\libhal_bsp.a(alt_find_dev.o)
                0x01005ac4                alt_find_dev
 .text          0x01005b58       0x30 ../Module1Code_bsp/\libhal_bsp.a(alt_icache_flush_all.o)
                0x01005b58                alt_icache_flush_all
 .text          0x01005b88      0x1d4 ../Module1Code_bsp/\libhal_bsp.a(alt_iic.o)
                0x01005b88                alt_ic_isr_register
                0x01005bd8                alt_ic_irq_enable
                0x01005c74                alt_ic_irq_disable
                0x01005d14                alt_ic_irq_enabled
 .text          0x01005d5c       0xf8 ../Module1Code_bsp/\libhal_bsp.a(alt_iic_isr_register.o)
                0x01005d5c                alt_iic_isr_register
 .text          0x01005e54      0x13c ../Module1Code_bsp/\libhal_bsp.a(alt_io_redirect.o)
                0x01005f18                alt_io_redirect
 .text          0x01005f90        0x0 ../Module1Code_bsp/\libhal_bsp.a(alt_irq_entry.o)
 .text          0x01005f90        0x0 ../Module1Code_bsp/\libhal_bsp.a(alt_irq_handler.o)
 .text          0x01005f90        0x0 ../Module1Code_bsp/\libhal_bsp.a(alt_irq_vars.o)
 .text          0x01005f90      0x2c4 ../Module1Code_bsp/\libhal_bsp.a(alt_open.o)
                0x0100606c                open
 .text          0x01006254       0x60 ../Module1Code_bsp/\libhal_bsp.a(alt_release_fd.o)
                0x01006254                alt_release_fd
 .text          0x010062b4       0x20 ../Module1Code_bsp/\libhal_bsp.a(altera_nios2_qsys_irq.o)
                0x010062b4                altera_nios2_qsys_irq_init
 .text          0x010062d4        0x0 ../Module1Code_bsp/\libhal_bsp.a(alt_exception_entry.o)
 .text          0x010062d4      0x120 ../Module1Code_bsp/\libhal_bsp.a(alt_find_file.o)
                0x010062d4                alt_find_file
 .text          0x010063f4       0xb8 ../Module1Code_bsp/\libhal_bsp.a(alt_get_fd.o)
                0x010063f4                alt_get_fd
 .text          0x010064ac       0x90 ../Module1Code_bsp/\libhal_bsp.a(alt_icache_flush.o)
                0x010064ac                alt_icache_flush
 .text          0x0100653c       0x14 c:/altera/13.0sp1/nios2eds/bin/gnu/h-i686-mingw32/bin/../lib/gcc/nios2-elf/4.1.2/../../../../nios2-elf/lib\libc.a(lib_a-atexit.o)
                0x0100653c                atexit
 .text          0x01006550       0x38 c:/altera/13.0sp1/nios2eds/bin/gnu/h-i686-mingw32/bin/../lib/gcc/nios2-elf/4.1.2/../../../../nios2-elf/lib\libc.a(lib_a-exit.o)
                0x01006550                exit
 .text          0x01006588       0x74 c:/altera/13.0sp1/nios2eds/bin/gnu/h-i686-mingw32/bin/../lib/gcc/nios2-elf/4.1.2/../../../../nios2-elf/lib\libc.a(lib_a-memcmp.o)
                0x01006588                memcmp
 .text          0x010065fc       0xa0 c:/altera/13.0sp1/nios2eds/bin/gnu/h-i686-mingw32/bin/../lib/gcc/nios2-elf/4.1.2/../../../../nios2-elf/lib\libc.a(lib_a-memcpy.o)
                0x010065fc                memcpy
 .text          0x0100669c       0xbc c:/altera/13.0sp1/nios2eds/bin/gnu/h-i686-mingw32/bin/../lib/gcc/nios2-elf/4.1.2/../../../../nios2-elf/lib\libc.a(lib_a-strcmp.o)
                0x0100669c                strcmp
 .text          0x01006758       0x74 c:/altera/13.0sp1/nios2eds/bin/gnu/h-i686-mingw32/bin/../lib/gcc/nios2-elf/4.1.2/../../../../nios2-elf/lib\libc.a(lib_a-strlen.o)
                0x01006758                strlen
 .text          0x010067cc      0x134 c:/altera/13.0sp1/nios2eds/bin/gnu/h-i686-mingw32/bin/../lib/gcc/nios2-elf/4.1.2/../../../../nios2-elf/lib\libc.a(lib_a-__atexit.o)
                0x010067cc                __register_exitproc
 .text          0x01006900      0x1b4 c:/altera/13.0sp1/nios2eds/bin/gnu/h-i686-mingw32/bin/../lib/gcc/nios2-elf/4.1.2/../../../../nios2-elf/lib\libc.a(lib_a-__call_atexit.o)
                0x01006904                __call_exitprocs
 .text          0x01006ab4       0x60 ../Module1Code_bsp/\libhal_bsp.a(alt_exit.o)
                0x01006af4                _exit
 *(.gnu.warning.*)
 *(.fini)
                0x01006b14                PROVIDE (__etext, ABSOLUTE (.))
                0x01006b14                PROVIDE (_etext, ABSOLUTE (.))
                0x01006b14                PROVIDE (etext, ABSOLUTE (.))
 *(.eh_frame_hdr)
                0x01006b14                . = ALIGN (0x4)
                0x01006b14                PROVIDE (__preinit_array_start, ABSOLUTE (.))
 *(.preinit_array)
                0x01006b14                PROVIDE (__preinit_array_end, ABSOLUTE (.))
                0x01006b14                PROVIDE (__init_array_start, ABSOLUTE (.))
 *(.init_array)
                0x01006b14                PROVIDE (__init_array_end, ABSOLUTE (.))
                0x01006b14                PROVIDE (__fini_array_start, ABSOLUTE (.))
 *(.fini_array)
                0x01006b14                PROVIDE (__fini_array_end, ABSOLUTE (.))
 *(.eh_frame)
 *(.gcc_except_table)
 *(.dynamic)
                0x01006b14                PROVIDE (__CTOR_LIST__, ABSOLUTE (.))
 *(.ctors)
 *(SORT(.ctors.*))
 .ctors.65535   0x01006b14        0x4 c:/altera/13.0sp1/nios2eds/bin/gnu/h-i686-mingw32/bin/../lib/gcc/nios2-elf/4.1.2/../../../../nios2-elf/lib\libc.a(lib_a-__call_atexit.o)
                0x01006b18                PROVIDE (__CTOR_END__, ABSOLUTE (.))
                0x01006b18                PROVIDE (__DTOR_LIST__, ABSOLUTE (.))
 *(.dtors)
 *(SORT(.dtors.*))
                0x01006b18                PROVIDE (__DTOR_END__, ABSOLUTE (.))
 *(.jcr)
                0x01006b18                . = ALIGN (0x4)

.rodata         0x01006b18      0x260
                0x01006b18                PROVIDE (__ram_rodata_start, ABSOLUTE (.))
                0x01006b18                . = ALIGN (0x4)
 *(.rodata .rodata.* .gnu.linkonce.r.*)
 .rodata        0x01006b18       0x48 obj/default/Source/Drawing.o
 .rodata        0x01006b60       0x10 obj/default/Source/Input.o
                0x01006b60                scalars
 .rodata        0x01006b70       0x18 obj/default/entryPoint.o
 .rodata        0x01006b88       0x10 c:/altera/13.0sp1/nios2eds/bin/gnu/h-i686-mingw32/bin/../lib/gcc/nios2-elf/4.1.2\libgcc.a(_thenan_sf.o)
                0x01006b88                __thenan_sf
 .rodata        0x01006b98      0x100 c:/altera/13.0sp1/nios2eds/bin/gnu/h-i686-mingw32/bin/../lib/gcc/nios2-elf/4.1.2\libgcc.a(_clz.o)
                0x01006b98                __clz_tab
 .rodata.str1.4
                0x01006c98        0x4 c:/altera/13.0sp1/nios2eds/bin/gnu/h-i686-mingw32/bin/../lib/gcc/nios2-elf/4.1.2/../../../../nios2-elf/lib\libc.a(lib_a-impure.o)
 .rodata        0x01006c9c       0x14 ../Module1Code_bsp/\libhal_bsp.a(alt_main.o)
 .rodata        0x01006cb0       0xa0 ../Module1Code_bsp/\libhal_bsp.a(alt_sys_init.o)
 .rodata        0x01006d50       0x1c ../Module1Code_bsp/\libhal_bsp.a(altera_up_avalon_video_character_buffer_with_dma.o)
 .rodata        0x01006d6c        0xc ../Module1Code_bsp/\libhal_bsp.a(alt_dev.o)
 *(.rodata1)
                0x01006d78                . = ALIGN (0x4)
                0x01006d78                PROVIDE (__ram_rodata_end, ABSOLUTE (.))
                0x01006b18                PROVIDE (__flash_rodata_start, LOADADDR (.rodata))

.rwdata         0x01006d78     0x1b1c load address 0x01008894
                0x01006d78                PROVIDE (__ram_rwdata_start, ABSOLUTE (.))
                0x01006d78                . = ALIGN (0x4)
 *(.got.plt)
 *(.got)
 *(.data1)
 *(.data .data.* .gnu.linkonce.d.*)
 .data          0x01006d78        0x0 ../Module1Code_bsp//obj/HAL/src/crt0.o
 .data          0x01006d78        0x0 obj/default/Source/Ball.o
 .data          0x01006d78        0x0 obj/default/Source/Brick.o
 .data          0x01006d78        0x0 obj/default/Source/Drawing.o
 .data          0x01006d78        0x0 obj/default/Source/Game.o
 .data          0x01006d78        0x0 obj/default/Source/Input.o
 .data          0x01006d78        0x0 obj/default/Source/Interrupt.o
 .data          0x01006d78        0x0 obj/default/Source/Level.o
 .data          0x01006d78        0x0 obj/default/Source/Paddle.o
 .data          0x01006d78        0x0 obj/default/entryPoint.o
 .data          0x01006d78        0x0 c:/altera/13.0sp1/nios2eds/bin/gnu/h-i686-mingw32/bin/../lib/gcc/nios2-elf/4.1.2\libgcc.a(_addsub_sf.o)
 .data          0x01006d78        0x0 c:/altera/13.0sp1/nios2eds/bin/gnu/h-i686-mingw32/bin/../lib/gcc/nios2-elf/4.1.2\libgcc.a(_div_sf.o)
 .data          0x01006d78        0x0 c:/altera/13.0sp1/nios2eds/bin/gnu/h-i686-mingw32/bin/../lib/gcc/nios2-elf/4.1.2\libgcc.a(_gt_sf.o)
 .data          0x01006d78        0x0 c:/altera/13.0sp1/nios2eds/bin/gnu/h-i686-mingw32/bin/../lib/gcc/nios2-elf/4.1.2\libgcc.a(_ge_sf.o)
 .data          0x01006d78        0x0 c:/altera/13.0sp1/nios2eds/bin/gnu/h-i686-mingw32/bin/../lib/gcc/nios2-elf/4.1.2\libgcc.a(_lt_sf.o)
 .data          0x01006d78        0x0 c:/altera/13.0sp1/nios2eds/bin/gnu/h-i686-mingw32/bin/../lib/gcc/nios2-elf/4.1.2\libgcc.a(_le_sf.o)
 .data          0x01006d78        0x0 c:/altera/13.0sp1/nios2eds/bin/gnu/h-i686-mingw32/bin/../lib/gcc/nios2-elf/4.1.2\libgcc.a(_si_to_sf.o)
 .data          0x01006d78        0x0 c:/altera/13.0sp1/nios2eds/bin/gnu/h-i686-mingw32/bin/../lib/gcc/nios2-elf/4.1.2\libgcc.a(_sf_to_si.o)
 .data          0x01006d78        0x0 c:/altera/13.0sp1/nios2eds/bin/gnu/h-i686-mingw32/bin/../lib/gcc/nios2-elf/4.1.2\libgcc.a(_thenan_sf.o)
 .data          0x01006d78        0x0 c:/altera/13.0sp1/nios2eds/bin/gnu/h-i686-mingw32/bin/../lib/gcc/nios2-elf/4.1.2\libgcc.a(lib2-divmod.o)
 .data          0x01006d78        0x0 c:/altera/13.0sp1/nios2eds/bin/gnu/h-i686-mingw32/bin/../lib/gcc/nios2-elf/4.1.2\libgcc.a(_clzsi2.o)
 .data          0x01006d78        0x0 c:/altera/13.0sp1/nios2eds/bin/gnu/h-i686-mingw32/bin/../lib/gcc/nios2-elf/4.1.2\libgcc.a(_pack_sf.o)
 .data          0x01006d78        0x0 c:/altera/13.0sp1/nios2eds/bin/gnu/h-i686-mingw32/bin/../lib/gcc/nios2-elf/4.1.2\libgcc.a(_unpack_sf.o)
 .data          0x01006d78        0x0 c:/altera/13.0sp1/nios2eds/bin/gnu/h-i686-mingw32/bin/../lib/gcc/nios2-elf/4.1.2\libgcc.a(_fpcmp_parts_sf.o)
 .data          0x01006d78        0x0 c:/altera/13.0sp1/nios2eds/bin/gnu/h-i686-mingw32/bin/../lib/gcc/nios2-elf/4.1.2\libgcc.a(_clz.o)
 .data          0x01006d78        0x0 c:/altera/13.0sp1/nios2eds/bin/gnu/h-i686-mingw32/bin/../lib/gcc/nios2-elf/4.1.2/../../../../nios2-elf/lib\libc.a(lib_a-malloc.o)
 .data          0x01006d78      0x408 c:/altera/13.0sp1/nios2eds/bin/gnu/h-i686-mingw32/bin/../lib/gcc/nios2-elf/4.1.2/../../../../nios2-elf/lib\libc.a(lib_a-mallocr.o)
                0x01006d78                __malloc_av_
 .data          0x01007180        0x0 c:/altera/13.0sp1/nios2eds/bin/gnu/h-i686-mingw32/bin/../lib/gcc/nios2-elf/4.1.2/../../../../nios2-elf/lib\libc.a(lib_a-sbrkr.o)
 .data          0x01007180        0x0 c:/altera/13.0sp1/nios2eds/bin/gnu/h-i686-mingw32/bin/../lib/gcc/nios2-elf/4.1.2/../../../../nios2-elf/lib\libc.a(lib_a-freer.o)
 .data          0x01007180      0x400 c:/altera/13.0sp1/nios2eds/bin/gnu/h-i686-mingw32/bin/../lib/gcc/nios2-elf/4.1.2/../../../../nios2-elf/lib\libc.a(lib_a-impure.o)
 .data          0x01007580        0x0 c:/altera/13.0sp1/nios2eds/bin/gnu/h-i686-mingw32/bin/../lib/gcc/nios2-elf/4.1.2/../../../../nios2-elf/lib\libc.a(lib_a-int_errno.o)
 .data          0x01007580        0x0 ../Module1Code_bsp/\libhal_bsp.a(alt_alarm_start.o)
 .data          0x01007580        0x0 ../Module1Code_bsp/\libhal_bsp.a(alt_load.o)
 .data          0x01007580        0x0 ../Module1Code_bsp/\libhal_bsp.a(alt_main.o)
 .data          0x01007580        0x0 ../Module1Code_bsp/\libhal_bsp.a(alt_malloc_lock.o)
 .data          0x01007580        0x0 ../Module1Code_bsp/\libhal_bsp.a(alt_sbrk.o)
 .data          0x01007580        0x0 ../Module1Code_bsp/\libhal_bsp.a(alt_tick.o)
 .data          0x01007580     0x1128 ../Module1Code_bsp/\libhal_bsp.a(alt_sys_init.o)
 .data          0x010086a8        0x0 ../Module1Code_bsp/\libhal_bsp.a(altera_avalon_jtag_uart_fd.o)
 .data          0x010086a8        0x0 ../Module1Code_bsp/\libhal_bsp.a(altera_avalon_jtag_uart_init.o)
 .data          0x010086a8        0x0 ../Module1Code_bsp/\libhal_bsp.a(altera_avalon_jtag_uart_ioctl.o)
 .data          0x010086a8        0x0 ../Module1Code_bsp/\libhal_bsp.a(altera_avalon_jtag_uart_read.o)
 .data          0x010086a8        0x0 ../Module1Code_bsp/\libhal_bsp.a(altera_avalon_jtag_uart_write.o)
 .data          0x010086a8        0x0 ../Module1Code_bsp/\libhal_bsp.a(altera_avalon_timer_sc.o)
 .data          0x010086a8        0x0 ../Module1Code_bsp/\libhal_bsp.a(altera_up_avalon_video_character_buffer_with_dma.o)
 .data          0x010086a8        0x0 ../Module1Code_bsp/\libhal_bsp.a(altera_up_avalon_video_pixel_buffer_dma.o)
 .data          0x010086a8        0x0 ../Module1Code_bsp/\libhal_bsp.a(alt_close.o)
 .data          0x010086a8        0x0 ../Module1Code_bsp/\libhal_bsp.a(alt_dcache_flush_all.o)
 .data          0x010086a8      0x1a8 ../Module1Code_bsp/\libhal_bsp.a(alt_dev.o)
                0x010086a8                alt_dev_null
                0x010086d0                alt_fd_list
 .data          0x01008850        0x0 ../Module1Code_bsp/\libhal_bsp.a(alt_dev_llist_insert.o)
 .data          0x01008850        0x0 ../Module1Code_bsp/\libhal_bsp.a(alt_do_ctors.o)
 .data          0x01008850        0x0 ../Module1Code_bsp/\libhal_bsp.a(alt_do_dtors.o)
 .data          0x01008850        0x0 ../Module1Code_bsp/\libhal_bsp.a(alt_errno.o)
 .data          0x01008850        0x0 ../Module1Code_bsp/\libhal_bsp.a(alt_find_dev.o)
 .data          0x01008850        0x0 ../Module1Code_bsp/\libhal_bsp.a(alt_icache_flush_all.o)
 .data          0x01008850        0x0 ../Module1Code_bsp/\libhal_bsp.a(alt_iic.o)
 .data          0x01008850        0x0 ../Module1Code_bsp/\libhal_bsp.a(alt_iic_isr_register.o)
 .data          0x01008850        0x0 ../Module1Code_bsp/\libhal_bsp.a(alt_io_redirect.o)
 .data          0x01008850        0x0 ../Module1Code_bsp/\libhal_bsp.a(alt_irq_entry.o)
 .data          0x01008850        0x0 ../Module1Code_bsp/\libhal_bsp.a(alt_irq_handler.o)
 .data          0x01008850        0x0 ../Module1Code_bsp/\libhal_bsp.a(alt_irq_vars.o)
 .data          0x01008850        0x0 ../Module1Code_bsp/\libhal_bsp.a(alt_open.o)
 .data          0x01008850        0x0 ../Module1Code_bsp/\libhal_bsp.a(alt_release_fd.o)
 .data          0x01008850        0x0 ../Module1Code_bsp/\libhal_bsp.a(altera_nios2_qsys_irq.o)
 .data          0x01008850        0x0 ../Module1Code_bsp/\libhal_bsp.a(alt_exception_entry.o)
 .data          0x01008850        0x0 ../Module1Code_bsp/\libhal_bsp.a(alt_find_file.o)
 .data          0x01008850        0x0 ../Module1Code_bsp/\libhal_bsp.a(alt_get_fd.o)
 .data          0x01008850        0x0 ../Module1Code_bsp/\libhal_bsp.a(alt_icache_flush.o)
 .data          0x01008850        0x0 c:/altera/13.0sp1/nios2eds/bin/gnu/h-i686-mingw32/bin/../lib/gcc/nios2-elf/4.1.2/../../../../nios2-elf/lib\libc.a(lib_a-atexit.o)
 .data          0x01008850        0x0 c:/altera/13.0sp1/nios2eds/bin/gnu/h-i686-mingw32/bin/../lib/gcc/nios2-elf/4.1.2/../../../../nios2-elf/lib\libc.a(lib_a-exit.o)
 .data          0x01008850        0x0 c:/altera/13.0sp1/nios2eds/bin/gnu/h-i686-mingw32/bin/../lib/gcc/nios2-elf/4.1.2/../../../../nios2-elf/lib\libc.a(lib_a-memcmp.o)
 .data          0x01008850        0x0 c:/altera/13.0sp1/nios2eds/bin/gnu/h-i686-mingw32/bin/../lib/gcc/nios2-elf/4.1.2/../../../../nios2-elf/lib\libc.a(lib_a-memcpy.o)
 .data          0x01008850        0x0 c:/altera/13.0sp1/nios2eds/bin/gnu/h-i686-mingw32/bin/../lib/gcc/nios2-elf/4.1.2/../../../../nios2-elf/lib\libc.a(lib_a-strcmp.o)
 .data          0x01008850        0x0 c:/altera/13.0sp1/nios2eds/bin/gnu/h-i686-mingw32/bin/../lib/gcc/nios2-elf/4.1.2/../../../../nios2-elf/lib\libc.a(lib_a-strlen.o)
 .data          0x01008850        0x0 c:/altera/13.0sp1/nios2eds/bin/gnu/h-i686-mingw32/bin/../lib/gcc/nios2-elf/4.1.2/../../../../nios2-elf/lib\libc.a(lib_a-__atexit.o)
 .data          0x01008850        0x0 c:/altera/13.0sp1/nios2eds/bin/gnu/h-i686-mingw32/bin/../lib/gcc/nios2-elf/4.1.2/../../../../nios2-elf/lib\libc.a(lib_a-__call_atexit.o)
 .data          0x01008850        0x0 ../Module1Code_bsp/\libhal_bsp.a(alt_exit.o)
                0x01010850                _gp = ABSOLUTE ((. + 0x8000))
                0x01010850                PROVIDE (gp, _gp)
 *(.rwdata .rwdata.*)
 *(.sdata .sdata.* .gnu.linkonce.s.*)
 .sdata         0x01008850        0xc obj/default/Source/Brick.o
                0x01008850                brickHeight
                0x01008854                brickWidth
                0x01008858                startBrickHealth
 .sdata         0x0100885c        0x8 c:/altera/13.0sp1/nios2eds/bin/gnu/h-i686-mingw32/bin/../lib/gcc/nios2-elf/4.1.2/../../../../nios2-elf/lib\libc.a(lib_a-mallocr.o)
                0x0100885c                __malloc_trim_threshold
                0x01008860                __malloc_sbrk_base
 .sdata         0x01008864        0x8 c:/altera/13.0sp1/nios2eds/bin/gnu/h-i686-mingw32/bin/../lib/gcc/nios2-elf/4.1.2/../../../../nios2-elf/lib\libc.a(lib_a-impure.o)
                0x01008864                _impure_ptr
                0x01008868                _global_impure_ptr
 .sdata         0x0100886c        0x4 ../Module1Code_bsp/\libhal_bsp.a(alt_sbrk.o)
 .sdata         0x01008870        0x8 ../Module1Code_bsp/\libhal_bsp.a(alt_tick.o)
                0x01008870                alt_alarm_list
 .sdata         0x01008878       0x14 ../Module1Code_bsp/\libhal_bsp.a(alt_dev.o)
                0x01008878                alt_fs_list
                0x01008880                alt_dev_list
                0x01008888                alt_max_fd
 .sdata         0x0100888c        0x4 ../Module1Code_bsp/\libhal_bsp.a(alt_errno.o)
                0x0100888c                alt_errno
 .sdata         0x01008890        0x4 ../Module1Code_bsp/\libhal_bsp.a(alt_irq_vars.o)
                0x01008890                alt_priority_mask
 *(.sdata2 .sdata2.* .gnu.linkonce.s2.*)
                0x01008894                . = ALIGN (0x4)
                0x01008894                _edata = ABSOLUTE (.)
                0x01008894                PROVIDE (edata, ABSOLUTE (.))
                0x01008894                PROVIDE (__ram_rwdata_end, ABSOLUTE (.))
                0x01008894                PROVIDE (__flash_rwdata_start, LOADADDR (.rwdata))

.bss            0x0100a3b0      0x31c
                0x0100a3b0                __bss_start = ABSOLUTE (.)
                0x0100a3b0                PROVIDE (__sbss_start, ABSOLUTE (.))
                0x0100a3b0                PROVIDE (___sbss_start, ABSOLUTE (.))
 *(.dynsbss)
 *(.sbss .sbss.* .gnu.linkonce.sb.*)
 .sbss          0x0100a3b0        0x4 obj/default/Source/Ball.o
 .sbss          0x0100a3b4        0xc obj/default/Source/Drawing.o
 .sbss          0x0100a3c0        0x4 obj/default/Source/Interrupt.o
 .sbss          0x0100a3c4        0x4 obj/default/Source/Level.o
 .sbss          0x0100a3c8        0xc obj/default/entryPoint.o
 .sbss          0x0100a3d4        0xc c:/altera/13.0sp1/nios2eds/bin/gnu/h-i686-mingw32/bin/../lib/gcc/nios2-elf/4.1.2/../../../../nios2-elf/lib\libc.a(lib_a-mallocr.o)
                0x0100a3d4                __malloc_top_pad
                0x0100a3d8                __malloc_max_sbrked_mem
                0x0100a3dc                __malloc_max_total_mem
 .sbss          0x0100a3e0        0x4 c:/altera/13.0sp1/nios2eds/bin/gnu/h-i686-mingw32/bin/../lib/gcc/nios2-elf/4.1.2/../../../../nios2-elf/lib\libc.a(lib_a-int_errno.o)
                0x0100a3e0                errno
 .sbss          0x0100a3e4        0xc ../Module1Code_bsp/\libhal_bsp.a(alt_main.o)
                0x0100a3e4                alt_argc
                0x0100a3e8                alt_argv
                0x0100a3ec                alt_envp
 .sbss          0x0100a3f0        0x8 ../Module1Code_bsp/\libhal_bsp.a(alt_tick.o)
                0x0100a3f0                _alt_tick_rate
                0x0100a3f4                _alt_nticks
 .sbss          0x0100a3f8        0x4 ../Module1Code_bsp/\libhal_bsp.a(alt_irq_vars.o)
                0x0100a3f8                alt_irq_active
 *(.sbss2 .sbss2.* .gnu.linkonce.sb2.*)
 *(.scommon)
                0x0100a3fc                PROVIDE (__sbss_end, ABSOLUTE (.))
                0x0100a3fc                PROVIDE (___sbss_end, ABSOLUTE (.))
 *(.dynbss)
 *(.bss .bss.* .gnu.linkonce.b.*)
 .bss           0x0100a3fc        0x0 ../Module1Code_bsp//obj/HAL/src/crt0.o
 .bss           0x0100a3fc        0x0 obj/default/Source/Ball.o
 .bss           0x0100a3fc        0x0 obj/default/Source/Brick.o
 .bss           0x0100a3fc        0x0 obj/default/Source/Drawing.o
 .bss           0x0100a3fc        0x0 obj/default/Source/Game.o
 .bss           0x0100a3fc        0x0 obj/default/Source/Input.o
 .bss           0x0100a3fc       0x18 obj/default/Source/Interrupt.o
 .bss           0x0100a414        0x0 obj/default/Source/Level.o
 .bss           0x0100a414        0x0 obj/default/Source/Paddle.o
 .bss           0x0100a414        0x0 obj/default/entryPoint.o
 .bss           0x0100a414        0x0 c:/altera/13.0sp1/nios2eds/bin/gnu/h-i686-mingw32/bin/../lib/gcc/nios2-elf/4.1.2\libgcc.a(_addsub_sf.o)
 .bss           0x0100a414        0x0 c:/altera/13.0sp1/nios2eds/bin/gnu/h-i686-mingw32/bin/../lib/gcc/nios2-elf/4.1.2\libgcc.a(_div_sf.o)
 .bss           0x0100a414        0x0 c:/altera/13.0sp1/nios2eds/bin/gnu/h-i686-mingw32/bin/../lib/gcc/nios2-elf/4.1.2\libgcc.a(_gt_sf.o)
 .bss           0x0100a414        0x0 c:/altera/13.0sp1/nios2eds/bin/gnu/h-i686-mingw32/bin/../lib/gcc/nios2-elf/4.1.2\libgcc.a(_ge_sf.o)
 .bss           0x0100a414        0x0 c:/altera/13.0sp1/nios2eds/bin/gnu/h-i686-mingw32/bin/../lib/gcc/nios2-elf/4.1.2\libgcc.a(_lt_sf.o)
 .bss           0x0100a414        0x0 c:/altera/13.0sp1/nios2eds/bin/gnu/h-i686-mingw32/bin/../lib/gcc/nios2-elf/4.1.2\libgcc.a(_le_sf.o)
 .bss           0x0100a414        0x0 c:/altera/13.0sp1/nios2eds/bin/gnu/h-i686-mingw32/bin/../lib/gcc/nios2-elf/4.1.2\libgcc.a(_si_to_sf.o)
 .bss           0x0100a414        0x0 c:/altera/13.0sp1/nios2eds/bin/gnu/h-i686-mingw32/bin/../lib/gcc/nios2-elf/4.1.2\libgcc.a(_sf_to_si.o)
 .bss           0x0100a414        0x0 c:/altera/13.0sp1/nios2eds/bin/gnu/h-i686-mingw32/bin/../lib/gcc/nios2-elf/4.1.2\libgcc.a(_thenan_sf.o)
 .bss           0x0100a414        0x0 c:/altera/13.0sp1/nios2eds/bin/gnu/h-i686-mingw32/bin/../lib/gcc/nios2-elf/4.1.2\libgcc.a(lib2-divmod.o)
 .bss           0x0100a414        0x0 c:/altera/13.0sp1/nios2eds/bin/gnu/h-i686-mingw32/bin/../lib/gcc/nios2-elf/4.1.2\libgcc.a(_clzsi2.o)
 .bss           0x0100a414        0x0 c:/altera/13.0sp1/nios2eds/bin/gnu/h-i686-mingw32/bin/../lib/gcc/nios2-elf/4.1.2\libgcc.a(_pack_sf.o)
 .bss           0x0100a414        0x0 c:/altera/13.0sp1/nios2eds/bin/gnu/h-i686-mingw32/bin/../lib/gcc/nios2-elf/4.1.2\libgcc.a(_unpack_sf.o)
 .bss           0x0100a414        0x0 c:/altera/13.0sp1/nios2eds/bin/gnu/h-i686-mingw32/bin/../lib/gcc/nios2-elf/4.1.2\libgcc.a(_fpcmp_parts_sf.o)
 .bss           0x0100a414        0x0 c:/altera/13.0sp1/nios2eds/bin/gnu/h-i686-mingw32/bin/../lib/gcc/nios2-elf/4.1.2\libgcc.a(_clz.o)
 .bss           0x0100a414        0x0 c:/altera/13.0sp1/nios2eds/bin/gnu/h-i686-mingw32/bin/../lib/gcc/nios2-elf/4.1.2/../../../../nios2-elf/lib\libc.a(lib_a-malloc.o)
 .bss           0x0100a414       0x28 c:/altera/13.0sp1/nios2eds/bin/gnu/h-i686-mingw32/bin/../lib/gcc/nios2-elf/4.1.2/../../../../nios2-elf/lib\libc.a(lib_a-mallocr.o)
                0x0100a414                __malloc_current_mallinfo
 .bss           0x0100a43c        0x0 c:/altera/13.0sp1/nios2eds/bin/gnu/h-i686-mingw32/bin/../lib/gcc/nios2-elf/4.1.2/../../../../nios2-elf/lib\libc.a(lib_a-sbrkr.o)
 .bss           0x0100a43c        0x0 c:/altera/13.0sp1/nios2eds/bin/gnu/h-i686-mingw32/bin/../lib/gcc/nios2-elf/4.1.2/../../../../nios2-elf/lib\libc.a(lib_a-freer.o)
 .bss           0x0100a43c        0x0 c:/altera/13.0sp1/nios2eds/bin/gnu/h-i686-mingw32/bin/../lib/gcc/nios2-elf/4.1.2/../../../../nios2-elf/lib\libc.a(lib_a-impure.o)
 .bss           0x0100a43c        0x0 c:/altera/13.0sp1/nios2eds/bin/gnu/h-i686-mingw32/bin/../lib/gcc/nios2-elf/4.1.2/../../../../nios2-elf/lib\libc.a(lib_a-int_errno.o)
 .bss           0x0100a43c        0x0 ../Module1Code_bsp/\libhal_bsp.a(alt_alarm_start.o)
 .bss           0x0100a43c        0x0 ../Module1Code_bsp/\libhal_bsp.a(alt_load.o)
 .bss           0x0100a43c        0x0 ../Module1Code_bsp/\libhal_bsp.a(alt_main.o)
 .bss           0x0100a43c        0x0 ../Module1Code_bsp/\libhal_bsp.a(alt_malloc_lock.o)
 .bss           0x0100a43c        0x0 ../Module1Code_bsp/\libhal_bsp.a(alt_sbrk.o)
 .bss           0x0100a43c        0x0 ../Module1Code_bsp/\libhal_bsp.a(alt_tick.o)
 .bss           0x0100a43c        0x0 ../Module1Code_bsp/\libhal_bsp.a(alt_sys_init.o)
 .bss           0x0100a43c        0x0 ../Module1Code_bsp/\libhal_bsp.a(altera_avalon_jtag_uart_fd.o)
 .bss           0x0100a43c        0x0 ../Module1Code_bsp/\libhal_bsp.a(altera_avalon_jtag_uart_init.o)
 .bss           0x0100a43c        0x0 ../Module1Code_bsp/\libhal_bsp.a(altera_avalon_jtag_uart_ioctl.o)
 .bss           0x0100a43c        0x0 ../Module1Code_bsp/\libhal_bsp.a(altera_avalon_jtag_uart_read.o)
 .bss           0x0100a43c        0x0 ../Module1Code_bsp/\libhal_bsp.a(altera_avalon_jtag_uart_write.o)
 .bss           0x0100a43c        0x0 ../Module1Code_bsp/\libhal_bsp.a(altera_avalon_timer_sc.o)
 .bss           0x0100a43c        0x0 ../Module1Code_bsp/\libhal_bsp.a(altera_up_avalon_video_character_buffer_with_dma.o)
 .bss           0x0100a43c        0x0 ../Module1Code_bsp/\libhal_bsp.a(altera_up_avalon_video_pixel_buffer_dma.o)
 .bss           0x0100a43c        0x0 ../Module1Code_bsp/\libhal_bsp.a(alt_close.o)
 .bss           0x0100a43c        0x0 ../Module1Code_bsp/\libhal_bsp.a(alt_dcache_flush_all.o)
 .bss           0x0100a43c        0x0 ../Module1Code_bsp/\libhal_bsp.a(alt_dev.o)
 .bss           0x0100a43c        0x0 ../Module1Code_bsp/\libhal_bsp.a(alt_dev_llist_insert.o)
 .bss           0x0100a43c        0x0 ../Module1Code_bsp/\libhal_bsp.a(alt_do_ctors.o)
 .bss           0x0100a43c        0x0 ../Module1Code_bsp/\libhal_bsp.a(alt_do_dtors.o)
 .bss           0x0100a43c        0x0 ../Module1Code_bsp/\libhal_bsp.a(alt_errno.o)
 .bss           0x0100a43c        0x0 ../Module1Code_bsp/\libhal_bsp.a(alt_find_dev.o)
 .bss           0x0100a43c        0x0 ../Module1Code_bsp/\libhal_bsp.a(alt_icache_flush_all.o)
 .bss           0x0100a43c        0x0 ../Module1Code_bsp/\libhal_bsp.a(alt_iic.o)
 .bss           0x0100a43c        0x0 ../Module1Code_bsp/\libhal_bsp.a(alt_iic_isr_register.o)
 .bss           0x0100a43c        0x0 ../Module1Code_bsp/\libhal_bsp.a(alt_io_redirect.o)
 .bss           0x0100a43c        0x0 ../Module1Code_bsp/\libhal_bsp.a(alt_irq_entry.o)
 .bss           0x0100a43c        0x0 ../Module1Code_bsp/\libhal_bsp.a(alt_irq_handler.o)
 .bss           0x0100a43c        0x0 ../Module1Code_bsp/\libhal_bsp.a(alt_irq_vars.o)
 .bss           0x0100a43c        0x0 ../Module1Code_bsp/\libhal_bsp.a(alt_open.o)
 .bss           0x0100a43c        0x0 ../Module1Code_bsp/\libhal_bsp.a(alt_release_fd.o)
 .bss           0x0100a43c        0x0 ../Module1Code_bsp/\libhal_bsp.a(altera_nios2_qsys_irq.o)
 .bss           0x0100a43c        0x0 ../Module1Code_bsp/\libhal_bsp.a(alt_exception_entry.o)
 .bss           0x0100a43c        0x0 ../Module1Code_bsp/\libhal_bsp.a(alt_find_file.o)
 .bss           0x0100a43c        0x0 ../Module1Code_bsp/\libhal_bsp.a(alt_get_fd.o)
 .bss           0x0100a43c        0x0 ../Module1Code_bsp/\libhal_bsp.a(alt_icache_flush.o)
 .bss           0x0100a43c        0x0 c:/altera/13.0sp1/nios2eds/bin/gnu/h-i686-mingw32/bin/../lib/gcc/nios2-elf/4.1.2/../../../../nios2-elf/lib\libc.a(lib_a-atexit.o)
 .bss           0x0100a43c        0x0 c:/altera/13.0sp1/nios2eds/bin/gnu/h-i686-mingw32/bin/../lib/gcc/nios2-elf/4.1.2/../../../../nios2-elf/lib\libc.a(lib_a-exit.o)
 .bss           0x0100a43c        0x0 c:/altera/13.0sp1/nios2eds/bin/gnu/h-i686-mingw32/bin/../lib/gcc/nios2-elf/4.1.2/../../../../nios2-elf/lib\libc.a(lib_a-memcmp.o)
 .bss           0x0100a43c        0x0 c:/altera/13.0sp1/nios2eds/bin/gnu/h-i686-mingw32/bin/../lib/gcc/nios2-elf/4.1.2/../../../../nios2-elf/lib\libc.a(lib_a-memcpy.o)
 .bss           0x0100a43c        0x0 c:/altera/13.0sp1/nios2eds/bin/gnu/h-i686-mingw32/bin/../lib/gcc/nios2-elf/4.1.2/../../../../nios2-elf/lib\libc.a(lib_a-strcmp.o)
 .bss           0x0100a43c        0x0 c:/altera/13.0sp1/nios2eds/bin/gnu/h-i686-mingw32/bin/../lib/gcc/nios2-elf/4.1.2/../../../../nios2-elf/lib\libc.a(lib_a-strlen.o)
 .bss           0x0100a43c        0x0 c:/altera/13.0sp1/nios2eds/bin/gnu/h-i686-mingw32/bin/../lib/gcc/nios2-elf/4.1.2/../../../../nios2-elf/lib\libc.a(lib_a-__atexit.o)
 .bss           0x0100a43c        0x0 c:/altera/13.0sp1/nios2eds/bin/gnu/h-i686-mingw32/bin/../lib/gcc/nios2-elf/4.1.2/../../../../nios2-elf/lib\libc.a(lib_a-__call_atexit.o)
 .bss           0x0100a43c        0x0 ../Module1Code_bsp/\libhal_bsp.a(alt_exit.o)
 *(COMMON)
 COMMON         0x0100a43c      0x100 ../Module1Code_bsp/\libhal_bsp.a(alt_irq_handler.o)
                0x0100a43c                alt_irq
 COMMON         0x0100a53c      0x190 c:/altera/13.0sp1/nios2eds/bin/gnu/h-i686-mingw32/bin/../lib/gcc/nios2-elf/4.1.2/../../../../nios2-elf/lib\libc.a(lib_a-atexit.o)
                0x0100a53c                _atexit0
                0x0100a6cc                . = ALIGN (0x4)
                0x0100a6cc                __bss_end = ABSOLUTE (.)

.onchip_memory2_0
                0x00000000        0x0 load address 0x0100a6cc
                0x00000000                PROVIDE (_alt_partition_onchip_memory2_0_start, ABSOLUTE (.))
 *(.onchip_memory2_0. onchip_memory2_0.*)
                0x00000000                . = ALIGN (0x4)
                0x00000000                PROVIDE (_alt_partition_onchip_memory2_0_end, ABSOLUTE (.))
                0x0100a6cc                PROVIDE (_alt_partition_onchip_memory2_0_load_addr, LOADADDR (.onchip_memory2_0))

.sdram          0x0100a6cc        0x0
                0x0100a6cc                PROVIDE (_alt_partition_sdram_start, ABSOLUTE (.))
 *(.sdram. sdram.*)
                0x0100a6cc                . = ALIGN (0x4)
                0x0100a6cc                PROVIDE (_alt_partition_sdram_end, ABSOLUTE (.))
                0x0100a6cc                _end = ABSOLUTE (.)
                0x0100a6cc                end = ABSOLUTE (.)
                0x0100a6cc                __alt_stack_base = ABSOLUTE (.)
                0x0100a6cc                PROVIDE (_alt_partition_sdram_load_addr, LOADADDR (.sdram))

.stab
 *(.stab)

.stabstr
 *(.stabstr)

.stab.excl
 *(.stab.excl)

.stab.exclstr
 *(.stab.exclstr)

.stab.index
 *(.stab.index)

.stab.indexstr
 *(.stab.indexstr)

.comment        0x00000000       0x26
 *(.comment)
 .comment       0x00000000       0x26 obj/default/Source/Ball.o
                                 0x27 (size before relaxing)
 .comment       0x00000000       0x27 obj/default/Source/Brick.o
 .comment       0x00000000       0x27 obj/default/Source/Drawing.o
 .comment       0x00000000       0x27 obj/default/Source/Game.o
 .comment       0x00000000       0x27 obj/default/Source/Input.o
 .comment       0x00000000       0x27 obj/default/Source/Interrupt.o
 .comment       0x00000000       0x27 obj/default/Source/Level.o
 .comment       0x00000000       0x27 obj/default/Source/Paddle.o
 .comment       0x00000000       0x27 obj/default/entryPoint.o
 .comment       0x00000000       0x27 c:/altera/13.0sp1/nios2eds/bin/gnu/h-i686-mingw32/bin/../lib/gcc/nios2-elf/4.1.2\libgcc.a(_addsub_sf.o)
 .comment       0x00000000       0x27 c:/altera/13.0sp1/nios2eds/bin/gnu/h-i686-mingw32/bin/../lib/gcc/nios2-elf/4.1.2\libgcc.a(_div_sf.o)
 .comment       0x00000000       0x27 c:/altera/13.0sp1/nios2eds/bin/gnu/h-i686-mingw32/bin/../lib/gcc/nios2-elf/4.1.2\libgcc.a(_gt_sf.o)
 .comment       0x00000000       0x27 c:/altera/13.0sp1/nios2eds/bin/gnu/h-i686-mingw32/bin/../lib/gcc/nios2-elf/4.1.2\libgcc.a(_ge_sf.o)
 .comment       0x00000000       0x27 c:/altera/13.0sp1/nios2eds/bin/gnu/h-i686-mingw32/bin/../lib/gcc/nios2-elf/4.1.2\libgcc.a(_lt_sf.o)
 .comment       0x00000000       0x27 c:/altera/13.0sp1/nios2eds/bin/gnu/h-i686-mingw32/bin/../lib/gcc/nios2-elf/4.1.2\libgcc.a(_le_sf.o)
 .comment       0x00000000       0x27 c:/altera/13.0sp1/nios2eds/bin/gnu/h-i686-mingw32/bin/../lib/gcc/nios2-elf/4.1.2\libgcc.a(_si_to_sf.o)
 .comment       0x00000000       0x27 c:/altera/13.0sp1/nios2eds/bin/gnu/h-i686-mingw32/bin/../lib/gcc/nios2-elf/4.1.2\libgcc.a(_sf_to_si.o)
 .comment       0x00000000       0x27 c:/altera/13.0sp1/nios2eds/bin/gnu/h-i686-mingw32/bin/../lib/gcc/nios2-elf/4.1.2\libgcc.a(_thenan_sf.o)
 .comment       0x00000000       0x27 c:/altera/13.0sp1/nios2eds/bin/gnu/h-i686-mingw32/bin/../lib/gcc/nios2-elf/4.1.2\libgcc.a(lib2-divmod.o)
 .comment       0x00000000       0x27 c:/altera/13.0sp1/nios2eds/bin/gnu/h-i686-mingw32/bin/../lib/gcc/nios2-elf/4.1.2\libgcc.a(_clzsi2.o)
 .comment       0x00000000       0x27 c:/altera/13.0sp1/nios2eds/bin/gnu/h-i686-mingw32/bin/../lib/gcc/nios2-elf/4.1.2\libgcc.a(_pack_sf.o)
 .comment       0x00000000       0x27 c:/altera/13.0sp1/nios2eds/bin/gnu/h-i686-mingw32/bin/../lib/gcc/nios2-elf/4.1.2\libgcc.a(_unpack_sf.o)
 .comment       0x00000000       0x27 c:/altera/13.0sp1/nios2eds/bin/gnu/h-i686-mingw32/bin/../lib/gcc/nios2-elf/4.1.2\libgcc.a(_fpcmp_parts_sf.o)
 .comment       0x00000000       0x27 c:/altera/13.0sp1/nios2eds/bin/gnu/h-i686-mingw32/bin/../lib/gcc/nios2-elf/4.1.2\libgcc.a(_clz.o)
 .comment       0x00000000       0x27 c:/altera/13.0sp1/nios2eds/bin/gnu/h-i686-mingw32/bin/../lib/gcc/nios2-elf/4.1.2/../../../../nios2-elf/lib\libc.a(lib_a-malloc.o)
 .comment       0x00000000       0x27 c:/altera/13.0sp1/nios2eds/bin/gnu/h-i686-mingw32/bin/../lib/gcc/nios2-elf/4.1.2/../../../../nios2-elf/lib\libc.a(lib_a-mallocr.o)
 .comment       0x00000000       0x27 c:/altera/13.0sp1/nios2eds/bin/gnu/h-i686-mingw32/bin/../lib/gcc/nios2-elf/4.1.2/../../../../nios2-elf/lib\libc.a(lib_a-sbrkr.o)
 .comment       0x00000000       0x27 c:/altera/13.0sp1/nios2eds/bin/gnu/h-i686-mingw32/bin/../lib/gcc/nios2-elf/4.1.2/../../../../nios2-elf/lib\libc.a(lib_a-freer.o)
 .comment       0x00000000       0x27 c:/altera/13.0sp1/nios2eds/bin/gnu/h-i686-mingw32/bin/../lib/gcc/nios2-elf/4.1.2/../../../../nios2-elf/lib\libc.a(lib_a-impure.o)
 .comment       0x00000000       0x27 c:/altera/13.0sp1/nios2eds/bin/gnu/h-i686-mingw32/bin/../lib/gcc/nios2-elf/4.1.2/../../../../nios2-elf/lib\libc.a(lib_a-int_errno.o)
 .comment       0x00000000       0x27 ../Module1Code_bsp/\libhal_bsp.a(alt_alarm_start.o)
 .comment       0x00000000       0x27 ../Module1Code_bsp/\libhal_bsp.a(alt_load.o)
 .comment       0x00000000       0x27 ../Module1Code_bsp/\libhal_bsp.a(alt_main.o)
 .comment       0x00000000       0x27 ../Module1Code_bsp/\libhal_bsp.a(alt_malloc_lock.o)
 .comment       0x00000000       0x27 ../Module1Code_bsp/\libhal_bsp.a(alt_sbrk.o)
 .comment       0x00000000       0x27 ../Module1Code_bsp/\libhal_bsp.a(alt_tick.o)
 .comment       0x00000000       0x27 ../Module1Code_bsp/\libhal_bsp.a(alt_sys_init.o)
 .comment       0x00000000       0x27 ../Module1Code_bsp/\libhal_bsp.a(altera_avalon_jtag_uart_fd.o)
 .comment       0x00000000       0x27 ../Module1Code_bsp/\libhal_bsp.a(altera_avalon_jtag_uart_init.o)
 .comment       0x00000000       0x27 ../Module1Code_bsp/\libhal_bsp.a(altera_avalon_jtag_uart_ioctl.o)
 .comment       0x00000000       0x27 ../Module1Code_bsp/\libhal_bsp.a(altera_avalon_jtag_uart_read.o)
 .comment       0x00000000       0x27 ../Module1Code_bsp/\libhal_bsp.a(altera_avalon_jtag_uart_write.o)
 .comment       0x00000000       0x27 ../Module1Code_bsp/\libhal_bsp.a(altera_avalon_timer_sc.o)
 .comment       0x00000000       0x27 ../Module1Code_bsp/\libhal_bsp.a(altera_up_avalon_video_character_buffer_with_dma.o)
 .comment       0x00000000       0x27 ../Module1Code_bsp/\libhal_bsp.a(altera_up_avalon_video_pixel_buffer_dma.o)
 .comment       0x00000000       0x27 ../Module1Code_bsp/\libhal_bsp.a(alt_close.o)
 .comment       0x00000000       0x27 ../Module1Code_bsp/\libhal_bsp.a(alt_dcache_flush_all.o)
 .comment       0x00000000       0x27 ../Module1Code_bsp/\libhal_bsp.a(alt_dev.o)
 .comment       0x00000000       0x27 ../Module1Code_bsp/\libhal_bsp.a(alt_dev_llist_insert.o)
 .comment       0x00000000       0x27 ../Module1Code_bsp/\libhal_bsp.a(alt_do_ctors.o)
 .comment       0x00000000       0x27 ../Module1Code_bsp/\libhal_bsp.a(alt_do_dtors.o)
 .comment       0x00000000       0x27 ../Module1Code_bsp/\libhal_bsp.a(alt_errno.o)
 .comment       0x00000000       0x27 ../Module1Code_bsp/\libhal_bsp.a(alt_find_dev.o)
 .comment       0x00000000       0x27 ../Module1Code_bsp/\libhal_bsp.a(alt_icache_flush_all.o)
 .comment       0x00000000       0x27 ../Module1Code_bsp/\libhal_bsp.a(alt_iic.o)
 .comment       0x00000000       0x27 ../Module1Code_bsp/\libhal_bsp.a(alt_iic_isr_register.o)
 .comment       0x00000000       0x27 ../Module1Code_bsp/\libhal_bsp.a(alt_io_redirect.o)
 .comment       0x00000000       0x27 ../Module1Code_bsp/\libhal_bsp.a(alt_irq_handler.o)
 .comment       0x00000000       0x27 ../Module1Code_bsp/\libhal_bsp.a(alt_irq_vars.o)
 .comment       0x00000000       0x27 ../Module1Code_bsp/\libhal_bsp.a(alt_open.o)
 .comment       0x00000000       0x27 ../Module1Code_bsp/\libhal_bsp.a(alt_release_fd.o)
 .comment       0x00000000       0x27 ../Module1Code_bsp/\libhal_bsp.a(altera_nios2_qsys_irq.o)
 .comment       0x00000000       0x27 ../Module1Code_bsp/\libhal_bsp.a(alt_find_file.o)
 .comment       0x00000000       0x27 ../Module1Code_bsp/\libhal_bsp.a(alt_get_fd.o)
 .comment       0x00000000       0x27 ../Module1Code_bsp/\libhal_bsp.a(alt_icache_flush.o)
 .comment       0x00000000       0x27 c:/altera/13.0sp1/nios2eds/bin/gnu/h-i686-mingw32/bin/../lib/gcc/nios2-elf/4.1.2/../../../../nios2-elf/lib\libc.a(lib_a-atexit.o)
 .comment       0x00000000       0x27 c:/altera/13.0sp1/nios2eds/bin/gnu/h-i686-mingw32/bin/../lib/gcc/nios2-elf/4.1.2/../../../../nios2-elf/lib\libc.a(lib_a-exit.o)
 .comment       0x00000000       0x27 c:/altera/13.0sp1/nios2eds/bin/gnu/h-i686-mingw32/bin/../lib/gcc/nios2-elf/4.1.2/../../../../nios2-elf/lib\libc.a(lib_a-memcmp.o)
 .comment       0x00000000       0x27 c:/altera/13.0sp1/nios2eds/bin/gnu/h-i686-mingw32/bin/../lib/gcc/nios2-elf/4.1.2/../../../../nios2-elf/lib\libc.a(lib_a-memcpy.o)
 .comment       0x00000000       0x27 c:/altera/13.0sp1/nios2eds/bin/gnu/h-i686-mingw32/bin/../lib/gcc/nios2-elf/4.1.2/../../../../nios2-elf/lib\libc.a(lib_a-strcmp.o)
 .comment       0x00000000       0x27 c:/altera/13.0sp1/nios2eds/bin/gnu/h-i686-mingw32/bin/../lib/gcc/nios2-elf/4.1.2/../../../../nios2-elf/lib\libc.a(lib_a-strlen.o)
 .comment       0x00000000       0x27 c:/altera/13.0sp1/nios2eds/bin/gnu/h-i686-mingw32/bin/../lib/gcc/nios2-elf/4.1.2/../../../../nios2-elf/lib\libc.a(lib_a-__atexit.o)
 .comment       0x00000000       0x27 c:/altera/13.0sp1/nios2eds/bin/gnu/h-i686-mingw32/bin/../lib/gcc/nios2-elf/4.1.2/../../../../nios2-elf/lib\libc.a(lib_a-__call_atexit.o)
 .comment       0x00000000       0x27 ../Module1Code_bsp/\libhal_bsp.a(alt_exit.o)

.debug
 *(.debug)

.line
 *(.line)

.debug_srcinfo
 *(.debug_srcinfo)

.debug_sfnames
 *(.debug_sfnames)

.debug_aranges  0x00000000      0x8f8
 *(.debug_aranges)
 .debug_aranges
                0x00000000       0x28 ../Module1Code_bsp//obj/HAL/src/crt0.o
 .debug_aranges
                0x00000028       0x20 obj/default/Source/Ball.o
 .debug_aranges
                0x00000048       0x20 obj/default/Source/Brick.o
 .debug_aranges
                0x00000068       0x20 obj/default/Source/Drawing.o
 .debug_aranges
                0x00000088       0x20 obj/default/Source/Input.o
 .debug_aranges
                0x000000a8       0x20 obj/default/Source/Interrupt.o
 .debug_aranges
                0x000000c8       0x20 obj/default/Source/Level.o
 .debug_aranges
                0x000000e8       0x20 obj/default/Source/Paddle.o
 .debug_aranges
                0x00000108       0x20 obj/default/entryPoint.o
 .debug_aranges
                0x00000128       0x20 c:/altera/13.0sp1/nios2eds/bin/gnu/h-i686-mingw32/bin/../lib/gcc/nios2-elf/4.1.2\libgcc.a(_addsub_sf.o)
 .debug_aranges
                0x00000148       0x20 c:/altera/13.0sp1/nios2eds/bin/gnu/h-i686-mingw32/bin/../lib/gcc/nios2-elf/4.1.2\libgcc.a(_div_sf.o)
 .debug_aranges
                0x00000168       0x20 c:/altera/13.0sp1/nios2eds/bin/gnu/h-i686-mingw32/bin/../lib/gcc/nios2-elf/4.1.2\libgcc.a(_gt_sf.o)
 .debug_aranges
                0x00000188       0x20 c:/altera/13.0sp1/nios2eds/bin/gnu/h-i686-mingw32/bin/../lib/gcc/nios2-elf/4.1.2\libgcc.a(_ge_sf.o)
 .debug_aranges
                0x000001a8       0x20 c:/altera/13.0sp1/nios2eds/bin/gnu/h-i686-mingw32/bin/../lib/gcc/nios2-elf/4.1.2\libgcc.a(_lt_sf.o)
 .debug_aranges
                0x000001c8       0x20 c:/altera/13.0sp1/nios2eds/bin/gnu/h-i686-mingw32/bin/../lib/gcc/nios2-elf/4.1.2\libgcc.a(_le_sf.o)
 .debug_aranges
                0x000001e8       0x20 c:/altera/13.0sp1/nios2eds/bin/gnu/h-i686-mingw32/bin/../lib/gcc/nios2-elf/4.1.2\libgcc.a(_si_to_sf.o)
 .debug_aranges
                0x00000208       0x20 c:/altera/13.0sp1/nios2eds/bin/gnu/h-i686-mingw32/bin/../lib/gcc/nios2-elf/4.1.2\libgcc.a(_sf_to_si.o)
 .debug_aranges
                0x00000228       0x20 c:/altera/13.0sp1/nios2eds/bin/gnu/h-i686-mingw32/bin/../lib/gcc/nios2-elf/4.1.2\libgcc.a(lib2-divmod.o)
 .debug_aranges
                0x00000248       0x20 c:/altera/13.0sp1/nios2eds/bin/gnu/h-i686-mingw32/bin/../lib/gcc/nios2-elf/4.1.2\libgcc.a(_clzsi2.o)
 .debug_aranges
                0x00000268       0x20 c:/altera/13.0sp1/nios2eds/bin/gnu/h-i686-mingw32/bin/../lib/gcc/nios2-elf/4.1.2\libgcc.a(_pack_sf.o)
 .debug_aranges
                0x00000288       0x20 c:/altera/13.0sp1/nios2eds/bin/gnu/h-i686-mingw32/bin/../lib/gcc/nios2-elf/4.1.2\libgcc.a(_unpack_sf.o)
 .debug_aranges
                0x000002a8       0x20 c:/altera/13.0sp1/nios2eds/bin/gnu/h-i686-mingw32/bin/../lib/gcc/nios2-elf/4.1.2\libgcc.a(_fpcmp_parts_sf.o)
 .debug_aranges
                0x000002c8       0x20 c:/altera/13.0sp1/nios2eds/bin/gnu/h-i686-mingw32/bin/../lib/gcc/nios2-elf/4.1.2/../../../../nios2-elf/lib\libc.a(lib_a-malloc.o)
 .debug_aranges
                0x000002e8       0x20 c:/altera/13.0sp1/nios2eds/bin/gnu/h-i686-mingw32/bin/../lib/gcc/nios2-elf/4.1.2/../../../../nios2-elf/lib\libc.a(lib_a-mallocr.o)
 .debug_aranges
                0x00000308       0x20 c:/altera/13.0sp1/nios2eds/bin/gnu/h-i686-mingw32/bin/../lib/gcc/nios2-elf/4.1.2/../../../../nios2-elf/lib\libc.a(lib_a-sbrkr.o)
 .debug_aranges
                0x00000328       0x20 c:/altera/13.0sp1/nios2eds/bin/gnu/h-i686-mingw32/bin/../lib/gcc/nios2-elf/4.1.2/../../../../nios2-elf/lib\libc.a(lib_a-freer.o)
 .debug_aranges
                0x00000348       0x20 ../Module1Code_bsp/\libhal_bsp.a(alt_alarm_start.o)
 .debug_aranges
                0x00000368       0x20 ../Module1Code_bsp/\libhal_bsp.a(alt_load.o)
 .debug_aranges
                0x00000388       0x20 ../Module1Code_bsp/\libhal_bsp.a(alt_main.o)
 .debug_aranges
                0x000003a8       0x20 ../Module1Code_bsp/\libhal_bsp.a(alt_malloc_lock.o)
 .debug_aranges
                0x000003c8       0x20 ../Module1Code_bsp/\libhal_bsp.a(alt_sbrk.o)
 .debug_aranges
                0x000003e8       0x20 ../Module1Code_bsp/\libhal_bsp.a(alt_tick.o)
 .debug_aranges
                0x00000408       0x20 ../Module1Code_bsp/\libhal_bsp.a(alt_sys_init.o)
 .debug_aranges
                0x00000428       0x20 ../Module1Code_bsp/\libhal_bsp.a(altera_avalon_jtag_uart_fd.o)
 .debug_aranges
                0x00000448       0x20 ../Module1Code_bsp/\libhal_bsp.a(altera_avalon_jtag_uart_init.o)
 .debug_aranges
                0x00000468       0x20 ../Module1Code_bsp/\libhal_bsp.a(altera_avalon_jtag_uart_ioctl.o)
 .debug_aranges
                0x00000488       0x20 ../Module1Code_bsp/\libhal_bsp.a(altera_avalon_jtag_uart_read.o)
 .debug_aranges
                0x000004a8       0x20 ../Module1Code_bsp/\libhal_bsp.a(altera_avalon_jtag_uart_write.o)
 .debug_aranges
                0x000004c8       0x20 ../Module1Code_bsp/\libhal_bsp.a(altera_avalon_timer_sc.o)
 .debug_aranges
                0x000004e8       0x20 ../Module1Code_bsp/\libhal_bsp.a(altera_up_avalon_video_character_buffer_with_dma.o)
 .debug_aranges
                0x00000508       0x20 ../Module1Code_bsp/\libhal_bsp.a(altera_up_avalon_video_pixel_buffer_dma.o)
 .debug_aranges
                0x00000528       0x20 ../Module1Code_bsp/\libhal_bsp.a(alt_close.o)
 .debug_aranges
                0x00000548       0x20 ../Module1Code_bsp/\libhal_bsp.a(alt_dcache_flush_all.o)
 .debug_aranges
                0x00000568       0x20 ../Module1Code_bsp/\libhal_bsp.a(alt_dev.o)
 .debug_aranges
                0x00000588       0x20 ../Module1Code_bsp/\libhal_bsp.a(alt_dev_llist_insert.o)
 .debug_aranges
                0x000005a8       0x20 ../Module1Code_bsp/\libhal_bsp.a(alt_do_ctors.o)
 .debug_aranges
                0x000005c8       0x20 ../Module1Code_bsp/\libhal_bsp.a(alt_do_dtors.o)
 .debug_aranges
                0x000005e8       0x20 ../Module1Code_bsp/\libhal_bsp.a(alt_find_dev.o)
 .debug_aranges
                0x00000608       0x20 ../Module1Code_bsp/\libhal_bsp.a(alt_icache_flush_all.o)
 .debug_aranges
                0x00000628       0x20 ../Module1Code_bsp/\libhal_bsp.a(alt_iic.o)
 .debug_aranges
                0x00000648       0x20 ../Module1Code_bsp/\libhal_bsp.a(alt_iic_isr_register.o)
 .debug_aranges
                0x00000668       0x20 ../Module1Code_bsp/\libhal_bsp.a(alt_io_redirect.o)
 .debug_aranges
                0x00000688       0x30 ../Module1Code_bsp/\libhal_bsp.a(alt_irq_entry.o)
 .debug_aranges
                0x000006b8       0x28 ../Module1Code_bsp/\libhal_bsp.a(alt_irq_handler.o)
 .debug_aranges
                0x000006e0       0x20 ../Module1Code_bsp/\libhal_bsp.a(alt_open.o)
 .debug_aranges
                0x00000700       0x20 ../Module1Code_bsp/\libhal_bsp.a(alt_release_fd.o)
 .debug_aranges
                0x00000720       0x20 ../Module1Code_bsp/\libhal_bsp.a(altera_nios2_qsys_irq.o)
 .debug_aranges
                0x00000740       0x38 ../Module1Code_bsp/\libhal_bsp.a(alt_exception_entry.o)
 .debug_aranges
                0x00000778       0x20 ../Module1Code_bsp/\libhal_bsp.a(alt_find_file.o)
 .debug_aranges
                0x00000798       0x20 ../Module1Code_bsp/\libhal_bsp.a(alt_get_fd.o)
 .debug_aranges
                0x000007b8       0x20 ../Module1Code_bsp/\libhal_bsp.a(alt_icache_flush.o)
 .debug_aranges
                0x000007d8       0x20 c:/altera/13.0sp1/nios2eds/bin/gnu/h-i686-mingw32/bin/../lib/gcc/nios2-elf/4.1.2/../../../../nios2-elf/lib\libc.a(lib_a-atexit.o)
 .debug_aranges
                0x000007f8       0x20 c:/altera/13.0sp1/nios2eds/bin/gnu/h-i686-mingw32/bin/../lib/gcc/nios2-elf/4.1.2/../../../../nios2-elf/lib\libc.a(lib_a-exit.o)
 .debug_aranges
                0x00000818       0x20 c:/altera/13.0sp1/nios2eds/bin/gnu/h-i686-mingw32/bin/../lib/gcc/nios2-elf/4.1.2/../../../../nios2-elf/lib\libc.a(lib_a-memcmp.o)
 .debug_aranges
                0x00000838       0x20 c:/altera/13.0sp1/nios2eds/bin/gnu/h-i686-mingw32/bin/../lib/gcc/nios2-elf/4.1.2/../../../../nios2-elf/lib\libc.a(lib_a-memcpy.o)
 .debug_aranges
                0x00000858       0x20 c:/altera/13.0sp1/nios2eds/bin/gnu/h-i686-mingw32/bin/../lib/gcc/nios2-elf/4.1.2/../../../../nios2-elf/lib\libc.a(lib_a-strcmp.o)
 .debug_aranges
                0x00000878       0x20 c:/altera/13.0sp1/nios2eds/bin/gnu/h-i686-mingw32/bin/../lib/gcc/nios2-elf/4.1.2/../../../../nios2-elf/lib\libc.a(lib_a-strlen.o)
 .debug_aranges
                0x00000898       0x20 c:/altera/13.0sp1/nios2eds/bin/gnu/h-i686-mingw32/bin/../lib/gcc/nios2-elf/4.1.2/../../../../nios2-elf/lib\libc.a(lib_a-__atexit.o)
 .debug_aranges
                0x000008b8       0x20 c:/altera/13.0sp1/nios2eds/bin/gnu/h-i686-mingw32/bin/../lib/gcc/nios2-elf/4.1.2/../../../../nios2-elf/lib\libc.a(lib_a-__call_atexit.o)
 .debug_aranges
                0x000008d8       0x20 ../Module1Code_bsp/\libhal_bsp.a(alt_exit.o)

.debug_pubnames
                0x00000000     0x107b
 *(.debug_pubnames)
 .debug_pubnames
                0x00000000       0x5e obj/default/Source/Ball.o
 .debug_pubnames
                0x0000005e       0x5c obj/default/Source/Brick.o
 .debug_pubnames
                0x000000ba       0x65 obj/default/Source/Drawing.o
 .debug_pubnames
                0x0000011f       0x5f obj/default/Source/Input.o
 .debug_pubnames
                0x0000017e       0x4c obj/default/Source/Interrupt.o
 .debug_pubnames
                0x000001ca       0x20 obj/default/Source/Level.o
 .debug_pubnames
                0x000001ea       0x34 obj/default/Source/Paddle.o
 .debug_pubnames
                0x0000021e       0x2b obj/default/entryPoint.o
 .debug_pubnames
                0x00000249       0x2c c:/altera/13.0sp1/nios2eds/bin/gnu/h-i686-mingw32/bin/../lib/gcc/nios2-elf/4.1.2\libgcc.a(_addsub_sf.o)
 .debug_pubnames
                0x00000275       0x1f c:/altera/13.0sp1/nios2eds/bin/gnu/h-i686-mingw32/bin/../lib/gcc/nios2-elf/4.1.2\libgcc.a(_div_sf.o)
 .debug_pubnames
                0x00000294       0x1e c:/altera/13.0sp1/nios2eds/bin/gnu/h-i686-mingw32/bin/../lib/gcc/nios2-elf/4.1.2\libgcc.a(_gt_sf.o)
 .debug_pubnames
                0x000002b2       0x1e c:/altera/13.0sp1/nios2eds/bin/gnu/h-i686-mingw32/bin/../lib/gcc/nios2-elf/4.1.2\libgcc.a(_ge_sf.o)
 .debug_pubnames
                0x000002d0       0x1e c:/altera/13.0sp1/nios2eds/bin/gnu/h-i686-mingw32/bin/../lib/gcc/nios2-elf/4.1.2\libgcc.a(_lt_sf.o)
 .debug_pubnames
                0x000002ee       0x1e c:/altera/13.0sp1/nios2eds/bin/gnu/h-i686-mingw32/bin/../lib/gcc/nios2-elf/4.1.2\libgcc.a(_le_sf.o)
 .debug_pubnames
                0x0000030c       0x22 c:/altera/13.0sp1/nios2eds/bin/gnu/h-i686-mingw32/bin/../lib/gcc/nios2-elf/4.1.2\libgcc.a(_si_to_sf.o)
 .debug_pubnames
                0x0000032e       0x20 c:/altera/13.0sp1/nios2eds/bin/gnu/h-i686-mingw32/bin/../lib/gcc/nios2-elf/4.1.2\libgcc.a(_sf_to_si.o)
 .debug_pubnames
                0x0000034e       0x22 c:/altera/13.0sp1/nios2eds/bin/gnu/h-i686-mingw32/bin/../lib/gcc/nios2-elf/4.1.2\libgcc.a(_thenan_sf.o)
 .debug_pubnames
                0x00000370       0x48 c:/altera/13.0sp1/nios2eds/bin/gnu/h-i686-mingw32/bin/../lib/gcc/nios2-elf/4.1.2\libgcc.a(lib2-divmod.o)
 .debug_pubnames
                0x000003b8       0x1f c:/altera/13.0sp1/nios2eds/bin/gnu/h-i686-mingw32/bin/../lib/gcc/nios2-elf/4.1.2\libgcc.a(_clzsi2.o)
 .debug_pubnames
                0x000003d7       0x1f c:/altera/13.0sp1/nios2eds/bin/gnu/h-i686-mingw32/bin/../lib/gcc/nios2-elf/4.1.2\libgcc.a(_pack_sf.o)
 .debug_pubnames
                0x000003f6       0x21 c:/altera/13.0sp1/nios2eds/bin/gnu/h-i686-mingw32/bin/../lib/gcc/nios2-elf/4.1.2\libgcc.a(_unpack_sf.o)
 .debug_pubnames
                0x00000417       0x26 c:/altera/13.0sp1/nios2eds/bin/gnu/h-i686-mingw32/bin/../lib/gcc/nios2-elf/4.1.2\libgcc.a(_fpcmp_parts_sf.o)
 .debug_pubnames
                0x0000043d       0x20 c:/altera/13.0sp1/nios2eds/bin/gnu/h-i686-mingw32/bin/../lib/gcc/nios2-elf/4.1.2\libgcc.a(_clz.o)
 .debug_pubnames
                0x0000045d       0x26 c:/altera/13.0sp1/nios2eds/bin/gnu/h-i686-mingw32/bin/../lib/gcc/nios2-elf/4.1.2/../../../../nios2-elf/lib\libc.a(lib_a-malloc.o)
 .debug_pubnames
                0x00000483       0xce c:/altera/13.0sp1/nios2eds/bin/gnu/h-i686-mingw32/bin/../lib/gcc/nios2-elf/4.1.2/../../../../nios2-elf/lib\libc.a(lib_a-mallocr.o)
 .debug_pubnames
                0x00000551       0x1e c:/altera/13.0sp1/nios2eds/bin/gnu/h-i686-mingw32/bin/../lib/gcc/nios2-elf/4.1.2/../../../../nios2-elf/lib\libc.a(lib_a-sbrkr.o)
 .debug_pubnames
                0x0000056f       0x31 c:/altera/13.0sp1/nios2eds/bin/gnu/h-i686-mingw32/bin/../lib/gcc/nios2-elf/4.1.2/../../../../nios2-elf/lib\libc.a(lib_a-freer.o)
 .debug_pubnames
                0x000005a0       0x39 c:/altera/13.0sp1/nios2eds/bin/gnu/h-i686-mingw32/bin/../lib/gcc/nios2-elf/4.1.2/../../../../nios2-elf/lib\libc.a(lib_a-impure.o)
 .debug_pubnames
                0x000005d9       0x1c c:/altera/13.0sp1/nios2eds/bin/gnu/h-i686-mingw32/bin/../lib/gcc/nios2-elf/4.1.2/../../../../nios2-elf/lib\libc.a(lib_a-int_errno.o)
 .debug_pubnames
                0x000005f5       0x26 ../Module1Code_bsp/\libhal_bsp.a(alt_alarm_start.o)
 .debug_pubnames
                0x0000061b       0x1f ../Module1Code_bsp/\libhal_bsp.a(alt_load.o)
 .debug_pubnames
                0x0000063a       0x46 ../Module1Code_bsp/\libhal_bsp.a(alt_main.o)
 .debug_pubnames
                0x00000680       0x38 ../Module1Code_bsp/\libhal_bsp.a(alt_malloc_lock.o)
 .debug_pubnames
                0x000006b8       0x1b ../Module1Code_bsp/\libhal_bsp.a(alt_sbrk.o)
 .debug_pubnames
                0x000006d3       0x68 ../Module1Code_bsp/\libhal_bsp.a(alt_tick.o)
 .debug_pubnames
                0x0000073b       0x34 ../Module1Code_bsp/\libhal_bsp.a(alt_sys_init.o)
 .debug_pubnames
                0x0000076f       0xa5 ../Module1Code_bsp/\libhal_bsp.a(altera_avalon_jtag_uart_fd.o)
 .debug_pubnames
                0x00000814       0x55 ../Module1Code_bsp/\libhal_bsp.a(altera_avalon_jtag_uart_init.o)
 .debug_pubnames
                0x00000869       0x34 ../Module1Code_bsp/\libhal_bsp.a(altera_avalon_jtag_uart_ioctl.o)
 .debug_pubnames
                0x0000089d       0x33 ../Module1Code_bsp/\libhal_bsp.a(altera_avalon_jtag_uart_read.o)
 .debug_pubnames
                0x000008d0       0x34 ../Module1Code_bsp/\libhal_bsp.a(altera_avalon_jtag_uart_write.o)
 .debug_pubnames
                0x00000904       0x2f ../Module1Code_bsp/\libhal_bsp.a(altera_avalon_timer_sc.o)
 .debug_pubnames
                0x00000933       0xa5 ../Module1Code_bsp/\libhal_bsp.a(altera_up_avalon_video_character_buffer_with_dma.o)
 .debug_pubnames
                0x000009d8      0x1f1 ../Module1Code_bsp/\libhal_bsp.a(altera_up_avalon_video_pixel_buffer_dma.o)
 .debug_pubnames
                0x00000bc9       0x1c ../Module1Code_bsp/\libhal_bsp.a(alt_close.o)
 .debug_pubnames
                0x00000be5       0x2b ../Module1Code_bsp/\libhal_bsp.a(alt_dcache_flush_all.o)
 .debug_pubnames
                0x00000c10       0x63 ../Module1Code_bsp/\libhal_bsp.a(alt_dev.o)
 .debug_pubnames
                0x00000c73       0x2b ../Module1Code_bsp/\libhal_bsp.a(alt_dev_llist_insert.o)
 .debug_pubnames
                0x00000c9e       0x20 ../Module1Code_bsp/\libhal_bsp.a(alt_do_ctors.o)
 .debug_pubnames
                0x00000cbe       0x20 ../Module1Code_bsp/\libhal_bsp.a(alt_do_dtors.o)
 .debug_pubnames
                0x00000cde       0x20 ../Module1Code_bsp/\libhal_bsp.a(alt_errno.o)
 .debug_pubnames
                0x00000cfe       0x23 ../Module1Code_bsp/\libhal_bsp.a(alt_find_dev.o)
 .debug_pubnames
                0x00000d21       0x2b ../Module1Code_bsp/\libhal_bsp.a(alt_icache_flush_all.o)
 .debug_pubnames
                0x00000d4c       0x6e ../Module1Code_bsp/\libhal_bsp.a(alt_iic.o)
 .debug_pubnames
                0x00000dba       0x2b ../Module1Code_bsp/\libhal_bsp.a(alt_iic_isr_register.o)
 .debug_pubnames
                0x00000de5       0x26 ../Module1Code_bsp/\libhal_bsp.a(alt_io_redirect.o)
 .debug_pubnames
                0x00000e0b       0x32 ../Module1Code_bsp/\libhal_bsp.a(alt_irq_handler.o)
 .debug_pubnames
                0x00000e3d       0x3b ../Module1Code_bsp/\libhal_bsp.a(alt_irq_vars.o)
 .debug_pubnames
                0x00000e78       0x1b ../Module1Code_bsp/\libhal_bsp.a(alt_open.o)
 .debug_pubnames
                0x00000e93       0x25 ../Module1Code_bsp/\libhal_bsp.a(alt_release_fd.o)
 .debug_pubnames
                0x00000eb8       0x31 ../Module1Code_bsp/\libhal_bsp.a(altera_nios2_qsys_irq.o)
 .debug_pubnames
                0x00000ee9       0x24 ../Module1Code_bsp/\libhal_bsp.a(alt_find_file.o)
 .debug_pubnames
                0x00000f0d       0x21 ../Module1Code_bsp/\libhal_bsp.a(alt_get_fd.o)
 .debug_pubnames
                0x00000f2e       0x27 ../Module1Code_bsp/\libhal_bsp.a(alt_icache_flush.o)
 .debug_pubnames
                0x00000f55       0x2a c:/altera/13.0sp1/nios2eds/bin/gnu/h-i686-mingw32/bin/../lib/gcc/nios2-elf/4.1.2/../../../../nios2-elf/lib\libc.a(lib_a-atexit.o)
 .debug_pubnames
                0x00000f7f       0x1b c:/altera/13.0sp1/nios2eds/bin/gnu/h-i686-mingw32/bin/../lib/gcc/nios2-elf/4.1.2/../../../../nios2-elf/lib\libc.a(lib_a-exit.o)
 .debug_pubnames
                0x00000f9a       0x1d c:/altera/13.0sp1/nios2eds/bin/gnu/h-i686-mingw32/bin/../lib/gcc/nios2-elf/4.1.2/../../../../nios2-elf/lib\libc.a(lib_a-memcmp.o)
 .debug_pubnames
                0x00000fb7       0x1d c:/altera/13.0sp1/nios2eds/bin/gnu/h-i686-mingw32/bin/../lib/gcc/nios2-elf/4.1.2/../../../../nios2-elf/lib\libc.a(lib_a-memcpy.o)
 .debug_pubnames
                0x00000fd4       0x1d c:/altera/13.0sp1/nios2eds/bin/gnu/h-i686-mingw32/bin/../lib/gcc/nios2-elf/4.1.2/../../../../nios2-elf/lib\libc.a(lib_a-strcmp.o)
 .debug_pubnames
                0x00000ff1       0x1d c:/altera/13.0sp1/nios2eds/bin/gnu/h-i686-mingw32/bin/../lib/gcc/nios2-elf/4.1.2/../../../../nios2-elf/lib\libc.a(lib_a-strlen.o)
 .debug_pubnames
                0x0000100e       0x2a c:/altera/13.0sp1/nios2eds/bin/gnu/h-i686-mingw32/bin/../lib/gcc/nios2-elf/4.1.2/../../../../nios2-elf/lib\libc.a(lib_a-__atexit.o)
 .debug_pubnames
                0x00001038       0x27 c:/altera/13.0sp1/nios2eds/bin/gnu/h-i686-mingw32/bin/../lib/gcc/nios2-elf/4.1.2/../../../../nios2-elf/lib\libc.a(lib_a-__call_atexit.o)
 .debug_pubnames
                0x0000105f       0x1c ../Module1Code_bsp/\libhal_bsp.a(alt_exit.o)

.debug_info     0x00000000    0x137fc
 *(.debug_info .gnu.linkonce.wi.*)
 .debug_info    0x00000000       0x81 ../Module1Code_bsp//obj/HAL/src/crt0.o
 .debug_info    0x00000081      0x427 obj/default/Source/Ball.o
 .debug_info    0x000004a8      0x1d2 obj/default/Source/Brick.o
 .debug_info    0x0000067a      0x993 obj/default/Source/Drawing.o
 .debug_info    0x0000100d        0x0 obj/default/Source/Game.o
 .debug_info    0x0000100d      0x202 obj/default/Source/Input.o
 .debug_info    0x0000120f      0x58c obj/default/Source/Interrupt.o
 .debug_info    0x0000179b      0x315 obj/default/Source/Level.o
 .debug_info    0x00001ab0      0x19c obj/default/Source/Paddle.o
 .debug_info    0x00001c4c      0x378 obj/default/entryPoint.o
 .debug_info    0x00001fc4      0x47f c:/altera/13.0sp1/nios2eds/bin/gnu/h-i686-mingw32/bin/../lib/gcc/nios2-elf/4.1.2\libgcc.a(_addsub_sf.o)
 .debug_info    0x00002443      0x391 c:/altera/13.0sp1/nios2eds/bin/gnu/h-i686-mingw32/bin/../lib/gcc/nios2-elf/4.1.2\libgcc.a(_div_sf.o)
 .debug_info    0x000027d4      0x290 c:/altera/13.0sp1/nios2eds/bin/gnu/h-i686-mingw32/bin/../lib/gcc/nios2-elf/4.1.2\libgcc.a(_gt_sf.o)
 .debug_info    0x00002a64      0x290 c:/altera/13.0sp1/nios2eds/bin/gnu/h-i686-mingw32/bin/../lib/gcc/nios2-elf/4.1.2\libgcc.a(_ge_sf.o)
 .debug_info    0x00002cf4      0x290 c:/altera/13.0sp1/nios2eds/bin/gnu/h-i686-mingw32/bin/../lib/gcc/nios2-elf/4.1.2\libgcc.a(_lt_sf.o)
 .debug_info    0x00002f84      0x290 c:/altera/13.0sp1/nios2eds/bin/gnu/h-i686-mingw32/bin/../lib/gcc/nios2-elf/4.1.2\libgcc.a(_le_sf.o)
 .debug_info    0x00003214      0x214 c:/altera/13.0sp1/nios2eds/bin/gnu/h-i686-mingw32/bin/../lib/gcc/nios2-elf/4.1.2\libgcc.a(_si_to_sf.o)
 .debug_info    0x00003428      0x2c1 c:/altera/13.0sp1/nios2eds/bin/gnu/h-i686-mingw32/bin/../lib/gcc/nios2-elf/4.1.2\libgcc.a(_sf_to_si.o)
 .debug_info    0x000036e9      0x164 c:/altera/13.0sp1/nios2eds/bin/gnu/h-i686-mingw32/bin/../lib/gcc/nios2-elf/4.1.2\libgcc.a(_thenan_sf.o)
 .debug_info    0x0000384d      0x21c c:/altera/13.0sp1/nios2eds/bin/gnu/h-i686-mingw32/bin/../lib/gcc/nios2-elf/4.1.2\libgcc.a(lib2-divmod.o)
 .debug_info    0x00003a69      0x130 c:/altera/13.0sp1/nios2eds/bin/gnu/h-i686-mingw32/bin/../lib/gcc/nios2-elf/4.1.2\libgcc.a(_clzsi2.o)
 .debug_info    0x00003b99      0x2f2 c:/altera/13.0sp1/nios2eds/bin/gnu/h-i686-mingw32/bin/../lib/gcc/nios2-elf/4.1.2\libgcc.a(_pack_sf.o)
 .debug_info    0x00003e8b      0x25a c:/altera/13.0sp1/nios2eds/bin/gnu/h-i686-mingw32/bin/../lib/gcc/nios2-elf/4.1.2\libgcc.a(_unpack_sf.o)
 .debug_info    0x000040e5      0x21f c:/altera/13.0sp1/nios2eds/bin/gnu/h-i686-mingw32/bin/../lib/gcc/nios2-elf/4.1.2\libgcc.a(_fpcmp_parts_sf.o)
 .debug_info    0x00004304       0xc9 c:/altera/13.0sp1/nios2eds/bin/gnu/h-i686-mingw32/bin/../lib/gcc/nios2-elf/4.1.2\libgcc.a(_clz.o)
 .debug_info    0x000043cd      0x96e c:/altera/13.0sp1/nios2eds/bin/gnu/h-i686-mingw32/bin/../lib/gcc/nios2-elf/4.1.2/../../../../nios2-elf/lib\libc.a(lib_a-malloc.o)
 .debug_info    0x00004d3b      0xcd0 c:/altera/13.0sp1/nios2eds/bin/gnu/h-i686-mingw32/bin/../lib/gcc/nios2-elf/4.1.2/../../../../nios2-elf/lib\libc.a(lib_a-mallocr.o)
 .debug_info    0x00005a0b      0x962 c:/altera/13.0sp1/nios2eds/bin/gnu/h-i686-mingw32/bin/../lib/gcc/nios2-elf/4.1.2/../../../../nios2-elf/lib\libc.a(lib_a-sbrkr.o)
 .debug_info    0x0000636d      0xbc9 c:/altera/13.0sp1/nios2eds/bin/gnu/h-i686-mingw32/bin/../lib/gcc/nios2-elf/4.1.2/../../../../nios2-elf/lib\libc.a(lib_a-freer.o)
 .debug_info    0x00006f36      0x93d c:/altera/13.0sp1/nios2eds/bin/gnu/h-i686-mingw32/bin/../lib/gcc/nios2-elf/4.1.2/../../../../nios2-elf/lib\libc.a(lib_a-impure.o)
 .debug_info    0x00007873       0x8c c:/altera/13.0sp1/nios2eds/bin/gnu/h-i686-mingw32/bin/../lib/gcc/nios2-elf/4.1.2/../../../../nios2-elf/lib\libc.a(lib_a-int_errno.o)
 .debug_info    0x000078ff      0x448 ../Module1Code_bsp/\libhal_bsp.a(alt_alarm_start.o)
 .debug_info    0x00007d47      0x293 ../Module1Code_bsp/\libhal_bsp.a(alt_load.o)
 .debug_info    0x00007fda      0x22b ../Module1Code_bsp/\libhal_bsp.a(alt_main.o)
 .debug_info    0x00008205      0xc1e ../Module1Code_bsp/\libhal_bsp.a(alt_malloc_lock.o)
 .debug_info    0x00008e23      0x2bd ../Module1Code_bsp/\libhal_bsp.a(alt_sbrk.o)
 .debug_info    0x000090e0      0x404 ../Module1Code_bsp/\libhal_bsp.a(alt_tick.o)
 .debug_info    0x000094e4      0x9c0 ../Module1Code_bsp/\libhal_bsp.a(alt_sys_init.o)
 .debug_info    0x00009ea4      0x7df ../Module1Code_bsp/\libhal_bsp.a(altera_avalon_jtag_uart_fd.o)
 .debug_info    0x0000a683      0x607 ../Module1Code_bsp/\libhal_bsp.a(altera_avalon_jtag_uart_init.o)
 .debug_info    0x0000ac8a      0x449 ../Module1Code_bsp/\libhal_bsp.a(altera_avalon_jtag_uart_ioctl.o)
 .debug_info    0x0000b0d3      0x54c ../Module1Code_bsp/\libhal_bsp.a(altera_avalon_jtag_uart_read.o)
 .debug_info    0x0000b61f      0x544 ../Module1Code_bsp/\libhal_bsp.a(altera_avalon_jtag_uart_write.o)
 .debug_info    0x0000bb63      0x391 ../Module1Code_bsp/\libhal_bsp.a(altera_avalon_timer_sc.o)
 .debug_info    0x0000bef4      0x698 ../Module1Code_bsp/\libhal_bsp.a(altera_up_avalon_video_character_buffer_with_dma.o)
 .debug_info    0x0000c58c      0xe84 ../Module1Code_bsp/\libhal_bsp.a(altera_up_avalon_video_pixel_buffer_dma.o)
 .debug_info    0x0000d410      0x46d ../Module1Code_bsp/\libhal_bsp.a(alt_close.o)
 .debug_info    0x0000d87d      0x175 ../Module1Code_bsp/\libhal_bsp.a(alt_dcache_flush_all.o)
 .debug_info    0x0000d9f2      0x685 ../Module1Code_bsp/\libhal_bsp.a(alt_dev.o)
 .debug_info    0x0000e077      0x2bd ../Module1Code_bsp/\libhal_bsp.a(alt_dev_llist_insert.o)
 .debug_info    0x0000e334      0x115 ../Module1Code_bsp/\libhal_bsp.a(alt_do_ctors.o)
 .debug_info    0x0000e449      0x114 ../Module1Code_bsp/\libhal_bsp.a(alt_do_dtors.o)
 .debug_info    0x0000e55d      0x16a ../Module1Code_bsp/\libhal_bsp.a(alt_errno.o)
 .debug_info    0x0000e6c7      0x41e ../Module1Code_bsp/\libhal_bsp.a(alt_find_dev.o)
 .debug_info    0x0000eae5      0x162 ../Module1Code_bsp/\libhal_bsp.a(alt_icache_flush_all.o)
 .debug_info    0x0000ec47      0x499 ../Module1Code_bsp/\libhal_bsp.a(alt_iic.o)
 .debug_info    0x0000f0e0      0x31a ../Module1Code_bsp/\libhal_bsp.a(alt_iic_isr_register.o)
 .debug_info    0x0000f3fa      0x69b ../Module1Code_bsp/\libhal_bsp.a(alt_io_redirect.o)
 .debug_info    0x0000fa95       0x8a ../Module1Code_bsp/\libhal_bsp.a(alt_irq_entry.o)
 .debug_info    0x0000fb1f      0x27b ../Module1Code_bsp/\libhal_bsp.a(alt_irq_handler.o)
 .debug_info    0x0000fd9a      0x16d ../Module1Code_bsp/\libhal_bsp.a(alt_irq_vars.o)
 .debug_info    0x0000ff07      0x52b ../Module1Code_bsp/\libhal_bsp.a(alt_open.o)
 .debug_info    0x00010432      0x3f8 ../Module1Code_bsp/\libhal_bsp.a(alt_release_fd.o)
 .debug_info    0x0001082a      0x169 ../Module1Code_bsp/\libhal_bsp.a(altera_nios2_qsys_irq.o)
 .debug_info    0x00010993       0x90 ../Module1Code_bsp/\libhal_bsp.a(alt_exception_entry.o)
 .debug_info    0x00010a23      0x425 ../Module1Code_bsp/\libhal_bsp.a(alt_find_file.o)
 .debug_info    0x00010e48      0x466 ../Module1Code_bsp/\libhal_bsp.a(alt_get_fd.o)
 .debug_info    0x000112ae      0x1aa ../Module1Code_bsp/\libhal_bsp.a(alt_icache_flush.o)
 .debug_info    0x00011458      0x181 c:/altera/13.0sp1/nios2eds/bin/gnu/h-i686-mingw32/bin/../lib/gcc/nios2-elf/4.1.2/../../../../nios2-elf/lib\libc.a(lib_a-atexit.o)
 .debug_info    0x000115d9      0x93f c:/altera/13.0sp1/nios2eds/bin/gnu/h-i686-mingw32/bin/../lib/gcc/nios2-elf/4.1.2/../../../../nios2-elf/lib\libc.a(lib_a-exit.o)
 .debug_info    0x00011f18      0x115 c:/altera/13.0sp1/nios2eds/bin/gnu/h-i686-mingw32/bin/../lib/gcc/nios2-elf/4.1.2/../../../../nios2-elf/lib\libc.a(lib_a-memcmp.o)
 .debug_info    0x0001202d      0x106 c:/altera/13.0sp1/nios2eds/bin/gnu/h-i686-mingw32/bin/../lib/gcc/nios2-elf/4.1.2/../../../../nios2-elf/lib\libc.a(lib_a-memcpy.o)
 .debug_info    0x00012133       0xdd c:/altera/13.0sp1/nios2eds/bin/gnu/h-i686-mingw32/bin/../lib/gcc/nios2-elf/4.1.2/../../../../nios2-elf/lib\libc.a(lib_a-strcmp.o)
 .debug_info    0x00012210       0xdb c:/altera/13.0sp1/nios2eds/bin/gnu/h-i686-mingw32/bin/../lib/gcc/nios2-elf/4.1.2/../../../../nios2-elf/lib\libc.a(lib_a-strlen.o)
 .debug_info    0x000122eb      0x99c c:/altera/13.0sp1/nios2eds/bin/gnu/h-i686-mingw32/bin/../lib/gcc/nios2-elf/4.1.2/../../../../nios2-elf/lib\libc.a(lib_a-__atexit.o)
 .debug_info    0x00012c87      0x9e2 c:/altera/13.0sp1/nios2eds/bin/gnu/h-i686-mingw32/bin/../lib/gcc/nios2-elf/4.1.2/../../../../nios2-elf/lib\libc.a(lib_a-__call_atexit.o)
 .debug_info    0x00013669      0x193 ../Module1Code_bsp/\libhal_bsp.a(alt_exit.o)

.debug_abbrev   0x00000000     0x4aa4
 *(.debug_abbrev)
 .debug_abbrev  0x00000000       0x12 ../Module1Code_bsp//obj/HAL/src/crt0.o
 .debug_abbrev  0x00000012       0x9a obj/default/Source/Ball.o
 .debug_abbrev  0x000000ac       0x91 obj/default/Source/Brick.o
 .debug_abbrev  0x0000013d      0x13b obj/default/Source/Drawing.o
 .debug_abbrev  0x00000278        0x1 obj/default/Source/Game.o
 .debug_abbrev  0x00000279       0xa0 obj/default/Source/Input.o
 .debug_abbrev  0x00000319      0x120 obj/default/Source/Interrupt.o
 .debug_abbrev  0x00000439       0x9a obj/default/Source/Level.o
 .debug_abbrev  0x000004d3       0x8e obj/default/Source/Paddle.o
 .debug_abbrev  0x00000561       0xb1 obj/default/entryPoint.o
 .debug_abbrev  0x00000612      0x1e1 c:/altera/13.0sp1/nios2eds/bin/gnu/h-i686-mingw32/bin/../lib/gcc/nios2-elf/4.1.2\libgcc.a(_addsub_sf.o)
 .debug_abbrev  0x000007f3      0x1e5 c:/altera/13.0sp1/nios2eds/bin/gnu/h-i686-mingw32/bin/../lib/gcc/nios2-elf/4.1.2\libgcc.a(_div_sf.o)
 .debug_abbrev  0x000009d8      0x151 c:/altera/13.0sp1/nios2eds/bin/gnu/h-i686-mingw32/bin/../lib/gcc/nios2-elf/4.1.2\libgcc.a(_gt_sf.o)
 .debug_abbrev  0x00000b29      0x151 c:/altera/13.0sp1/nios2eds/bin/gnu/h-i686-mingw32/bin/../lib/gcc/nios2-elf/4.1.2\libgcc.a(_ge_sf.o)
 .debug_abbrev  0x00000c7a      0x151 c:/altera/13.0sp1/nios2eds/bin/gnu/h-i686-mingw32/bin/../lib/gcc/nios2-elf/4.1.2\libgcc.a(_lt_sf.o)
 .debug_abbrev  0x00000dcb      0x151 c:/altera/13.0sp1/nios2eds/bin/gnu/h-i686-mingw32/bin/../lib/gcc/nios2-elf/4.1.2\libgcc.a(_le_sf.o)
 .debug_abbrev  0x00000f1c      0x13d c:/altera/13.0sp1/nios2eds/bin/gnu/h-i686-mingw32/bin/../lib/gcc/nios2-elf/4.1.2\libgcc.a(_si_to_sf.o)
 .debug_abbrev  0x00001059      0x176 c:/altera/13.0sp1/nios2eds/bin/gnu/h-i686-mingw32/bin/../lib/gcc/nios2-elf/4.1.2\libgcc.a(_sf_to_si.o)
 .debug_abbrev  0x000011cf       0xba c:/altera/13.0sp1/nios2eds/bin/gnu/h-i686-mingw32/bin/../lib/gcc/nios2-elf/4.1.2\libgcc.a(_thenan_sf.o)
 .debug_abbrev  0x00001289       0xe0 c:/altera/13.0sp1/nios2eds/bin/gnu/h-i686-mingw32/bin/../lib/gcc/nios2-elf/4.1.2\libgcc.a(lib2-divmod.o)
 .debug_abbrev  0x00001369       0xb9 c:/altera/13.0sp1/nios2eds/bin/gnu/h-i686-mingw32/bin/../lib/gcc/nios2-elf/4.1.2\libgcc.a(_clzsi2.o)
 .debug_abbrev  0x00001422      0x1aa c:/altera/13.0sp1/nios2eds/bin/gnu/h-i686-mingw32/bin/../lib/gcc/nios2-elf/4.1.2\libgcc.a(_pack_sf.o)
 .debug_abbrev  0x000015cc      0x158 c:/altera/13.0sp1/nios2eds/bin/gnu/h-i686-mingw32/bin/../lib/gcc/nios2-elf/4.1.2\libgcc.a(_unpack_sf.o)
 .debug_abbrev  0x00001724      0x132 c:/altera/13.0sp1/nios2eds/bin/gnu/h-i686-mingw32/bin/../lib/gcc/nios2-elf/4.1.2\libgcc.a(_fpcmp_parts_sf.o)
 .debug_abbrev  0x00001856       0x61 c:/altera/13.0sp1/nios2eds/bin/gnu/h-i686-mingw32/bin/../lib/gcc/nios2-elf/4.1.2\libgcc.a(_clz.o)
 .debug_abbrev  0x000018b7      0x187 c:/altera/13.0sp1/nios2eds/bin/gnu/h-i686-mingw32/bin/../lib/gcc/nios2-elf/4.1.2/../../../../nios2-elf/lib\libc.a(lib_a-malloc.o)
 .debug_abbrev  0x00001a3e      0x216 c:/altera/13.0sp1/nios2eds/bin/gnu/h-i686-mingw32/bin/../lib/gcc/nios2-elf/4.1.2/../../../../nios2-elf/lib\libc.a(lib_a-mallocr.o)
 .debug_abbrev  0x00001c54      0x18c c:/altera/13.0sp1/nios2eds/bin/gnu/h-i686-mingw32/bin/../lib/gcc/nios2-elf/4.1.2/../../../../nios2-elf/lib\libc.a(lib_a-sbrkr.o)
 .debug_abbrev  0x00001de0      0x1d9 c:/altera/13.0sp1/nios2eds/bin/gnu/h-i686-mingw32/bin/../lib/gcc/nios2-elf/4.1.2/../../../../nios2-elf/lib\libc.a(lib_a-freer.o)
 .debug_abbrev  0x00001fb9      0x157 c:/altera/13.0sp1/nios2eds/bin/gnu/h-i686-mingw32/bin/../lib/gcc/nios2-elf/4.1.2/../../../../nios2-elf/lib\libc.a(lib_a-impure.o)
 .debug_abbrev  0x00002110       0x3b c:/altera/13.0sp1/nios2eds/bin/gnu/h-i686-mingw32/bin/../lib/gcc/nios2-elf/4.1.2/../../../../nios2-elf/lib\libc.a(lib_a-int_errno.o)
 .debug_abbrev  0x0000214b      0x172 ../Module1Code_bsp/\libhal_bsp.a(alt_alarm_start.o)
 .debug_abbrev  0x000022bd       0x88 ../Module1Code_bsp/\libhal_bsp.a(alt_load.o)
 .debug_abbrev  0x00002345       0xb7 ../Module1Code_bsp/\libhal_bsp.a(alt_main.o)
 .debug_abbrev  0x000023fc      0x181 ../Module1Code_bsp/\libhal_bsp.a(alt_malloc_lock.o)
 .debug_abbrev  0x0000257d      0x115 ../Module1Code_bsp/\libhal_bsp.a(alt_sbrk.o)
 .debug_abbrev  0x00002692      0x150 ../Module1Code_bsp/\libhal_bsp.a(alt_tick.o)
 .debug_abbrev  0x000027e2      0x161 ../Module1Code_bsp/\libhal_bsp.a(alt_sys_init.o)
 .debug_abbrev  0x00002943       0xf7 ../Module1Code_bsp/\libhal_bsp.a(altera_avalon_jtag_uart_fd.o)
 .debug_abbrev  0x00002a3a      0x17c ../Module1Code_bsp/\libhal_bsp.a(altera_avalon_jtag_uart_init.o)
 .debug_abbrev  0x00002bb6       0xf0 ../Module1Code_bsp/\libhal_bsp.a(altera_avalon_jtag_uart_ioctl.o)
 .debug_abbrev  0x00002ca6      0x191 ../Module1Code_bsp/\libhal_bsp.a(altera_avalon_jtag_uart_read.o)
 .debug_abbrev  0x00002e37      0x18d ../Module1Code_bsp/\libhal_bsp.a(altera_avalon_jtag_uart_write.o)
 .debug_abbrev  0x00002fc4      0x137 ../Module1Code_bsp/\libhal_bsp.a(altera_avalon_timer_sc.o)
 .debug_abbrev  0x000030fb      0x111 ../Module1Code_bsp/\libhal_bsp.a(altera_up_avalon_video_character_buffer_with_dma.o)
 .debug_abbrev  0x0000320c      0x196 ../Module1Code_bsp/\libhal_bsp.a(altera_up_avalon_video_pixel_buffer_dma.o)
 .debug_abbrev  0x000033a2       0xfb ../Module1Code_bsp/\libhal_bsp.a(alt_close.o)
 .debug_abbrev  0x0000349d       0x57 ../Module1Code_bsp/\libhal_bsp.a(alt_dcache_flush_all.o)
 .debug_abbrev  0x000034f4       0xc7 ../Module1Code_bsp/\libhal_bsp.a(alt_dev.o)
 .debug_abbrev  0x000035bb       0xf6 ../Module1Code_bsp/\libhal_bsp.a(alt_dev_llist_insert.o)
 .debug_abbrev  0x000036b1       0x76 ../Module1Code_bsp/\libhal_bsp.a(alt_do_ctors.o)
 .debug_abbrev  0x00003727       0x76 ../Module1Code_bsp/\libhal_bsp.a(alt_do_dtors.o)
 .debug_abbrev  0x0000379d       0x5e ../Module1Code_bsp/\libhal_bsp.a(alt_errno.o)
 .debug_abbrev  0x000037fb       0xcf ../Module1Code_bsp/\libhal_bsp.a(alt_find_dev.o)
 .debug_abbrev  0x000038ca       0x3f ../Module1Code_bsp/\libhal_bsp.a(alt_icache_flush_all.o)
 .debug_abbrev  0x00003909      0x134 ../Module1Code_bsp/\libhal_bsp.a(alt_iic.o)
 .debug_abbrev  0x00003a3d      0x14e ../Module1Code_bsp/\libhal_bsp.a(alt_iic_isr_register.o)
 .debug_abbrev  0x00003b8b       0xf0 ../Module1Code_bsp/\libhal_bsp.a(alt_io_redirect.o)
 .debug_abbrev  0x00003c7b       0x12 ../Module1Code_bsp/\libhal_bsp.a(alt_irq_entry.o)
 .debug_abbrev  0x00003c8d      0x10c ../Module1Code_bsp/\libhal_bsp.a(alt_irq_handler.o)
 .debug_abbrev  0x00003d99       0x44 ../Module1Code_bsp/\libhal_bsp.a(alt_irq_vars.o)
 .debug_abbrev  0x00003ddd      0x112 ../Module1Code_bsp/\libhal_bsp.a(alt_open.o)
 .debug_abbrev  0x00003eef       0xc1 ../Module1Code_bsp/\libhal_bsp.a(alt_release_fd.o)
 .debug_abbrev  0x00003fb0       0x3f ../Module1Code_bsp/\libhal_bsp.a(altera_nios2_qsys_irq.o)
 .debug_abbrev  0x00003fef       0x12 ../Module1Code_bsp/\libhal_bsp.a(alt_exception_entry.o)
 .debug_abbrev  0x00004001       0xcf ../Module1Code_bsp/\libhal_bsp.a(alt_find_file.o)
 .debug_abbrev  0x000040d0       0xfb ../Module1Code_bsp/\libhal_bsp.a(alt_get_fd.o)
 .debug_abbrev  0x000041cb       0x7a ../Module1Code_bsp/\libhal_bsp.a(alt_icache_flush.o)
 .debug_abbrev  0x00004245       0xb7 c:/altera/13.0sp1/nios2eds/bin/gnu/h-i686-mingw32/bin/../lib/gcc/nios2-elf/4.1.2/../../../../nios2-elf/lib\libc.a(lib_a-atexit.o)
 .debug_abbrev  0x000042fc      0x16e c:/altera/13.0sp1/nios2eds/bin/gnu/h-i686-mingw32/bin/../lib/gcc/nios2-elf/4.1.2/../../../../nios2-elf/lib\libc.a(lib_a-exit.o)
 .debug_abbrev  0x0000446a       0x7c c:/altera/13.0sp1/nios2eds/bin/gnu/h-i686-mingw32/bin/../lib/gcc/nios2-elf/4.1.2/../../../../nios2-elf/lib\libc.a(lib_a-memcmp.o)
 .debug_abbrev  0x000044e6       0xb5 c:/altera/13.0sp1/nios2eds/bin/gnu/h-i686-mingw32/bin/../lib/gcc/nios2-elf/4.1.2/../../../../nios2-elf/lib\libc.a(lib_a-memcpy.o)
 .debug_abbrev  0x0000459b       0x80 c:/altera/13.0sp1/nios2eds/bin/gnu/h-i686-mingw32/bin/../lib/gcc/nios2-elf/4.1.2/../../../../nios2-elf/lib\libc.a(lib_a-strcmp.o)
 .debug_abbrev  0x0000461b       0x8b c:/altera/13.0sp1/nios2eds/bin/gnu/h-i686-mingw32/bin/../lib/gcc/nios2-elf/4.1.2/../../../../nios2-elf/lib\libc.a(lib_a-strlen.o)
 .debug_abbrev  0x000046a6      0x1ae c:/altera/13.0sp1/nios2eds/bin/gnu/h-i686-mingw32/bin/../lib/gcc/nios2-elf/4.1.2/../../../../nios2-elf/lib\libc.a(lib_a-__atexit.o)
 .debug_abbrev  0x00004854      0x1de c:/altera/13.0sp1/nios2eds/bin/gnu/h-i686-mingw32/bin/../lib/gcc/nios2-elf/4.1.2/../../../../nios2-elf/lib\libc.a(lib_a-__call_atexit.o)
 .debug_abbrev  0x00004a32       0x72 ../Module1Code_bsp/\libhal_bsp.a(alt_exit.o)

.debug_line     0x00000000     0xb0a3
 *(.debug_line)
 .debug_line    0x00000000       0x72 ../Module1Code_bsp//obj/HAL/src/crt0.o
 .debug_line    0x00000072      0x1dc obj/default/Source/Ball.o
 .debug_line    0x0000024e       0xd3 obj/default/Source/Brick.o
 .debug_line    0x00000321      0x36e obj/default/Source/Drawing.o
 .debug_line    0x0000068f       0x40 obj/default/Source/Game.o
 .debug_line    0x000006cf      0x150 obj/default/Source/Input.o
 .debug_line    0x0000081f      0x2bb obj/default/Source/Interrupt.o
 .debug_line    0x00000ada       0xf8 obj/default/Source/Level.o
 .debug_line    0x00000bd2       0xed obj/default/Source/Paddle.o
 .debug_line    0x00000cbf      0x189 obj/default/entryPoint.o
 .debug_line    0x00000e48      0x3af c:/altera/13.0sp1/nios2eds/bin/gnu/h-i686-mingw32/bin/../lib/gcc/nios2-elf/4.1.2\libgcc.a(_addsub_sf.o)
 .debug_line    0x000011f7      0x26a c:/altera/13.0sp1/nios2eds/bin/gnu/h-i686-mingw32/bin/../lib/gcc/nios2-elf/4.1.2\libgcc.a(_div_sf.o)
 .debug_line    0x00001461      0x121 c:/altera/13.0sp1/nios2eds/bin/gnu/h-i686-mingw32/bin/../lib/gcc/nios2-elf/4.1.2\libgcc.a(_gt_sf.o)
 .debug_line    0x00001582      0x121 c:/altera/13.0sp1/nios2eds/bin/gnu/h-i686-mingw32/bin/../lib/gcc/nios2-elf/4.1.2\libgcc.a(_ge_sf.o)
 .debug_line    0x000016a3      0x121 c:/altera/13.0sp1/nios2eds/bin/gnu/h-i686-mingw32/bin/../lib/gcc/nios2-elf/4.1.2\libgcc.a(_lt_sf.o)
 .debug_line    0x000017c4      0x121 c:/altera/13.0sp1/nios2eds/bin/gnu/h-i686-mingw32/bin/../lib/gcc/nios2-elf/4.1.2\libgcc.a(_le_sf.o)
 .debug_line    0x000018e5      0x187 c:/altera/13.0sp1/nios2eds/bin/gnu/h-i686-mingw32/bin/../lib/gcc/nios2-elf/4.1.2\libgcc.a(_si_to_sf.o)
 .debug_line    0x00001a6c      0x141 c:/altera/13.0sp1/nios2eds/bin/gnu/h-i686-mingw32/bin/../lib/gcc/nios2-elf/4.1.2\libgcc.a(_sf_to_si.o)
 .debug_line    0x00001bad       0x94 c:/altera/13.0sp1/nios2eds/bin/gnu/h-i686-mingw32/bin/../lib/gcc/nios2-elf/4.1.2\libgcc.a(_thenan_sf.o)
 .debug_line    0x00001c41      0x24f c:/altera/13.0sp1/nios2eds/bin/gnu/h-i686-mingw32/bin/../lib/gcc/nios2-elf/4.1.2\libgcc.a(lib2-divmod.o)
 .debug_line    0x00001e90      0x105 c:/altera/13.0sp1/nios2eds/bin/gnu/h-i686-mingw32/bin/../lib/gcc/nios2-elf/4.1.2\libgcc.a(_clzsi2.o)
 .debug_line    0x00001f95      0x1ca c:/altera/13.0sp1/nios2eds/bin/gnu/h-i686-mingw32/bin/../lib/gcc/nios2-elf/4.1.2\libgcc.a(_pack_sf.o)
 .debug_line    0x0000215f      0x197 c:/altera/13.0sp1/nios2eds/bin/gnu/h-i686-mingw32/bin/../lib/gcc/nios2-elf/4.1.2\libgcc.a(_unpack_sf.o)